Component: ARM Compiler 5.06 update 6 (build 750) Tool: armlink [4d35ed]

==============================================================================

Section Cross References

    startup_stm32l073xx.o(RESET) refers to startup_stm32l073xx.o(STACK) for __initial_sp
    startup_stm32l073xx.o(RESET) refers to startup_stm32l073xx.o(.text) for Reset_Handler
    startup_stm32l073xx.o(RESET) refers to stm32l0xx_it.o(i.NMI_Handler) for NMI_Handler
    startup_stm32l073xx.o(RESET) refers to stm32l0xx_it.o(i.HardFault_Handler) for HardFault_Handler
    startup_stm32l073xx.o(RESET) refers to stm32l0xx_it.o(i.SVC_Handler) for SVC_Handler
    startup_stm32l073xx.o(RESET) refers to stm32l0xx_it.o(i.PendSV_Handler) for PendSV_Handler
    startup_stm32l073xx.o(RESET) refers to clock.o(i.SysTick_Handler) for SysTick_Handler
    startup_stm32l073xx.o(RESET) refers to stm32l0xx_it.o(i.RTC_IRQHandler) for RTC_IRQHandler
    startup_stm32l073xx.o(RESET) refers to gpio-board.o(i.EXTI0_1_IRQHandler) for EXTI0_1_IRQHandler
    startup_stm32l073xx.o(RESET) refers to gpio-board.o(i.EXTI2_3_IRQHandler) for EXTI2_3_IRQHandler
    startup_stm32l073xx.o(RESET) refers to gpio-board.o(i.EXTI4_15_IRQHandler) for EXTI4_15_IRQHandler
    startup_stm32l073xx.o(RESET) refers to stm32l0xx_it.o(i.USART4_5_IRQHandler) for USART4_5_IRQHandler
    startup_stm32l073xx.o(RESET) refers to stm32l0xx_it.o(i.TIM2_IRQHandler) for TIM2_IRQHandler
    startup_stm32l073xx.o(RESET) refers to stm32l0xx_it.o(i.USART1_IRQHandler) for USART1_IRQHandler
    startup_stm32l073xx.o(RESET) refers to stm32l0xx_it.o(i.USART2_IRQHandler) for USART2_IRQHandler
    startup_stm32l073xx.o(.text) refers to system_stm32l0xx.o(i.SystemInit) for SystemInit
    startup_stm32l073xx.o(.text) refers to entry.o(.ARM.Collect$$$$00000000) for __main
    system_stm32l0xx.o(i.SystemCoreClockUpdate) refers to uidiv.o(.text) for __aeabi_uidivmod
    system_stm32l0xx.o(i.SystemCoreClockUpdate) refers to system_stm32l0xx.o(.data) for SystemCoreClock
    system_stm32l0xx.o(i.SystemCoreClockUpdate) refers to system_stm32l0xx.o(.constdata) for PLLMulTable
    stm32l0xx_hal.o(i.HAL_DeInit) refers to stm32l0xx_hal_msp_template.o(i.HAL_MspDeInit) for HAL_MspDeInit
    stm32l0xx_hal.o(i.HAL_Delay) refers to stm32l0xx_hal.o(i.HAL_GetTick) for HAL_GetTick
    stm32l0xx_hal.o(i.HAL_GetTick) refers to stm32l0xx_hal.o(.data) for uwTick
    stm32l0xx_hal.o(i.HAL_IncTick) refers to stm32l0xx_hal.o(.data) for uwTick
    stm32l0xx_hal.o(i.HAL_Init) refers to stm32l0xx_hal.o(i.HAL_InitTick) for HAL_InitTick
    stm32l0xx_hal.o(i.HAL_Init) refers to stm32l0xx_hal_msp_template.o(i.HAL_MspInit) for HAL_MspInit
    stm32l0xx_hal.o(i.HAL_InitTick) refers to uidiv.o(.text) for __aeabi_uidivmod
    stm32l0xx_hal.o(i.HAL_InitTick) refers to stm32l0xx_hal_cortex.o(i.HAL_SYSTICK_Config) for HAL_SYSTICK_Config
    stm32l0xx_hal.o(i.HAL_InitTick) refers to stm32l0xx_hal_cortex.o(i.HAL_NVIC_SetPriority) for HAL_NVIC_SetPriority
    stm32l0xx_hal.o(i.HAL_InitTick) refers to system_stm32l0xx.o(.data) for SystemCoreClock
    stm32l0xx_hal_adc.o(i.ADC_ConversionStop) refers to stm32l0xx_hal.o(i.HAL_GetTick) for HAL_GetTick
    stm32l0xx_hal_adc.o(i.ADC_DMAConvCplt) refers to stm32l0xx_hal_adc.o(i.HAL_ADC_ConvCpltCallback) for HAL_ADC_ConvCpltCallback
    stm32l0xx_hal_adc.o(i.ADC_DMAError) refers to stm32l0xx_hal_adc.o(i.HAL_ADC_ErrorCallback) for HAL_ADC_ErrorCallback
    stm32l0xx_hal_adc.o(i.ADC_DMAHalfConvCplt) refers to stm32l0xx_hal_adc.o(i.HAL_ADC_ConvHalfCpltCallback) for HAL_ADC_ConvHalfCpltCallback
    stm32l0xx_hal_adc.o(i.ADC_DelayMicroSecond) refers to uidiv.o(.text) for __aeabi_uidivmod
    stm32l0xx_hal_adc.o(i.ADC_DelayMicroSecond) refers to system_stm32l0xx.o(.data) for SystemCoreClock
    stm32l0xx_hal_adc.o(i.ADC_Disable) refers to stm32l0xx_hal.o(i.HAL_GetTick) for HAL_GetTick
    stm32l0xx_hal_adc.o(i.ADC_Enable) refers to stm32l0xx_hal_adc.o(i.ADC_DelayMicroSecond) for ADC_DelayMicroSecond
    stm32l0xx_hal_adc.o(i.ADC_Enable) refers to stm32l0xx_hal.o(i.HAL_GetTick) for HAL_GetTick
    stm32l0xx_hal_adc.o(i.HAL_ADC_ConfigChannel) refers to stm32l0xx_hal_adc.o(i.ADC_DelayMicroSecond) for ADC_DelayMicroSecond
    stm32l0xx_hal_adc.o(i.HAL_ADC_DeInit) refers to stm32l0xx_hal_adc.o(i.ADC_ConversionStop) for ADC_ConversionStop
    stm32l0xx_hal_adc.o(i.HAL_ADC_DeInit) refers to stm32l0xx_hal_adc.o(i.ADC_Disable) for ADC_Disable
    stm32l0xx_hal_adc.o(i.HAL_ADC_DeInit) refers to adc.o(i.HAL_ADC_MspDeInit) for HAL_ADC_MspDeInit
    stm32l0xx_hal_adc.o(i.HAL_ADC_IRQHandler) refers to stm32l0xx_hal_adc.o(i.HAL_ADC_ConvCpltCallback) for HAL_ADC_ConvCpltCallback
    stm32l0xx_hal_adc.o(i.HAL_ADC_IRQHandler) refers to stm32l0xx_hal_adc.o(i.HAL_ADC_LevelOutOfWindowCallback) for HAL_ADC_LevelOutOfWindowCallback
    stm32l0xx_hal_adc.o(i.HAL_ADC_IRQHandler) refers to stm32l0xx_hal_adc.o(i.HAL_ADC_ErrorCallback) for HAL_ADC_ErrorCallback
[...]
    i.HAL_RTC_Init                           0x08002d58   Section        0  stm32l0xx_hal_rtc.o(i.HAL_RTC_Init)
    i.HAL_RTC_MspInit                        0x08002e34   Section        0  rtc-board.o(i.HAL_RTC_MspInit)
    i.HAL_RTC_SetDate                        0x08002e54   Section        0  stm32l0xx_hal_rtc.o(i.HAL_RTC_SetDate)
    i.HAL_RTC_SetTime                        0x08002f84   Section        0  stm32l0xx_hal_rtc.o(i.HAL_RTC_SetTime)
    i.HAL_RTC_WaitForSynchro                 0x080030d8   Section        0  stm32l0xx_hal_rtc.o(i.HAL_RTC_WaitForSynchro)
    i.HAL_SPI_Init                           0x08003114   Section        0  stm32l0xx_hal_spi.o(i.HAL_SPI_Init)
    i.HAL_SPI_MspInit                        0x080031a4   Section        0  spi.o(i.HAL_SPI_MspInit)
    i.HAL_SPI_Receive                        0x08003204   Section        0  stm32l0xx_hal_spi.o(i.HAL_SPI_Receive)
    i.HAL_SPI_Transmit                       0x08003464   Section        0  stm32l0xx_hal_spi.o(i.HAL_SPI_Transmit)
    i.HAL_SPI_TransmitReceive                0x0800363e   Section        0  stm32l0xx_hal_spi.o(i.HAL_SPI_TransmitReceive)
    i.HAL_SYSTICK_CLKSourceConfig            0x080039bc   Section        0  stm32l0xx_hal_cortex.o(i.HAL_SYSTICK_CLKSourceConfig)
    i.HAL_SYSTICK_Callback                   0x080039e0   Section        0  stm32l0xx_hal_cortex.o(i.HAL_SYSTICK_Callback)
    i.HAL_SYSTICK_Config                     0x080039e4   Section        0  stm32l0xx_hal_cortex.o(i.HAL_SYSTICK_Config)
    i.HAL_SYSTICK_IRQHandler                 0x08003a1c   Section        0  stm32l0xx_hal_cortex.o(i.HAL_SYSTICK_IRQHandler)
    i.HAL_TIM_IC_CaptureCallback             0x08003a24   Section        0  stm32l0xx_hal_tim.o(i.HAL_TIM_IC_CaptureCallback)
    i.HAL_TIM_IRQHandler                     0x08003a26   Section        0  stm32l0xx_hal_tim.o(i.HAL_TIM_IRQHandler)
    i.HAL_TIM_OC_DelayElapsedCallback        0x08003ba2   Section        0  stm32l0xx_hal_tim.o(i.HAL_TIM_OC_DelayElapsedCallback)
    i.HAL_TIM_PWM_PulseFinishedCallback      0x08003ba4   Section        0  stm32l0xx_hal_tim.o(i.HAL_TIM_PWM_PulseFinishedCallback)
    i.HAL_TIM_PeriodElapsedCallback          0x08003ba6   Section        0  stm32l0xx_hal_tim.o(i.HAL_TIM_PeriodElapsedCallback)
    i.HAL_TIM_TriggerCallback                0x08003ba8   Section        0  stm32l0xx_hal_tim.o(i.HAL_TIM_TriggerCallback)
    i.HAL_UARTEx_WakeupCallback              0x08003baa   Section        0  stm32l0xx_hal_uart_ex.o(i.HAL_UARTEx_WakeupCallback)
    i.HAL_UART_ErrorCallback                 0x08003bac   Section        0  stm32l0xx_hal_uart.o(i.HAL_UART_ErrorCallback)
    i.HAL_UART_GetState                      0x08003bae   Section        0  stm32l0xx_hal_uart.o(i.HAL_UART_GetState)
    i.HAL_UART_IRQHandler                    0x08003bc4   Section        0  stm32l0xx_hal_uart.o(i.HAL_UART_IRQHandler)
    i.HAL_UART_Init                          0x08003d84   Section        0  stm32l0xx_hal_uart.o(i.HAL_UART_Init)
    i.HAL_UART_MspInit                       0x08003e08   Section        0  usart.o(i.HAL_UART_MspInit)
    i.HAL_UART_Receive_IT                    0x08003f00   Section        0  stm32l0xx_hal_uart.o(i.HAL_UART_Receive_IT)
    i.HAL_UART_RxCpltCallback                0x08003fec   Section        0  usart.o(i.HAL_UART_RxCpltCallback)
    i.HAL_UART_Transmit                      0x08003ffc   Section        0  stm32l0xx_hal_uart.o(i.HAL_UART_Transmit)
    i.HAL_UART_TxCpltCallback                0x080040ec   Section        0  stm32l0xx_hal_uart.o(i.HAL_UART_TxCpltCallback)
    i.HardFault_Handler                      0x080040f0   Section        0  stm32l0xx_it.o(i.HardFault_Handler)
    i.InitUartFifo                           0x08004108   Section        0  usart.o(i.InitUartFifo)
    i.LedInit                                0x08004140   Section        0  led.o(i.LedInit)
    i.LedOff                                 0x0800418c   Section        0  led.o(i.LedOff)
    i.LoRaPowerOff                           0x080041a0   Section        0  gpio.o(i.LoRaPowerOff)
    i.LoRaPowerOn                            0x080041b2   Section        0  gpio.o(i.LoRaPowerOn)
    i.LoRaPower_Init                         0x080041c4   Section        0  gpio.o(i.LoRaPower_Init)
    i.MX_ADC_Init                            0x08004208   Section        0  adc.o(i.MX_ADC_Init)
    i.MX_USART1_UART_Init                    0x08004268   Section        0  usart.o(i.MX_USART1_UART_Init)
    i.MX_USART2_UART_Init                    0x080042c8   Section        0  usart.o(i.MX_USART2_UART_Init)
    i.MX_USART5_UART_Init                    0x08004328   Section        0  usart.o(i.MX_USART5_UART_Init)
    i.NMI_Handler                            0x0800437c   Section        0  stm32l0xx_it.o(i.NMI_Handler)
    i.NVIC_SetPriority                       0x08004380   Section        0  stm32l0xx_hal_cortex.o(i.NVIC_SetPriority)
    NVIC_SetPriority                         0x08004381   Thumb Code   110  stm32l0xx_hal_cortex.o(i.NVIC_SetPriority)
    i.OpenExpenBox                           0x080043f8   Section        0  sensor.o(i.OpenExpenBox)
    OpenExpenBox                             0x080043f9   Thumb Code    46  sensor.o(i.OpenExpenBox)
    i.PendSV_Handler                         0x08004430   Section        0  stm32l0xx_it.o(i.PendSV_Handler)
    i.RCC_SetFlashLatencyFromMSIRange        0x08004434   Section        0  stm32l0xx_hal_rcc.o(i.RCC_SetFlashLatencyFromMSIRange)
    RCC_SetFlashLatencyFromMSIRange          0x08004435   Thumb Code   138  stm32l0xx_hal_rcc.o(i.RCC_SetFlashLatencyFromMSIRange)
    i.RS485CmdPackage                        0x080044cc   Section        0  sensor.o(i.RS485CmdPackage)
    RS485CmdPackage                          0x080044cd   Thumb Code   168  sensor.o(i.RS485CmdPackage)
    i.RTC_Bcd2ToByte                         0x08004578   Section        0  stm32l0xx_hal_rtc.o(i.RTC_Bcd2ToByte)
    i.RTC_ByteToBcd2                         0x08004592   Section        0  stm32l0xx_hal_rtc.o(i.RTC_ByteToBcd2)
    i.RTC_EnterInitMode                      0x080045ac   Section        0  stm32l0xx_hal_rtc.o(i.RTC_EnterInitMode)
    i.RTC_IRQHandler                         0x080045f0   Section        0  stm32l0xx_it.o(i.RTC_IRQHandler)
    i.ReadBattery                            0x08004608   Section        0  power.o(i.ReadBattery)
    i.Rs485ClsoePin                          0x0800470c   Section        0  rs485.o(i.Rs485ClsoePin)
    i.Rs485Cmd                               0x08004730   Section        0  rs485.o(i.Rs485Cmd)
    i.Rs485GetData                           0x08004850   Section        0  rs485.o(i.Rs485GetData)
    i.Rs485Init                              0x080048dc   Section        0  rs485.o(i.Rs485Init)
    i.Rs485OpenPin                           0x0800493c   Section        0  rs485.o(i.Rs485OpenPin)
    i.Rs485PinInit                           0x08004974   Section        0  rs485.o(i.Rs485PinInit)
    i.Rs485Print                             0x080049f4   Section        0  rs485.o(i.Rs485Print)
    i.RtcInit                                0x08004a6c   Section        0  rtc-board.o(i.RtcInit)
    i.SPI1_Init                              0x08004b1c   Section        0  spi.o(i.SPI1_Init)
    i.SPI1_NSS                               0x08004b80   Section        0  spi.o(i.SPI1_NSS)
    i.SPI1_Write                             0x08004be8   Section        0  spi.o(i.SPI1_Write)
    i.SPI_WaitOnFlagUntilTimeout             0x08004c24   Section        0  stm32l0xx_hal_spi.o(i.SPI_WaitOnFlagUntilTimeout)
    SPI_WaitOnFlagUntilTimeout               0x08004c25   Thumb Code   280  stm32l0xx_hal_spi.o(i.SPI_WaitOnFlagUntilTimeout)
    i.SVC_Handler                            0x08004d3c   Section        0  stm32l0xx_it.o(i.SVC_Handler)
    i.SX1276EXTI_Init                        0x08004d40   Section        0  gpio.o(i.SX1276EXTI_Init)
    i.SX1276GPIO_Init                        0x08004db8   Section        0  gpio.o(i.SX1276GPIO_Init)
    i.SX1276IoInit                           0x08004e04   Section        0  sx1276-board.o(i.SX1276IoInit)
    i.SX1276OnDio0Irq                        0x08004e10   Section        0  sx1276.o(i.SX1276OnDio0Irq)
    i.SX1276OnDio1Irq                        0x080051cc   Section        0  sx1276.o(i.SX1276OnDio1Irq)
    i.SX1276OnDio2Irq                        0x08005338   Section        0  sx1276.o(i.SX1276OnDio2Irq)
    i.SX1276Read                             0x0800547c   Section        0  sx1276.o(i.SX1276Read)
    i.SX1276ReadBuffer                       0x08005490   Section        0  sx1276.o(i.SX1276ReadBuffer)
    i.SX1276ReadFifo                         0x080054cc   Section        0  sx1276.o(i.SX1276ReadFifo)
    i.SX1276Write                            0x080054de   Section        0  sx1276.o(i.SX1276Write)
    i.SX1276WriteBuffer                      0x080054f0   Section        0  sx1276.o(i.SX1276WriteBuffer)
    i.SX1276WriteFifo                        0x08005530   Section        0  sx1276.o(i.SX1276WriteFifo)
    i.SensorCheckHandle                      0x08005544   Section        0  sensor.o(i.SensorCheckHandle)
    SensorCheckHandle                        0x08005545   Thumb Code    16  sensor.o(i.SensorCheckHandle)
    i.SensorDataProces                       0x0800555c   Section        0  sensor.o(i.SensorDataProces)
    SensorDataProces                         0x0800555d   Thumb Code  1626  sensor.o(i.SensorDataProces)
    i.SensorExpBoxAddr                       0x08005bd8   Section        0  sensor.o(i.SensorExpBoxAddr)
    SensorExpBoxAddr                         0x08005bd9   Thumb Code   854  sensor.o(i.SensorExpBoxAddr)
    i.SensorExpenData                        0x08005f6c   Section        0  sensor.o(i.SensorExpenData)
    SensorExpenData                          0x08005f6d   Thumb Code  1184  sensor.o(i.SensorExpenData)
    i.SensorExpenSigle                       0x0800641c   Section        0  sensor.o(i.SensorExpenSigle)
    SensorExpenSigle                         0x0800641d   Thumb Code  1152  sensor.o(i.SensorExpenSigle)
    i.SensorExpendBoxLive                    0x080068ac   Section        0  sensor.o(i.SensorExpendBoxLive)
    SensorExpendBoxLive                      0x080068ad   Thumb Code    78  sensor.o(i.SensorExpendBoxLive)
    i.SensorGetData                          0x08006904   Section        0  sensor.o(i.SensorGetData)
    SensorGetData                            0x08006905   Thumb Code    54  sensor.o(i.SensorGetData)
    i.SensorHandle                           0x08006940   Section        0  sensor.o(i.SensorHandle)
    SensorHandle                             0x08006941   Thumb Code    98  sensor.o(i.SensorHandle)
    i.SensorMaBoxData                        0x080069b8   Section        0  sensor.o(i.SensorMaBoxData)
    SensorMaBoxData                          0x080069b9   Thumb Code   762  sensor.o(i.SensorMaBoxData)
    i.SensorQueryPinStaus                    0x08006d18   Section        0  sensor.o(i.SensorQueryPinStaus)
    SensorQueryPinStaus                      0x08006d19   Thumb Code    82  sensor.o(i.SensorQueryPinStaus)
    i.SensorQueryType                        0x08006d80   Section        0  sensor.o(i.SensorQueryType)
    SensorQueryType                          0x08006d81   Thumb Code   704  sensor.o(i.SensorQueryType)
    i.SensorsInit                            0x0800706c   Section        0  sensor.o(i.SensorsInit)
    i.SetLedStates                           0x080070e4   Section        0  led.o(i.SetLedStates)
    i.SpiFlashCsInit                         0x080070f0   Section        0  user_spi_flash.o(i.SpiFlashCsInit)
    i.SpiFlashInit                           0x08007140   Section        0  user_spi_flash.o(i.SpiFlashInit)
    i.SpiFlashPowerDown                      0x08007154   Section        0  user_spi_flash.o(i.SpiFlashPowerDown)
    i.SpiFlashReadDeviceID                   0x08007178   Section        0  user_spi_flash.o(i.SpiFlashReadDeviceID)
    i.SpiFlashSendByte                       0x08007228   Section        0  user_spi_flash.o(i.SpiFlashSendByte)
    i.SpiFlashWAKEUP                         0x08007254   Section        0  user_spi_flash.o(i.SpiFlashWAKEUP)
    i.SysTick_Handler                        0x08007278   Section        0  clock.o(i.SysTick_Handler)
    i.SystemClockConfig                      0x080072d4   Section        0  board.o(i.SystemClockConfig)
    i.SystemInit                             0x08007364   Section        0  system_stm32l0xx.o(i.SystemInit)
    i.TIM2_IRQHandler                        0x080073cc   Section        0  stm32l0xx_it.o(i.TIM2_IRQHandler)
    i.UART_AdvFeatureConfig                  0x080073dc   Section        0  stm32l0xx_hal_uart.o(i.UART_AdvFeatureConfig)
    i.UART_CheckIdleState                    0x080074cc   Section        0  stm32l0xx_hal_uart.o(i.UART_CheckIdleState)
    i.UART_DMAAbortOnError                   0x08007540   Section        0  stm32l0xx_hal_uart.o(i.UART_DMAAbortOnError)
    UART_DMAAbortOnError                     0x08007541   Thumb Code    24  stm32l0xx_hal_uart.o(i.UART_DMAAbortOnError)
    i.UART_EndRxTransfer                     0x08007558   Section        0  stm32l0xx_hal_uart.o(i.UART_EndRxTransfer)
    UART_EndRxTransfer                       0x08007559   Thumb Code    34  stm32l0xx_hal_uart.o(i.UART_EndRxTransfer)
    i.UART_EndTransmit_IT                    0x0800757a   Section        0  stm32l0xx_hal_uart.o(i.UART_EndTransmit_IT)
    UART_EndTransmit_IT                      0x0800757b   Thumb Code    32  stm32l0xx_hal_uart.o(i.UART_EndTransmit_IT)
    i.UART_Receive_IT                        0x0800759a   Section        0  stm32l0xx_hal_uart.o(i.UART_Receive_IT)
    UART_Receive_IT                          0x0800759b   Thumb Code   144  stm32l0xx_hal_uart.o(i.UART_Receive_IT)
    i.UART_SetConfig                         0x0800762c   Section        0  stm32l0xx_hal_uart.o(i.UART_SetConfig)
    i.UART_Transmit_IT                       0x08007a1c   Section        0  stm32l0xx_hal_uart.o(i.UART_Transmit_IT)
    UART_Transmit_IT                         0x08007a1d   Thumb Code   114  stm32l0xx_hal_uart.o(i.UART_Transmit_IT)
    i.UART_WaitOnFlagUntilTimeout            0x08007a8e   Section        0  stm32l0xx_hal_uart.o(i.UART_WaitOnFlagUntilTimeout)
    i.USART1_IRQHandler                      0x08007b00   Section        0  stm32l0xx_it.o(i.USART1_IRQHandler)
    i.USART2_IRQHandler                      0x08007b58   Section        0  stm32l0xx_it.o(i.USART2_IRQHandler)
    i.USART4_5_IRQHandler                    0x08007bb0   Section        0  stm32l0xx_it.o(i.USART4_5_IRQHandler)
    i.UartReadByte                           0x08007bc0   Section        0  fifo_uart.o(i.UartReadByte)
    i.UartSendByte                           0x08007bdc   Section        0  fifo_uart.o(i.UartSendByte)
    i._12VPowerOff                           0x08007bf8   Section        0  rs485.o(i._12VPowerOff)
    i._12VPowerOn                            0x08007c18   Section        0  rs485.o(i._12VPowerOn)
    i.__0printf                              0x08007c38   Section        0  printfa.o(i.__0printf)
    i.__ARM_clz                              0x08007c58   Section        0  depilogue.o(i.__ARM_clz)
    i.__ARM_common_ll_muluu                  0x08007c86   Section        0  stm32l0xx_hal_uart.o(i.__ARM_common_ll_muluu)
    i.__scatterload_copy                     0x08007cb6   Section       14  handlers.o(i.__scatterload_copy)
    i.__scatterload_null                     0x08007cc4   Section        2  handlers.o(i.__scatterload_null)
    i.__scatterload_zeroinit                 0x08007cc6   Section       14  handlers.o(i.__scatterload_zeroinit)
    i.__set_PRIMASK                          0x08007cd4   Section        0  fifo_uart.o(i.__set_PRIMASK)
    __set_PRIMASK                            0x08007cd5   Thumb Code     6  fifo_uart.o(i.__set_PRIMASK)
    i._fp_digits                             0x08007cdc   Section        0  printfa.o(i._fp_digits)
    _fp_digits                               0x08007cdd   Thumb Code   344  printfa.o(i._fp_digits)
    i._printf_core                           0x08007e50   Section        0  printfa.o(i._printf_core)
    _printf_core                             0x08007e51   Thumb Code  1754  printfa.o(i._printf_core)
    i._printf_post_padding                   0x0800853c   Section        0  printfa.o(i._printf_post_padding)
    _printf_post_padding                     0x0800853d   Thumb Code    32  printfa.o(i._printf_post_padding)
    i._printf_pre_padding                    0x0800855c   Section        0  printfa.o(i._printf_pre_padding)
    _printf_pre_padding                      0x0800855d   Thumb Code    44  printfa.o(i._printf_pre_padding)
    i.clock_init                             0x08008588   Section        0  clock.o(i.clock_init)
    i.clock_time                             0x080085b0   Section        0  clock.o(i.clock_time)
    i.etimer_pending                         0x080085bc   Section        0  etimer_1.o(i.etimer_pending)
    i.etimer_request_poll                    0x080085d0   Section        0  etimer_1.o(i.etimer_request_poll)
    i.fputc                                  0x080085e0   Section        0  usart.o(i.fputc)
    i.main                                   0x080085fc   Section        0  usermain.o(i.main)
    i.memcpy1                                0x080086ac   Section        0  utilities.o(i.memcpy1)
    i.process_poll                           0x080086c4   Section        0  process_1.o(i.process_poll)
    i.process_post                           0x080086e4   Section        0  process_1.o(i.process_post)
    i.process_thread_etimer_process          0x08008758   Section        0  etimer_1.o(i.process_thread_etimer_process)
    process_thread_etimer_process            0x08008759   Thumb Code   228  etimer_1.o(i.process_thread_etimer_process)
    i.timer_expired                          0x08008840   Section        0  timer_1.o(i.timer_expired)
    i.update_time                            0x0800885c   Section        0  etimer_1.o(i.update_time)
    update_time                              0x0800885d   Thumb Code    70  etimer_1.o(i.update_time)
    .constdata                               0x080088ac   Section       33  system_stm32l0xx.o(.constdata)
    .constdata                               0x080088cd   Section       18  stm32l0xx_it.o(.constdata)
    __func__                                 0x080088cd   Data          18  stm32l0xx_it.o(.constdata)
    .conststring                             0x080088e0   Section       82  power.o(.conststring)
    .conststring                             0x08008934   Section       65  user_spi_flash.o(.conststring)
    .conststring                             0x08008978   Section     2207  sensor.o(.conststring)
    .conststring                             0x08009218   Section      209  sx1276.o(.conststring)
    .conststring                             0x080092ec   Section       12  etimer_1.o(.conststring)
    .data                                    0x20000000   Section        4  system_stm32l0xx.o(.data)
    .data                                    0x20000004   Section        4  stm32l0xx_hal.o(.data)
    .data                                    0x20000008   Section        1  led.o(.data)
    .data                                    0x2000000c   Section     1860  sensor.o(.data)
    .data                                    0x20000750   Section        7  sx1276.o(.data)
    opModePrev                               0x20000756   Data           1  sx1276.o(.data)
    .data                                    0x20000758   Section       16  clock.o(.data)
    current_clock                            0x20000758   Data           4  clock.o(.data)
    current_seconds                          0x2000075c   Data           4  clock.o(.data)
    second_countdown                         0x20000760   Data           4  clock.o(.data)
    .data                                    0x20000768   Section       24  etimer_1.o(.data)
    timerlist                                0x20000768   Data           4  etimer_1.o(.data)
    next_expiration                          0x2000076c   Data           4  etimer_1.o(.data)
    .data                                    0x20000780   Section       29  process_1.o(.data)
    lastevent                                0x20000788   Data           1  process_1.o(.data)
    nevents                                  0x20000789   Data           1  process_1.o(.data)
    fevent                                   0x2000078a   Data           1  process_1.o(.data)
    poll_requested                           0x2000078b   Data           1  process_1.o(.data)
    ev                                       0x2000078c   Data           1  process_1.o(.data)
    data                                     0x20000790   Data           4  process_1.o(.data)
    receiver                                 0x20000794   Data           4  process_1.o(.data)
    p                                        0x20000798   Data           4  process_1.o(.data)
    snum                                     0x2000079c   Data           1  process_1.o(.data)
    .data                                    0x200007a0   Section        4  stdout.o(.data)
    .bss                                     0x200007a4   Section     1636  usart.o(.bss)
    .bss                                     0x20000e08   Section      216  spi.o(.bss)
    .bss                                     0x20000ee0   Section       36  rtc-board.o(.bss)
    .bss                                     0x20000f04   Section       96  adc.o(.bss)
    .bss                                     0x20000f64   Section       88  rs485.o(.bss)
    .bss                                     0x20000fbc   Section     2936  sensor.o(.bss)
    .bss                                     0x20001b34   Section      412  sx1276.o(.bss)
    RxTxBuffer                               0x20001b34   Data         256  sx1276.o(.bss)
    .bss                                     0x20001cd0   Section      384  process_1.o(.bss)
    events                                   0x20001cd0   Data         384  process_1.o(.bss)
    .bss                                     0x20001e50   Section       56  rtimer-arch.o(.bss)
    STACK                                    0x20001e88   Section     1024  startup_stm32l073xx.o(STACK)

    Global Symbols

    Symbol Name                              Value     Ov Type        Size  Object(Section)

    BuildAttributes$$THM_ISAv3M$S$PE$A:L22$X:L11$S22$IEEE1$IW$USESV6$~STKCKD$USESV7$~SHL$OTIME$ROPI$IEEEJ$EBA8$MICROLIB$REQ8$PRES8$EABIv2 0x00000000   Number         0  anon$$obj.o ABSOLUTE
    __ARM_use_no_argv                        0x00000000   Number         0  usermain.o ABSOLUTE
    _printf_a                                0x00000000   Number         0  stubs.o ABSOLUTE
    _printf_c                                0x00000000   Number         0  stubs.o ABSOLUTE
    _printf_charcount                        0x00000000   Number         0  stubs.o ABSOLUTE
    _printf_d                                0x00000000   Number         0  stubs.o ABSOLUTE
    _printf_e                                0x00000000   Number         0  stubs.o ABSOLUTE
    _printf_f                                0x00000000   Number         0  stubs.o ABSOLUTE
    _printf_flags                            0x00000000   Number         0  stubs.o ABSOLUTE
    _printf_fp_dec                           0x00000000   Number         0  stubs.o ABSOLUTE
    _printf_fp_hex                           0x00000000   Number         0  stubs.o ABSOLUTE
    _printf_g                                0x00000000   Number         0  stubs.o ABSOLUTE
    _printf_i                                0x00000000   Number         0  stubs.o ABSOLUTE
    _printf_int_dec                          0x00000000   Number         0  stubs.o ABSOLUTE
    _printf_l                                0x00000000   Number         0  stubs.o ABSOLUTE
    _printf_lc                               0x00000000   Number         0  stubs.o ABSOLUTE
    _printf_ll                               0x00000000   Number         0  stubs.o ABSOLUTE
    _printf_lld                              0x00000000   Number         0  stubs.o ABSOLUTE
    _printf_lli                              0x00000000   Number         0  stubs.o ABSOLUTE
    _printf_llo                              0x00000000   Number         0  stubs.o ABSOLUTE
    _printf_llu                              0x00000000   Number         0  stubs.o ABSOLUTE
    _printf_llx                              0x00000000   Number         0  stubs.o ABSOLUTE
    _printf_longlong_dec                     0x00000000   Number         0  stubs.o ABSOLUTE
    _printf_longlong_hex                     0x00000000   Number         0  stubs.o ABSOLUTE
    _printf_longlong_oct                     0x00000000   Number         0  stubs.o ABSOLUTE
    _printf_ls                               0x00000000   Number         0  stubs.o ABSOLUTE
    _printf_mbtowc                           0x00000000   Number         0  stubs.o ABSOLUTE
    _printf_n                                0x00000000   Number         0  stubs.o ABSOLUTE
    _printf_o                                0x00000000   Number         0  stubs.o ABSOLUTE
    _printf_p                                0x00000000   Number         0  stubs.o ABSOLUTE
    _printf_percent                          0x00000000   Number         0  stubs.o ABSOLUTE
    _printf_pre_padding                      0x00000000   Number         0  stubs.o ABSOLUTE
    _printf_return_value                     0x00000000   Number         0  stubs.o ABSOLUTE
    _printf_s                                0x00000000   Number         0  stubs.o ABSOLUTE
    _printf_sizespec                         0x00000000   Number         0  stubs.o ABSOLUTE
    _printf_str                              0x00000000   Number         0  stubs.o ABSOLUTE
    _printf_truncate_signed                  0x00000000   Number         0  stubs.o ABSOLUTE
    _printf_truncate_unsigned                0x00000000   Number         0  stubs.o ABSOLUTE
    _printf_u                                0x00000000   Number         0  stubs.o ABSOLUTE
    _printf_wc                               0x00000000   Number         0  stubs.o ABSOLUTE
    _printf_wctomb                           0x00000000   Number         0  stubs.o ABSOLUTE
    _printf_widthprec                        0x00000000   Number         0  stubs.o ABSOLUTE
    _printf_x                                0x00000000   Number         0  stubs.o ABSOLUTE
    __cpp_initialize__aeabi_                  - Undefined Weak Reference
    __cxa_finalize                            - Undefined Weak Reference
    _clock_init                               - Undefined Weak Reference
    _microlib_exit                            - Undefined Weak Reference
    __Vectors_Size                           0x000000c0   Number         0  startup_stm32l073xx.o ABSOLUTE
    __Vectors                                0x08000000   Data           4  startup_stm32l073xx.o(RESET)
    __Vectors_End                            0x080000c0   Data           0  startup_stm32l073xx.o(RESET)
    __main                                   0x080000c1   Thumb Code     0  entry.o(.ARM.Collect$$$$00000000)
    _main_stk                                0x080000c1   Thumb Code     0  entry2.o(.ARM.Collect$$$$00000001)
    _main_scatterload                        0x080000c5   Thumb Code     0  entry5.o(.ARM.Collect$$$$00000004)
    __main_after_scatterload                 0x080000c9   Thumb Code     0  entry5.o(.ARM.Collect$$$$00000004)
    _main_clock                              0x080000c9   Thumb Code     0  entry7b.o(.ARM.Collect$$$$00000008)
    _main_cpp_init                           0x080000c9   Thumb Code     0  entry8b.o(.ARM.Collect$$$$0000000A)
    _main_init                               0x080000c9   Thumb Code     0  entry9a.o(.ARM.Collect$$$$0000000B)
    __rt_final_cpp                           0x080000d1   Thumb Code     0  entry10a.o(.ARM.Collect$$$$0000000D)
    __rt_final_exit                          0x080000d1   Thumb Code     0  entry11a.o(.ARM.Collect$$$$0000000F)
    Reset_Handler                            0x080000d5   Thumb Code     8  startup_stm32l073xx.o(.text)
    ADC1_COMP_IRQHandler                     0x080000e7   Thumb Code     0  startup_stm32l073xx.o(.text)
    DMA1_Channel1_IRQHandler                 0x080000e7   Thumb Code     0  startup_stm32l073xx.o(.text)
    DMA1_Channel2_3_IRQHandler               0x080000e7   Thumb Code     0  startup_stm32l073xx.o(.text)
    DMA1_Channel4_5_6_7_IRQHandler           0x080000e7   Thumb Code     0  startup_stm32l073xx.o(.text)
    FLASH_IRQHandler                         0x080000e7   Thumb Code     0  startup_stm32l073xx.o(.text)
    I2C1_IRQHandler                          0x080000e7   Thumb Code     0  startup_stm32l073xx.o(.text)
    I2C2_IRQHandler                          0x080000e7   Thumb Code     0  startup_stm32l073xx.o(.text)
    I2C3_IRQHandler                          0x080000e7   Thumb Code     0  startup_stm32l073xx.o(.text)
    LCD_IRQHandler                           0x080000e7   Thumb Code     0  startup_stm32l073xx.o(.text)
    LPTIM1_IRQHandler                        0x080000e7   Thumb Code     0  startup_stm32l073xx.o(.text)
    PVD_IRQHandler                           0x080000e7   Thumb Code     0  startup_stm32l073xx.o(.text)
    RCC_CRS_IRQHandler                       0x080000e7   Thumb Code     0  startup_stm32l073xx.o(.text)
    RNG_LPUART1_IRQHandler                   0x080000e7   Thumb Code     0  startup_stm32l073xx.o(.text)
    SPI1_IRQHandler                          0x080000e7   Thumb Code     0  startup_stm32l073xx.o(.text)
    SPI2_IRQHandler                          0x080000e7   Thumb Code     0  startup_stm32l073xx.o(.text)
    TIM21_IRQHandler                         0x080000e7   Thumb Code     0  startup_stm32l073xx.o(.text)
    TIM22_IRQHandler                         0x080000e7   Thumb Code     0  startup_stm32l073xx.o(.text)
    TIM3_IRQHandler                          0x080000e7   Thumb Code     0  startup_stm32l073xx.o(.text)
    TIM6_DAC_IRQHandler                      0x080000e7   Thumb Code     0  startup_stm32l073xx.o(.text)
    TIM7_IRQHandler                          0x080000e7   Thumb Code     0  startup_stm32l073xx.o(.text)
    TSC_IRQHandler                           0x080000e7   Thumb Code     0  startup_stm32l073xx.o(.text)
    USB_IRQHandler                           0x080000e7   Thumb Code     0  startup_stm32l073xx.o(.text)
    WWDG_IRQHandler                          0x080000e7   Thumb Code     0  startup_stm32l073xx.o(.text)
    __aeabi_uidiv                            0x080000f1   Thumb Code     0  uidiv.o(.text)
    __aeabi_uidivmod                         0x080000f1   Thumb Code    44  uidiv.o(.text)
    __aeabi_uldivmod                         0x0800011d   Thumb Code    96  uldiv.o(.text)
    __aeabi_memset                           0x0800017d   Thumb Code    14  memseta.o(.text)
    __aeabi_memset4                          0x0800017d   Thumb Code     0  memseta.o(.text)
    __aeabi_memset8                          0x0800017d   Thumb Code     0  memseta.o(.text)
    __aeabi_memclr                           0x0800018b   Thumb Code     4  memseta.o(.text)
    __aeabi_memclr4                          0x0800018b   Thumb Code     0  memseta.o(.text)
    __aeabi_memclr8                          0x0800018b   Thumb Code     0  memseta.o(.text)
    _memset$wrapper                          0x0800018f   Thumb Code    18  memseta.o(.text)
    __aeabi_fadd                             0x080001a1   Thumb Code   162  fadd.o(.text)
    __aeabi_fsub                             0x08000243   Thumb Code     8  fadd.o(.text)
    __aeabi_frsub                            0x0800024b   Thumb Code     8  fadd.o(.text)
    __aeabi_fmul                             0x08000253   Thumb Code   122  fmul.o(.text)
    __aeabi_fdiv                             0x080002cd   Thumb Code   124  fdiv.o(.text)
    __aeabi_dadd                             0x08000349   Thumb Code   328  dadd.o(.text)
    __aeabi_dsub                             0x08000491   Thumb Code    12  dadd.o(.text)
    __aeabi_drsub                            0x0800049d   Thumb Code    12  dadd.o(.text)
    __aeabi_dmul                             0x080004ad   Thumb Code   202  dmul.o(.text)
    __aeabi_ddiv                             0x0800057d   Thumb Code   234  ddiv.o(.text)
    __aeabi_ui2f                             0x0800066d   Thumb Code    14  ffltui.o(.text)
    __aeabi_i2d                              0x0800067d   Thumb Code    34  dflti.o(.text)
    __aeabi_f2iz                             0x080006a5   Thumb Code    50  ffixi.o(.text)
    __aeabi_d2iz                             0x080006d9   Thumb Code    62  dfixi.o(.text)
    __aeabi_f2d                              0x08000721   Thumb Code    40  f2d.o(.text)
    __aeabi_cdrcmple                         0x08000749   Thumb Code    38  cdrcmple.o(.text)
    __aeabi_llsl                             0x08000771   Thumb Code    32  llshl.o(.text)
    _ll_shift_l                              0x08000771   Thumb Code     0  llshl.o(.text)
    __aeabi_llsr                             0x08000791   Thumb Code    34  llushr.o(.text)
    _ll_ushift_r                             0x08000791   Thumb Code     0  llushr.o(.text)
    __aeabi_lasr                             0x080007b3   Thumb Code    38  llsshr.o(.text)
    _ll_sshift_r                             0x080007b3   Thumb Code     0  llsshr.o(.text)
    __I$use$fp                               0x080007d9   Thumb Code     0  iusefp.o(.text)
    _float_round                             0x080007d9   Thumb Code    16  fepilogue.o(.text)
    _float_epilogue                          0x080007e9   Thumb Code   114  fepilogue.o(.text)
    _double_round                            0x0800085b   Thumb Code    26  depilogue.o(.text)
    _double_epilogue                         0x08000875   Thumb Code   164  depilogue.o(.text)
    __aeabi_d2ulz                            0x08000919   Thumb Code    54  dfixul.o(.text)
    __scatterload                            0x08000959   Thumb Code    28  init.o(.text)
    __scatterload_rt2                        0x08000959   Thumb Code     0  init.o(.text)
    __decompress                             0x0800097d   Thumb Code     0  __dczerorl2.o(.text)
    __decompress1                            0x0800097d   Thumb Code    86  __dczerorl2.o(.text)
    AdcReadParameter                         0x08000bad   Thumb Code   130  adc.o(i.AdcReadParameter)
    BatDisableCharge                         0x08000c39   Thumb Code    14  power.o(i.BatDisableCharge)
    BatEnableCharge                          0x08000c4d   Thumb Code    16  power.o(i.BatEnableCharge)
    BatteryInit                              0x08000c61   Thumb Code    58  power.o(i.BatteryInit)
    BoardInitMcu                             0x08000ca1   Thumb Code   182  board.o(i.BoardInitMcu)
    CalcCRC16                                0x08000d6d   Thumb Code    68  rs485.o(i.CalcCRC16)
    CheckBattery                             0x08000db9   Thumb Code   180  power.o(i.CheckBattery)
    EXTI0_1_IRQHandler                       0x08000e89   Thumb Code    10  gpio-board.o(i.EXTI0_1_IRQHandler)
    EXTI2_3_IRQHandler                       0x08000e93   Thumb Code    10  gpio-board.o(i.EXTI2_3_IRQHandler)
    EXTI4_15_IRQHandler                      0x08000e9d   Thumb Code    92  gpio-board.o(i.EXTI4_15_IRQHandler)
    Error_Handler                            0x08000ef9   Thumb Code    12  usermain.o(i.Error_Handler)
    FIFO_UartEnableRxIT                      0x08000f31   Thumb Code    24  fifo_uart.o(i.FIFO_UartEnableRxIT)
    FIFO_UartIRQ                             0x08000f49   Thumb Code   200  fifo_uart.o(i.FIFO_UartIRQ)
    FIFO_UartReadByte                        0x08001011   Thumb Code    86  fifo_uart.o(i.FIFO_UartReadByte)
    FIFO_UartVarInit                         0x08001067   Thumb Code    50  fifo_uart.o(i.FIFO_UartVarInit)
    GpioWrite                                0x080010ad   Thumb Code    20  gpio.o(i.GpioWrite)
    HAL_ADCEx_Calibration_Start              0x080010c1   Thumb Code   216  stm32l0xx_hal_adc_ex.o(i.HAL_ADCEx_Calibration_Start)
    HAL_ADC_ConfigChannel                    0x08001199   Thumb Code   306  stm32l0xx_hal_adc.o(i.HAL_ADC_ConfigChannel)
    HAL_ADC_GetState                         0x080012e1   Thumb Code     6  stm32l0xx_hal_adc.o(i.HAL_ADC_GetState)
    HAL_ADC_GetValue                         0x080012e7   Thumb Code     8  stm32l0xx_hal_adc.o(i.HAL_ADC_GetValue)
    HAL_ADC_Init                             0x080012f1   Thumb Code   554  stm32l0xx_hal_adc.o(i.HAL_ADC_Init)
    HAL_ADC_MspInit                          0x08001525   Thumb Code    52  adc.o(i.HAL_ADC_MspInit)
    HAL_ADC_PollForConversion                0x08001561   Thumb Code   232  stm32l0xx_hal_adc.o(i.HAL_ADC_PollForConversion)
    HAL_ADC_Start                            0x08001649   Thumb Code   114  stm32l0xx_hal_adc.o(i.HAL_ADC_Start)
    HAL_ADC_Stop                             0x080016c1   Thumb Code    80  stm32l0xx_hal_adc.o(i.HAL_ADC_Stop)
    HAL_DMA_Abort_IT                         0x08001711   Thumb Code   174  stm32l0xx_hal_dma.o(i.HAL_DMA_Abort_IT)
    HAL_Delay                                0x080017c5   Thumb Code    26  stm32l0xx_hal.o(i.HAL_Delay)
    HAL_GPIO_EXTI_Callback                   0x080017e1   Thumb Code    50  gpio-board.o(i.HAL_GPIO_EXTI_Callback)
    HAL_GPIO_EXTI_IRQHandler                 0x0800183d   Thumb Code    26  stm32l0xx_hal_gpio.o(i.HAL_GPIO_EXTI_IRQHandler)
    HAL_GPIO_Init                            0x0800185d   Thumb Code   472  stm32l0xx_hal_gpio.o(i.HAL_GPIO_Init)
    HAL_GPIO_ReadPin                         0x08001a55   Thumb Code    18  stm32l0xx_hal_gpio.o(i.HAL_GPIO_ReadPin)
    HAL_GPIO_WritePin                        0x08001a67   Thumb Code    12  stm32l0xx_hal_gpio.o(i.HAL_GPIO_WritePin)
    HAL_GetTick                              0x08001a75   Thumb Code     6  stm32l0xx_hal.o(i.HAL_GetTick)
    HAL_IncTick                              0x08001a81   Thumb Code    12  stm32l0xx_hal.o(i.HAL_IncTick)
    HAL_Init                                 0x08001a91   Thumb Code    28  stm32l0xx_hal.o(i.HAL_Init)
    HAL_InitTick                             0x08001ab1   Thumb Code    36  stm32l0xx_hal.o(i.HAL_InitTick)
    HAL_MspInit                              0x08001ad9   Thumb Code    58  stm32l0xx_hal_msp_template.o(i.HAL_MspInit)
    HAL_NVIC_EnableIRQ                       0x08001b19   Thumb Code    18  stm32l0xx_hal_cortex.o(i.HAL_NVIC_EnableIRQ)
    HAL_NVIC_SetPriority                     0x08001b31   Thumb Code    18  stm32l0xx_hal_cortex.o(i.HAL_NVIC_SetPriority)
    HAL_RCCEx_GetPeriphCLKFreq               0x08001b45   Thumb Code   866  stm32l0xx_hal_rcc_ex.o(i.HAL_RCCEx_GetPeriphCLKFreq)
    HAL_RCCEx_PeriphCLKConfig                0x08001ed1   Thumb Code   672  stm32l0xx_hal_rcc_ex.o(i.HAL_RCCEx_PeriphCLKConfig)
    HAL_RCC_ClockConfig                      0x0800217d   Thumb Code   482  stm32l0xx_hal_rcc.o(i.HAL_RCC_ClockConfig)
    HAL_RCC_GetHCLKFreq                      0x08002375   Thumb Code     6  stm32l0xx_hal_rcc.o(i.HAL_RCC_GetHCLKFreq)
    HAL_RCC_GetPCLK1Freq                     0x08002381   Thumb Code    26  stm32l0xx_hal_rcc.o(i.HAL_RCC_GetPCLK1Freq)
    HAL_RCC_GetPCLK2Freq                     0x080023a5   Thumb Code    26  stm32l0xx_hal_rcc.o(i.HAL_RCC_GetPCLK2Freq)
    HAL_RCC_GetSysClockFreq                  0x080023c9   Thumb Code   206  stm32l0xx_hal_rcc.o(i.HAL_RCC_GetSysClockFreq)
    HAL_RCC_OscConfig                        0x080024ad   Thumb Code  1732  stm32l0xx_hal_rcc.o(i.HAL_RCC_OscConfig)
    HAL_RTCEx_AlarmBEventCallback            0x08002b81   Thumb Code     2  stm32l0xx_hal_rtc_ex.o(i.HAL_RTCEx_AlarmBEventCallback)
    HAL_RTCEx_BKUPRead                       0x08002b83   Thumb Code    18  stm32l0xx_hal_rtc_ex.o(i.HAL_RTCEx_BKUPRead)
    HAL_RTCEx_BKUPWrite                      0x08002b95   Thumb Code    18  stm32l0xx_hal_rtc_ex.o(i.HAL_RTCEx_BKUPWrite)
    HAL_RTC_AlarmAEventCallback              0x08002ba9   Thumb Code    14  stm32l0xx_it.o(i.HAL_RTC_AlarmAEventCallback)
    HAL_RTC_AlarmIRQHandler                  0x08002bbd   Thumb Code   124  stm32l0xx_hal_rtc.o(i.HAL_RTC_AlarmIRQHandler)
    HAL_RTC_DeactivateAlarm                  0x08002c45   Thumb Code   274  stm32l0xx_hal_rtc.o(i.HAL_RTC_DeactivateAlarm)
    HAL_RTC_Init                             0x08002d59   Thumb Code   202  stm32l0xx_hal_rtc.o(i.HAL_RTC_Init)
    HAL_RTC_MspInit                          0x08002e35   Thumb Code    24  rtc-board.o(i.HAL_RTC_MspInit)
    HAL_RTC_SetDate                          0x08002e55   Thumb Code   298  stm32l0xx_hal_rtc.o(i.HAL_RTC_SetDate)
    HAL_RTC_SetTime                          0x08002f85   Thumb Code   336  stm32l0xx_hal_rtc.o(i.HAL_RTC_SetTime)
    HAL_RTC_WaitForSynchro                   0x080030d9   Thumb Code    60  stm32l0xx_hal_rtc.o(i.HAL_RTC_WaitForSynchro)
    HAL_SPI_Init                             0x08003115   Thumb Code   142  stm32l0xx_hal_spi.o(i.HAL_SPI_Init)
    HAL_SPI_MspInit                          0x080031a5   Thumb Code    88  spi.o(i.HAL_SPI_MspInit)
    HAL_SPI_Receive                          0x08003205   Thumb Code   608  stm32l0xx_hal_spi.o(i.HAL_SPI_Receive)
    HAL_SPI_Transmit                         0x08003465   Thumb Code   474  stm32l0xx_hal_spi.o(i.HAL_SPI_Transmit)
    HAL_SPI_TransmitReceive                  0x0800363f   Thumb Code   894  stm32l0xx_hal_spi.o(i.HAL_SPI_TransmitReceive)
    HAL_SYSTICK_CLKSourceConfig              0x080039bd   Thumb Code    32  stm32l0xx_hal_cortex.o(i.HAL_SYSTICK_CLKSourceConfig)
    HAL_SYSTICK_Callback                     0x080039e1   Thumb Code     2  stm32l0xx_hal_cortex.o(i.HAL_SYSTICK_Callback)
    HAL_SYSTICK_Config                       0x080039e5   Thumb Code    46  stm32l0xx_hal_cortex.o(i.HAL_SYSTICK_Config)
    HAL_SYSTICK_IRQHandler                   0x08003a1d   Thumb Code     8  stm32l0xx_hal_cortex.o(i.HAL_SYSTICK_IRQHandler)
    HAL_TIM_IC_CaptureCallback               0x08003a25   Thumb Code     2  stm32l0xx_hal_tim.o(i.HAL_TIM_IC_CaptureCallback)
    HAL_TIM_IRQHandler                       0x08003a27   Thumb Code   380  stm32l0xx_hal_tim.o(i.HAL_TIM_IRQHandler)
    HAL_TIM_OC_DelayElapsedCallback          0x08003ba3   Thumb Code     2  stm32l0xx_hal_tim.o(i.HAL_TIM_OC_DelayElapsedCallback)
    HAL_TIM_PWM_PulseFinishedCallback        0x08003ba5   Thumb Code     2  stm32l0xx_hal_tim.o(i.HAL_TIM_PWM_PulseFinishedCallback)
    HAL_TIM_PeriodElapsedCallback            0x08003ba7   Thumb Code     2  stm32l0xx_hal_tim.o(i.HAL_TIM_PeriodElapsedCallback)
    HAL_TIM_TriggerCallback                  0x08003ba9   Thumb Code     2  stm32l0xx_hal_tim.o(i.HAL_TIM_TriggerCallback)
    HAL_UARTEx_WakeupCallback                0x08003bab   Thumb Code     2  stm32l0xx_hal_uart_ex.o(i.HAL_UARTEx_WakeupCallback)
    HAL_UART_ErrorCallback                   0x08003bad   Thumb Code     2  stm32l0xx_hal_uart.o(i.HAL_UART_ErrorCallback)
    HAL_UART_GetState                        0x08003baf   Thumb Code    20  stm32l0xx_hal_uart.o(i.HAL_UART_GetState)
    HAL_UART_IRQHandler                      0x08003bc5   Thumb Code   444  stm32l0xx_hal_uart.o(i.HAL_UART_IRQHandler)
    HAL_UART_Init                            0x08003d85   Thumb Code   130  stm32l0xx_hal_uart.o(i.HAL_UART_Init)
    HAL_UART_MspInit                         0x08003e09   Thumb Code   224  usart.o(i.HAL_UART_MspInit)
    HAL_UART_Receive_IT                      0x08003f01   Thumb Code   230  stm32l0xx_hal_uart.o(i.HAL_UART_Receive_IT)
    HAL_UART_RxCpltCallback                  0x08003fed   Thumb Code    12  usart.o(i.HAL_UART_RxCpltCallback)
    HAL_UART_Transmit                        0x08003ffd   Thumb Code   240  stm32l0xx_hal_uart.o(i.HAL_UART_Transmit)
    HAL_UART_TxCpltCallback                  0x080040ed   Thumb Code     2  stm32l0xx_hal_uart.o(i.HAL_UART_TxCpltCallback)
    HardFault_Handler                        0x080040f1   Thumb Code    12  stm32l0xx_it.o(i.HardFault_Handler)
    InitUartFifo                             0x08004109   Thumb Code    40  usart.o(i.InitUartFifo)
    LedInit                                  0x08004141   Thumb Code    68  led.o(i.LedInit)
    LedOff                                   0x0800418d   Thumb Code    16  led.o(i.LedOff)
    LoRaPowerOff                             0x080041a1   Thumb Code    18  gpio.o(i.LoRaPowerOff)
    LoRaPowerOn                              0x080041b3   Thumb Code    16  gpio.o(i.LoRaPowerOn)
    LoRaPower_Init                           0x080041c5   Thumb Code    64  gpio.o(i.LoRaPower_Init)
    MX_ADC_Init                              0x08004209   Thumb Code    88  adc.o(i.MX_ADC_Init)
    MX_USART1_UART_Init                      0x08004269   Thumb Code    84  usart.o(i.MX_USART1_UART_Init)
    MX_USART2_UART_Init                      0x080042c9   Thumb Code    84  usart.o(i.MX_USART2_UART_Init)
    MX_USART5_UART_Init                      0x08004329   Thumb Code    74  usart.o(i.MX_USART5_UART_Init)
    NMI_Handler                              0x0800437d   Thumb Code     2  stm32l0xx_it.o(i.NMI_Handler)
    PendSV_Handler                           0x08004431   Thumb Code     2  stm32l0xx_it.o(i.PendSV_Handler)
    RTC_Bcd2ToByte                           0x08004579   Thumb Code    26  stm32l0xx_hal_rtc.o(i.RTC_Bcd2ToByte)
    RTC_ByteToBcd2                           0x08004593   Thumb Code    26  stm32l0xx_hal_rtc.o(i.RTC_ByteToBcd2)
    RTC_EnterInitMode                        0x080045ad   Thumb Code    66  stm32l0xx_hal_rtc.o(i.RTC_EnterInitMode)
    RTC_IRQHandler                           0x080045f1   Thumb Code    20  stm32l0xx_it.o(i.RTC_IRQHandler)
    ReadBattery                              0x08004609   Thumb Code   110  power.o(i.ReadBattery)
    Rs485ClsoePin                            0x0800470d   Thumb Code    32  rs485.o(i.Rs485ClsoePin)
    Rs485Cmd                                 0x08004731   Thumb Code   250  rs485.o(i.Rs485Cmd)
    Rs485GetData                             0x08004851   Thumb Code    74  rs485.o(i.Rs485GetData)
    Rs485Init                                0x080048dd   Thumb Code    54  rs485.o(i.Rs485Init)
    Rs485OpenPin                             0x0800493d   Thumb Code    50  rs485.o(i.Rs485OpenPin)
    Rs485PinInit                             0x08004975   Thumb Code   116  rs485.o(i.Rs485PinInit)
    Rs485Print                               0x080049f5   Thumb Code    56  rs485.o(i.Rs485Print)
    RtcInit                                  0x08004a6d   Thumb Code   158  rtc-board.o(i.RtcInit)
    SPI1_Init                                0x08004b1d   Thumb Code    68  spi.o(i.SPI1_Init)
    SPI1_NSS                                 0x08004b81   Thumb Code   100  spi.o(i.SPI1_NSS)
    SPI1_Write                               0x08004be9   Thumb Code    34  spi.o(i.SPI1_Write)
    SVC_Handler                              0x08004d3d   Thumb Code     2  stm32l0xx_it.o(i.SVC_Handler)
    SX1276EXTI_Init                          0x08004d41   Thumb Code   104  gpio.o(i.SX1276EXTI_Init)
    SX1276GPIO_Init                          0x08004db9   Thumb Code    68  gpio.o(i.SX1276GPIO_Init)
    SX1276IoInit                             0x08004e05   Thumb Code    12  sx1276-board.o(i.SX1276IoInit)
    SX1276OnDio0Irq                          0x08004e11   Thumb Code   906  sx1276.o(i.SX1276OnDio0Irq)
    SX1276OnDio1Irq                          0x080051cd   Thumb Code   352  sx1276.o(i.SX1276OnDio1Irq)
    SX1276OnDio2Irq                          0x08005339   Thumb Code   312  sx1276.o(i.SX1276OnDio2Irq)
    SX1276Read                               0x0800547d   Thumb Code    20  sx1276.o(i.SX1276Read)
    SX1276ReadBuffer                         0x08005491   Thumb Code    56  sx1276.o(i.SX1276ReadBuffer)
    SX1276ReadFifo                           0x080054cd   Thumb Code    18  sx1276.o(i.SX1276ReadFifo)
    SX1276Write                              0x080054df   Thumb Code    16  sx1276.o(i.SX1276Write)
    SX1276WriteBuffer                        0x080054f1   Thumb Code    58  sx1276.o(i.SX1276WriteBuffer)
    SX1276WriteFifo                          0x08005531   Thumb Code    18  sx1276.o(i.SX1276WriteFifo)
    SensorsInit                              0x0800706d   Thumb Code    64  sensor.o(i.SensorsInit)
    SetLedStates                             0x080070e5   Thumb Code     6  led.o(i.SetLedStates)
    SpiFlashCsInit                           0x080070f1   Thumb Code    74  user_spi_flash.o(i.SpiFlashCsInit)
    SpiFlashInit                             0x08007141   Thumb Code    20  user_spi_flash.o(i.SpiFlashInit)
    SpiFlashPowerDown                        0x08007155   Thumb Code    36  user_spi_flash.o(i.SpiFlashPowerDown)
    SpiFlashReadDeviceID                     0x08007179   Thumb Code   102  user_spi_flash.o(i.SpiFlashReadDeviceID)
    SpiFlashSendByte                         0x08007229   Thumb Code    36  user_spi_flash.o(i.SpiFlashSendByte)
    SpiFlashWAKEUP                           0x08007255   Thumb Code    36  user_spi_flash.o(i.SpiFlashWAKEUP)
    SysTick_Handler                          0x08007279   Thumb Code    76  clock.o(i.SysTick_Handler)
    SystemClockConfig                        0x080072d5   Thumb Code   138  board.o(i.SystemClockConfig)
    SystemInit                               0x08007365   Thumb Code    88  system_stm32l0xx.o(i.SystemInit)
    TIM2_IRQHandler                          0x080073cd   Thumb Code    10  stm32l0xx_it.o(i.TIM2_IRQHandler)
    UART_AdvFeatureConfig                    0x080073dd   Thumb Code   240  stm32l0xx_hal_uart.o(i.UART_AdvFeatureConfig)
    UART_CheckIdleState                      0x080074cd   Thumb Code   112  stm32l0xx_hal_uart.o(i.UART_CheckIdleState)
    UART_SetConfig                           0x0800762d   Thumb Code   954  stm32l0xx_hal_uart.o(i.UART_SetConfig)
    UART_WaitOnFlagUntilTimeout              0x08007a8f   Thumb Code   112  stm32l0xx_hal_uart.o(i.UART_WaitOnFlagUntilTimeout)
    USART1_IRQHandler                        0x08007b01   Thumb Code    80  stm32l0xx_it.o(i.USART1_IRQHandler)
    USART2_IRQHandler                        0x08007b59   Thumb Code    80  stm32l0xx_it.o(i.USART2_IRQHandler)
    USART4_5_IRQHandler                      0x08007bb1   Thumb Code    10  stm32l0xx_it.o(i.USART4_5_IRQHandler)
    UartReadByte                             0x08007bc1   Thumb Code    28  fifo_uart.o(i.UartReadByte)
    UartSendByte                             0x08007bdd   Thumb Code    28  fifo_uart.o(i.UartSendByte)
    _12VPowerOff                             0x08007bf9   Thumb Code    28  rs485.o(i._12VPowerOff)
    _12VPowerOn                              0x08007c19   Thumb Code    26  rs485.o(i._12VPowerOn)
    __0printf                                0x08007c39   Thumb Code    24  printfa.o(i.__0printf)
    __1printf                                0x08007c39   Thumb Code     0  printfa.o(i.__0printf)
    __2printf                                0x08007c39   Thumb Code     0  printfa.o(i.__0printf)
    __c89printf                              0x08007c39   Thumb Code     0  printfa.o(i.__0printf)
    printf                                   0x08007c39   Thumb Code     0  printfa.o(i.__0printf)
    __ARM_clz                                0x08007c59   Thumb Code    46  depilogue.o(i.__ARM_clz)
    __ARM_common_ll_muluu                    0x08007c87   Thumb Code    48  stm32l0xx_hal_uart.o(i.__ARM_common_ll_muluu)
    __scatterload_copy                       0x08007cb7   Thumb Code    14  handlers.o(i.__scatterload_copy)
    __scatterload_null                       0x08007cc5   Thumb Code     2  handlers.o(i.__scatterload_null)
    __scatterload_zeroinit                   0x08007cc7   Thumb Code    14  handlers.o(i.__scatterload_zeroinit)
    clock_init                               0x08008589   Thumb Code    40  clock.o(i.clock_init)
    clock_time                               0x080085b1   Thumb Code     6  clock.o(i.clock_time)
    etimer_pending                           0x080085bd   Thumb Code    16  etimer_1.o(i.etimer_pending)
    etimer_request_poll                      0x080085d1   Thumb Code    10  etimer_1.o(i.etimer_request_poll)
    fputc                                    0x080085e1   Thumb Code    20  usart.o(i.fputc)
    main                                     0x080085fd   Thumb Code    40  usermain.o(i.main)
    memcpy1                                  0x080086ad   Thumb Code    24  utilities.o(i.memcpy1)
    process_poll                             0x080086c5   Thumb Code    26  process_1.o(i.process_poll)
    process_post                             0x080086e5   Thumb Code    98  process_1.o(i.process_post)
    timer_expired                            0x08008841   Thumb Code    28  timer_1.o(i.timer_expired)
    AHBPrescTable                            0x080088ac   Data          16  system_stm32l0xx.o(.constdata)
    APBPrescTable                            0x080088bc   Data           8  system_stm32l0xx.o(.constdata)
    PLLMulTable                              0x080088c4   Data           9  system_stm32l0xx.o(.constdata)
    Region$$Table$$Base                      0x080092f8   Number         0  anon$$obj.o(Region$$Table)
    Region$$Table$$Limit                     0x08009318   Number         0  anon$$obj.o(Region$$Table)
    SystemCoreClock                          0x20000000   Data           4  system_stm32l0xx.o(.data)
    uwTick                                   0x20000004   Data           4  stm32l0xx_hal.o(.data)
    LedStates                                0x20000008   Data           1  led.o(.data)
    CheckRs485s                              0x2000000c   Data        1840  sensor.o(.data)
    SendBufsCounter                          0x2000073c   Data           1  sensor.o(.data)
    OpenExpendBoxbuff                        0x2000073d   Data          10  sensor.o(.data)
    ExpendBoxbuff                            0x20000747   Data           9  sensor.o(.data)
    RadioEvents                              0x20000750   Data           4  sx1276.o(.data)
    Set_air_time                             0x20000754   Data           1  sx1276.o(.data)
    readfifo                                 0x20000755   Data           1  sx1276.o(.data)
    TimerOverTime                            0x20000764   Data           4  clock.o(.data)
    etimer_process                           0x20000770   Data          16  etimer_1.o(.data)
    process_list                             0x20000780   Data           4  process_1.o(.data)
    process_current                          0x20000784   Data           4  process_1.o(.data)
    __stdout                                 0x200007a0   Data           4  stdout.o(.data)
    huart1                                   0x200007a4   Data         112  usart.o(.bss)
    huart2                                   0x20000814   Data         112  usart.o(.bss)
    huart5                                   0x20000884   Data         112  usart.o(.bss)
    usart_rs485                              0x200008f4   Data          44  usart.o(.bss)
    UART_RX_DATA1                            0x20000920   Data         528  usart.o(.bss)
    UART_RX_DATA2                            0x20000b30   Data         528  usart.o(.bss)
    rx_rs485_buff                            0x20000d40   Data         100  usart.o(.bss)
    tx_rs485_buff                            0x20000da4   Data         100  usart.o(.bss)
    hspi1                                    0x20000e08   Data          88  spi.o(.bss)
    hdma_spi1_tx                             0x20000e60   Data          64  spi.o(.bss)
    hdma_spi1_rx                             0x20000ea0   Data          64  spi.o(.bss)
    RtcHandle                                0x20000ee0   Data          36  rtc-board.o(.bss)
    hadc                                     0x20000f04   Data          96  adc.o(.bss)
    Rs485s                                   0x20000f64   Data          88  rs485.o(.bss)
    SaveRs485s                               0x20000fbc   Data        1593  sensor.o(.bss)
    SendBufs                                 0x200015f5   Data        1290  sensor.o(.bss)
    Sensors                                  0x20001b00   Data          52  sensor.o(.bss)
    SX1276                                   0x20001c34   Data          96  sx1276.o(.bss)
    TxTimeoutTimer                           0x20001c94   Data          20  sx1276.o(.bss)
    RxTimeoutTimer                           0x20001ca8   Data          20  sx1276.o(.bss)
    RxTimeoutSyncWord                        0x20001cbc   Data          20  sx1276.o(.bss)
    htim2                                    0x20001e50   Data          56  rtimer-arch.o(.bss)
    __initial_sp                             0x20002288   Data           0  startup_stm32l073xx.o(STACK)



==============================================================================

Memory Map of the image

  Image Entry point : 0x080000c1

  Load Region LR_IROM1 (Base: 0x08000000, Size: 0x00009abc, Max: 0x00020000, ABSOLUTE, COMPRESSED[0x00009458])

    Execution Region ER_IROM1 (Exec base: 0x08000000, Load base: 0x08000000, Size: 0x00009318, Max: 0x00020000, ABSOLUTE)

    Exec Addr    Load Addr    Size         Type   Attr      Idx    E Section Name        Object

    0x08000000   0x08000000   0x000000c0   Data   RO            3    RESET               startup_stm32l073xx.o
    0x080000c0   0x080000c0   0x00000000   Code   RO        10478  * .ARM.Collect$$$$00000000  mc_p.l(entry.o)
    0x080000c0   0x080000c0   0x00000004   Code   RO        10801    .ARM.Collect$$$$00000001  mc_p.l(entry2.o)
    0x080000c4   0x080000c4   0x00000004   Code   RO        10804    .ARM.Collect$$$$00000004  mc_p.l(entry5.o)
    0x080000c8   0x080000c8   0x00000000   Code   RO        10806    .ARM.Collect$$$$00000008  mc_p.l(entry7b.o)
    0x080000c8   0x080000c8   0x00000000   Code   RO        10808    .ARM.Collect$$$$0000000A  mc_p.l(entry8b.o)
    0x080000c8   0x080000c8   0x00000008   Code   RO        10809    .ARM.Collect$$$$0000000B  mc_p.l(entry9a.o)
    0x080000d0   0x080000d0   0x00000000   Code   RO        10811    .ARM.Collect$$$$0000000D  mc_p.l(entry10a.o)
    0x080000d0   0x080000d0   0x00000000   Code   RO        10813    .ARM.Collect$$$$0000000F  mc_p.l(entry11a.o)
    0x080000d0   0x080000d0   0x00000004   Code   RO        10802    .ARM.Collect$$$$00002712  mc_p.l(entry2.o)
    0x080000d4   0x080000d4   0x0000001c   Code   RO            4    .text               startup_stm32l073xx.o
    0x080000f0   0x080000f0   0x0000002c   Code   RO        10481    .text               mc_p.l(uidiv.o)
    0x0800011c   0x0800011c   0x00000060   Code   RO        10485    .text               mc_p.l(uldiv.o)
    0x0800017c   0x0800017c   0x00000024   Code   RO        10494    .text               mc_p.l(memseta.o)
    0x080001a0   0x080001a0   0x000000b2   Code   RO        10771    .text               mf_p.l(fadd.o)
    0x08000252   0x08000252   0x0000007a   Code   RO        10773    .text               mf_p.l(fmul.o)
    0x080002cc   0x080002cc   0x0000007c   Code   RO        10775    .text               mf_p.l(fdiv.o)
    0x08000348   0x08000348   0x00000164   Code   RO        10777    .text               mf_p.l(dadd.o)
    0x080004ac   0x080004ac   0x000000d0   Code   RO        10779    .text               mf_p.l(dmul.o)
    0x0800057c   0x0800057c   0x000000f0   Code   RO        10781    .text               mf_p.l(ddiv.o)
    0x0800066c   0x0800066c   0x0000000e   Code   RO        10783    .text               mf_p.l(ffltui.o)
    0x0800067a   0x0800067a   0x00000002   PAD
    0x0800067c   0x0800067c   0x00000028   Code   RO        10785    .text               mf_p.l(dflti.o)
    0x080006a4   0x080006a4   0x00000032   Code   RO        10789    .text               mf_p.l(ffixi.o)
    0x080006d6   0x080006d6   0x00000002   PAD
    0x080006d8   0x080006d8   0x00000048   Code   RO        10793    .text               mf_p.l(dfixi.o)
    0x08000720   0x08000720   0x00000028   Code   RO        10797    .text               mf_p.l(f2d.o)
    0x08000748   0x08000748   0x00000028   Code   RO        10799    .text               mf_p.l(cdrcmple.o)
    0x08000770   0x08000770   0x00000020   Code   RO        10816    .text               mc_p.l(llshl.o)
    0x08000790   0x08000790   0x00000022   Code   RO        10818    .text               mc_p.l(llushr.o)
    0x080007b2   0x080007b2   0x00000026   Code   RO        10820    .text               mc_p.l(llsshr.o)
    0x080007d8   0x080007d8   0x00000000   Code   RO        10822    .text               mc_p.l(iusefp.o)
    0x080007d8   0x080007d8   0x00000082   Code   RO        10823    .text               mf_p.l(fepilogue.o)
    0x0800085a   0x0800085a   0x000000be   Code   RO        10825    .text               mf_p.l(depilogue.o)
    0x08000918   0x08000918   0x00000040   Code   RO        10831    .text               mf_p.l(dfixul.o)
    0x08000958   0x08000958   0x00000024   Code   RO        10835    .text               mc_p.l(init.o)
    0x0800097c   0x0800097c   0x00000056   Code   RO        10845    .text               mc_p.l(__dczerorl2.o)
    0x080009d2   0x080009d2   0x0000006c   Code   RO          395    i.ADC_ConversionStop  stm32l0xx_hal_adc.o
    0x08000a3e   0x08000a3e   0x00000002   PAD
    0x08000a40   0x08000a40   0x0000002c   Code   RO          399    i.ADC_DelayMicroSecond  stm32l0xx_hal_adc.o
    0x08000a6c   0x08000a6c   0x0000009c   Code   RO          400    i.ADC_Disable       stm32l0xx_hal_adc.o
    0x08000b08   0x08000b08   0x000000a4   Code   RO          401    i.ADC_Enable        stm32l0xx_hal_adc.o
    0x08000bac   0x08000bac   0x0000008c   Code   RO         4658    i.AdcReadParameter  adc.o
    0x08000c38   0x08000c38   0x00000014   Code   RO         4702    i.BatDisableCharge  power.o
    0x08000c4c   0x08000c4c   0x00000014   Code   RO         4703    i.BatEnableCharge   power.o
    0x08000c60   0x08000c60   0x00000040   Code   RO         4704    i.BatteryInit       power.o
    0x08000ca0   0x08000ca0   0x000000cc   Code   RO         4954    i.BoardInitMcu      board.o
    0x08000d6c   0x08000d6c   0x0000004c   Code   RO         5394    i.CalcCRC16         rs485.o
    0x08000db8   0x08000db8   0x000000d0   Code   RO         4705    i.CheckBattery      power.o
    0x08000e88   0x08000e88   0x0000000a   Code   RO         4620    i.EXTI0_1_IRQHandler  gpio-board.o
    0x08000e92   0x08000e92   0x0000000a   Code   RO         4621    i.EXTI2_3_IRQHandler  gpio-board.o
    0x08000e9c   0x08000e9c   0x0000005c   Code   RO         4622    i.EXTI4_15_IRQHandler  gpio-board.o
    0x08000ef8   0x08000ef8   0x00000038   Code   RO        10398    i.Error_Handler     usermain.o
    0x08000f30   0x08000f30   0x00000018   Code   RO         5282    i.FIFO_UartEnableRxIT  fifo_uart.o
    0x08000f48   0x08000f48   0x000000c8   Code   RO         5283    i.FIFO_UartIRQ      fifo_uart.o
    0x08001010   0x08001010   0x00000056   Code   RO         5285    i.FIFO_UartReadByte  fifo_uart.o
    0x08001066   0x08001066   0x00000032   Code   RO         5292    i.FIFO_UartVarInit  fifo_uart.o
    0x08001098   0x08001098   0x00000014   Code   RO         5474    i.GetRs485Type      sensor.o
    0x080010ac   0x080010ac   0x00000014   Code   RO         5022    i.GpioWrite         gpio.o
    0x080010c0   0x080010c0   0x000000d8   Code   RO          578    i.HAL_ADCEx_Calibration_Start  stm32l0xx_hal_adc_ex.o
    0x08001198   0x08001198   0x00000148   Code   RO          403    i.HAL_ADC_ConfigChannel  stm32l0xx_hal_adc.o
    0x080012e0   0x080012e0   0x00000006   Code   RO          409    i.HAL_ADC_GetState  stm32l0xx_hal_adc.o
    0x080012e6   0x080012e6   0x00000008   Code   RO          410    i.HAL_ADC_GetValue  stm32l0xx_hal_adc.o
    0x080012ee   0x080012ee   0x00000002   PAD
    0x080012f0   0x080012f0   0x00000234   Code   RO          412    i.HAL_ADC_Init      stm32l0xx_hal_adc.o
    0x08001524   0x08001524   0x0000003c   Code   RO         4660    i.HAL_ADC_MspInit   adc.o
    0x08001560   0x08001560   0x000000e8   Code   RO          416    i.HAL_ADC_PollForConversion  stm32l0xx_hal_adc.o
    0x08001648   0x08001648   0x00000078   Code   RO          418    i.HAL_ADC_Start     stm32l0xx_hal_adc.o
    0x080016c0   0x080016c0   0x00000050   Code   RO          421    i.HAL_ADC_Stop      stm32l0xx_hal_adc.o
    0x08001710   0x08001710   0x000000b4   Code   RO          832    i.HAL_DMA_Abort_IT  stm32l0xx_hal_dma.o
    0x080017c4   0x080017c4   0x0000001a   Code   RO          233    i.HAL_Delay         stm32l0xx_hal.o
    0x080017de   0x080017de   0x00000002   PAD
    0x080017e0   0x080017e0   0x0000005c   Code   RO         4623    i.HAL_GPIO_EXTI_Callback  gpio-board.o
    0x0800183c   0x0800183c   0x00000020   Code   RO         1231    i.HAL_GPIO_EXTI_IRQHandler  stm32l0xx_hal_gpio.o
    0x0800185c   0x0800185c   0x000001f8   Code   RO         1232    i.HAL_GPIO_Init     stm32l0xx_hal_gpio.o
    0x08001a54   0x08001a54   0x00000012   Code   RO         1234    i.HAL_GPIO_ReadPin  stm32l0xx_hal_gpio.o
    0x08001a66   0x08001a66   0x0000000c   Code   RO         1236    i.HAL_GPIO_WritePin  stm32l0xx_hal_gpio.o
    0x08001a72   0x08001a72   0x00000002   PAD
    0x08001a74   0x08001a74   0x0000000c   Code   RO          237    i.HAL_GetTick       stm32l0xx_hal.o
    0x08001a80   0x08001a80   0x00000010   Code   RO          238    i.HAL_IncTick       stm32l0xx_hal.o
    0x08001a90   0x08001a90   0x00000020   Code   RO          239    i.HAL_Init          stm32l0xx_hal.o
    0x08001ab0   0x08001ab0   0x00000028   Code   RO          240    i.HAL_InitTick      stm32l0xx_hal.o
    0x08001ad8   0x08001ad8   0x00000040   Code   RO         1792    i.HAL_MspInit       stm32l0xx_hal_msp_template.o
    0x08001b18   0x08001b18   0x00000018   Code   RO          635    i.HAL_NVIC_EnableIRQ  stm32l0xx_hal_cortex.o
    0x08001b30   0x08001b30   0x00000012   Code   RO          639    i.HAL_NVIC_SetPriority  stm32l0xx_hal_cortex.o
    0x08001b42   0x08001b42   0x00000002   PAD
    0x08001b44   0x08001b44   0x0000038c   Code   RO         2113    i.HAL_RCCEx_GetPeriphCLKFreq  stm32l0xx_hal_rcc_ex.o
    0x08001ed0   0x08001ed0   0x000002ac   Code   RO         2116    i.HAL_RCCEx_PeriphCLKConfig  stm32l0xx_hal_rcc_ex.o
    0x0800217c   0x0800217c   0x000001f8   Code   RO         2002    i.HAL_RCC_ClockConfig  stm32l0xx_hal_rcc.o
    0x08002374   0x08002374   0x0000000c   Code   RO         2006    i.HAL_RCC_GetHCLKFreq  stm32l0xx_hal_rcc.o
    0x08002380   0x08002380   0x00000024   Code   RO         2008    i.HAL_RCC_GetPCLK1Freq  stm32l0xx_hal_rcc.o
    0x080023a4   0x080023a4   0x00000024   Code   RO         2009    i.HAL_RCC_GetPCLK2Freq  stm32l0xx_hal_rcc.o
    0x080023c8   0x080023c8   0x000000e4   Code   RO         2010    i.HAL_RCC_GetSysClockFreq  stm32l0xx_hal_rcc.o
    0x080024ac   0x080024ac   0x000006d4   Code   RO         2013    i.HAL_RCC_OscConfig  stm32l0xx_hal_rcc.o
    0x08002b80   0x08002b80   0x00000002   Code   RO         2360    i.HAL_RTCEx_AlarmBEventCallback  stm32l0xx_hal_rtc_ex.o
    0x08002b82   0x08002b82   0x00000012   Code   RO         2361    i.HAL_RTCEx_BKUPRead  stm32l0xx_hal_rtc_ex.o
    0x08002b94   0x08002b94   0x00000012   Code   RO         2362    i.HAL_RTCEx_BKUPWrite  stm32l0xx_hal_rtc_ex.o
    0x08002ba6   0x08002ba6   0x00000002   PAD
    0x08002ba8   0x08002ba8   0x00000014   Code   RO        10314    i.HAL_RTC_AlarmAEventCallback  stm32l0xx_it.o
    0x08002bbc   0x08002bbc   0x00000088   Code   RO         2227    i.HAL_RTC_AlarmIRQHandler  stm32l0xx_hal_rtc.o
    0x08002c44   0x08002c44   0x00000112   Code   RO         2229    i.HAL_RTC_DeactivateAlarm  stm32l0xx_hal_rtc.o
    0x08002d56   0x08002d56   0x00000002   PAD
    0x08002d58   0x08002d58   0x000000dc   Code   RO         2234    i.HAL_RTC_Init      stm32l0xx_hal_rtc.o
    0x08002e34   0x08002e34   0x00000020   Code   RO         4448    i.HAL_RTC_MspInit   rtc-board.o
    0x08002e54   0x08002e54   0x00000130   Code   RO         2240    i.HAL_RTC_SetDate   stm32l0xx_hal_rtc.o
    0x08002f84   0x08002f84   0x00000154   Code   RO         2241    i.HAL_RTC_SetTime   stm32l0xx_hal_rtc.o
    0x080030d8   0x080030d8   0x0000003c   Code   RO         2242    i.HAL_RTC_WaitForSynchro  stm32l0xx_hal_rtc.o
    0x08003114   0x08003114   0x0000008e   Code   RO         2592    i.HAL_SPI_Init      stm32l0xx_hal_spi.o
    0x080031a2   0x080031a2   0x00000002   PAD
    0x080031a4   0x080031a4   0x00000060   Code   RO         4388    i.HAL_SPI_MspInit   spi.o
    0x08003204   0x08003204   0x00000260   Code   RO         2595    i.HAL_SPI_Receive   stm32l0xx_hal_spi.o
    0x08003464   0x08003464   0x000001da   Code   RO         2600    i.HAL_SPI_Transmit  stm32l0xx_hal_spi.o
    0x0800363e   0x0800363e   0x0000037e   Code   RO         2601    i.HAL_SPI_TransmitReceive  stm32l0xx_hal_spi.o
    0x080039bc   0x080039bc   0x00000024   Code   RO          641    i.HAL_SYSTICK_CLKSourceConfig  stm32l0xx_hal_cortex.o
    0x080039e0   0x080039e0   0x00000002   Code   RO          642    i.HAL_SYSTICK_Callback  stm32l0xx_hal_cortex.o
    0x080039e2   0x080039e2   0x00000002   PAD
    0x080039e4   0x080039e4   0x00000038   Code   RO          643    i.HAL_SYSTICK_Config  stm32l0xx_hal_cortex.o
    0x08003a1c   0x08003a1c   0x00000008   Code   RO          644    i.HAL_SYSTICK_IRQHandler  stm32l0xx_hal_cortex.o
    0x08003a24   0x08003a24   0x00000002   Code   RO         2850    i.HAL_TIM_IC_CaptureCallback  stm32l0xx_hal_tim.o
    0x08003a26   0x08003a26   0x0000017c   Code   RO         2863    i.HAL_TIM_IRQHandler  stm32l0xx_hal_tim.o
    0x08003ba2   0x08003ba2   0x00000002   Code   RO         2866    i.HAL_TIM_OC_DelayElapsedCallback  stm32l0xx_hal_tim.o
    0x08003ba4   0x08003ba4   0x00000002   Code   RO         2893    i.HAL_TIM_PWM_PulseFinishedCallback  stm32l0xx_hal_tim.o
    0x08003ba6   0x08003ba6   0x00000002   Code   RO         2900    i.HAL_TIM_PeriodElapsedCallback  stm32l0xx_hal_tim.o
    0x08003ba8   0x08003ba8   0x00000002   Code   RO         2904    i.HAL_TIM_TriggerCallback  stm32l0xx_hal_tim.o
    0x08003baa   0x08003baa   0x00000002   Code   RO         3836    i.HAL_UARTEx_WakeupCallback  stm32l0xx_hal_uart_ex.o
    0x08003bac   0x08003bac   0x00000002   Code   RO         3502    i.HAL_UART_ErrorCallback  stm32l0xx_hal_uart.o
    0x08003bae   0x08003bae   0x00000014   Code   RO         3504    i.HAL_UART_GetState  stm32l0xx_hal_uart.o
    0x08003bc2   0x08003bc2   0x00000002   PAD
    0x08003bc4   0x08003bc4   0x000001c0   Code   RO         3505    i.HAL_UART_IRQHandler  stm32l0xx_hal_uart.o
    0x08003d84   0x08003d84   0x00000082   Code   RO         3506    i.HAL_UART_Init     stm32l0xx_hal_uart.o
    0x08003e06   0x08003e06   0x00000002   PAD
    0x08003e08   0x08003e08   0x000000f8   Code   RO         4203    i.HAL_UART_MspInit  usart.o
    0x08003f00   0x08003f00   0x000000ec   Code   RO         3511    i.HAL_UART_Receive_IT  stm32l0xx_hal_uart.o
    0x08003fec   0x08003fec   0x00000010   Code   RO         4204    i.HAL_UART_RxCpltCallback  usart.o
    0x08003ffc   0x08003ffc   0x000000f0   Code   RO         3514    i.HAL_UART_Transmit  stm32l0xx_hal_uart.o
    0x080040ec   0x080040ec   0x00000002   Code   RO         3517    i.HAL_UART_TxCpltCallback  stm32l0xx_hal_uart.o
    0x080040ee   0x080040ee   0x00000002   PAD
    0x080040f0   0x080040f0   0x00000018   Code   RO        10315    i.HardFault_Handler  stm32l0xx_it.o
    0x08004108   0x08004108   0x00000038   Code   RO         4205    i.InitUartFifo      usart.o
    0x08004140   0x08004140   0x0000004c   Code   RO         4755    i.LedInit           led.o
    0x0800418c   0x0800418c   0x00000014   Code   RO         4756    i.LedOff            led.o
    0x080041a0   0x080041a0   0x00000012   Code   RO         5023    i.LoRaPowerOff      gpio.o
    0x080041b2   0x080041b2   0x00000010   Code   RO         5024    i.LoRaPowerOn       gpio.o
    0x080041c2   0x080041c2   0x00000002   PAD
    0x080041c4   0x080041c4   0x00000044   Code   RO         5025    i.LoRaPower_Init    gpio.o
    0x08004208   0x08004208   0x00000060   Code   RO         4661    i.MX_ADC_Init       adc.o
    0x08004268   0x08004268   0x00000060   Code   RO         4206    i.MX_USART1_UART_Init  usart.o
    0x080042c8   0x080042c8   0x00000060   Code   RO         4207    i.MX_USART2_UART_Init  usart.o
    0x08004328   0x08004328   0x00000054   Code   RO         4208    i.MX_USART5_UART_Init  usart.o
    0x0800437c   0x0800437c   0x00000002   Code   RO        10316    i.NMI_Handler       stm32l0xx_it.o
    0x0800437e   0x0800437e   0x00000002   PAD
    0x08004380   0x08004380   0x00000078   Code   RO          645    i.NVIC_SetPriority  stm32l0xx_hal_cortex.o
    0x080043f8   0x080043f8   0x00000038   Code   RO         5475    i.OpenExpenBox      sensor.o
    0x08004430   0x08004430   0x00000002   Code   RO        10317    i.PendSV_Handler    stm32l0xx_it.o
    0x08004432   0x08004432   0x00000002   PAD
    0x08004434   0x08004434   0x00000098   Code   RO         2014    i.RCC_SetFlashLatencyFromMSIRange  stm32l0xx_hal_rcc.o
    0x080044cc   0x080044cc   0x000000ac   Code   RO         5476    i.RS485CmdPackage   sensor.o
    0x08004578   0x08004578   0x0000001a   Code   RO         2243    i.RTC_Bcd2ToByte    stm32l0xx_hal_rtc.o
    0x08004592   0x08004592   0x0000001a   Code   RO         2244    i.RTC_ByteToBcd2    stm32l0xx_hal_rtc.o
    0x080045ac   0x080045ac   0x00000042   Code   RO         2245    i.RTC_EnterInitMode  stm32l0xx_hal_rtc.o
    0x080045ee   0x080045ee   0x00000002   PAD
    0x080045f0   0x080045f0   0x00000018   Code   RO        10318    i.RTC_IRQHandler    stm32l0xx_it.o
    0x08004608   0x08004608   0x00000104   Code   RO         4707    i.ReadBattery       power.o
    0x0800470c   0x0800470c   0x00000024   Code   RO         5395    i.Rs485ClsoePin     rs485.o
    0x08004730   0x08004730   0x00000120   Code   RO         5396    i.Rs485Cmd          rs485.o
    0x08004850   0x08004850   0x0000008c   Code   RO         5397    i.Rs485GetData      rs485.o
    0x080048dc   0x080048dc   0x00000060   Code   RO         5398    i.Rs485Init         rs485.o
    0x0800493c   0x0800493c   0x00000038   Code   RO         5399    i.Rs485OpenPin      rs485.o
    0x08004974   0x08004974   0x00000080   Code   RO         5400    i.Rs485PinInit      rs485.o
    0x080049f4   0x080049f4   0x00000078   Code   RO         5401    i.Rs485Print        rs485.o
    0x08004a6c   0x08004a6c   0x000000b0   Code   RO         4449    i.RtcInit           rtc-board.o
    0x08004b1c   0x08004b1c   0x00000064   Code   RO         4389    i.SPI1_Init         spi.o
    0x08004b80   0x08004b80   0x00000068   Code   RO         4390    i.SPI1_NSS          spi.o
    0x08004be8   0x08004be8   0x0000003c   Code   RO         4392    i.SPI1_Write        spi.o
    0x08004c24   0x08004c24   0x00000118   Code   RO         2622    i.SPI_WaitOnFlagUntilTimeout  stm32l0xx_hal_spi.o
    0x08004d3c   0x08004d3c   0x00000002   Code   RO        10319    i.SVC_Handler       stm32l0xx_it.o
    0x08004d3e   0x08004d3e   0x00000002   PAD
    0x08004d40   0x08004d40   0x00000078   Code   RO         5026    i.SX1276EXTI_Init   gpio.o
    0x08004db8   0x08004db8   0x0000004c   Code   RO         5027    i.SX1276GPIO_Init   gpio.o
    0x08004e04   0x08004e04   0x0000000c   Code   RO         4554    i.SX1276IoInit      sx1276-board.o
    0x08004e10   0x08004e10   0x000003bc   Code   RO         5578    i.SX1276OnDio0Irq   sx1276.o
    0x080051cc   0x080051cc   0x0000016c   Code   RO         5579    i.SX1276OnDio1Irq   sx1276.o
    0x08005338   0x08005338   0x00000144   Code   RO         5580    i.SX1276OnDio2Irq   sx1276.o
    0x0800547c   0x0800547c   0x00000014   Code   RO         5586    i.SX1276Read        sx1276.o
    0x08005490   0x08005490   0x0000003c   Code   RO         5587    i.SX1276ReadBuffer  sx1276.o
    0x080054cc   0x080054cc   0x00000012   Code   RO         5588    i.SX1276ReadFifo    sx1276.o
    0x080054de   0x080054de   0x00000010   Code   RO         5604    i.SX1276Write       sx1276.o
    0x080054ee   0x080054ee   0x00000002   PAD
    0x080054f0   0x080054f0   0x00000040   Code   RO         5605    i.SX1276WriteBuffer  sx1276.o
    0x08005530   0x08005530   0x00000012   Code   RO         5606    i.SX1276WriteFifo   sx1276.o
    0x08005542   0x08005542   0x00000002   PAD
    0x08005544   0x08005544   0x00000018   Code   RO         5477    i.SensorCheckHandle  sensor.o
    0x0800555c   0x0800555c   0x0000067c   Code   RO         5478    i.SensorDataProces  sensor.o
    0x08005bd8   0x08005bd8   0x00000394   Code   RO         5479    i.SensorExpBoxAddr  sensor.o
    0x08005f6c   0x08005f6c   0x000004b0   Code   RO         5480    i.SensorExpenData   sensor.o
    0x0800641c   0x0800641c   0x00000490   Code   RO         5481    i.SensorExpenSigle  sensor.o
    0x080068ac   0x080068ac   0x00000058   Code   RO         5482    i.SensorExpendBoxLive  sensor.o
    0x08006904   0x08006904   0x0000003c   Code   RO         5483    i.SensorGetData     sensor.o
    0x08006940   0x08006940   0x00000078   Code   RO         5484    i.SensorHandle      sensor.o
    0x080069b8   0x080069b8   0x00000360   Code   RO         5485    i.SensorMaBoxData   sensor.o
    0x08006d18   0x08006d18   0x00000068   Code   RO         5486    i.SensorQueryPinStaus  sensor.o
    0x08006d80   0x08006d80   0x000002ec   Code   RO         5487    i.SensorQueryType   sensor.o
    0x0800706c   0x0800706c   0x00000078   Code   RO         5488    i.SensorsInit       sensor.o
    0x080070e4   0x080070e4   0x0000000c   Code   RO         4763    i.SetLedStates      led.o
    0x080070f0   0x080070f0   0x00000050   Code   RO         4843    i.SpiFlashCsInit    user_spi_flash.o
    0x08007140   0x08007140   0x00000014   Code   RO         4844    i.SpiFlashInit      user_spi_flash.o
    0x08007154   0x08007154   0x00000024   Code   RO         4846    i.SpiFlashPowerDown  user_spi_flash.o
    0x08007178   0x08007178   0x000000b0   Code   RO         4848    i.SpiFlashReadDeviceID  user_spi_flash.o
    0x08007228   0x08007228   0x0000002c   Code   RO         4850    i.SpiFlashSendByte  user_spi_flash.o
    0x08007254   0x08007254   0x00000024   Code   RO         4853    i.SpiFlashWAKEUP    user_spi_flash.o
    0x08007278   0x08007278   0x0000005c   Code   RO         5969    i.SysTick_Handler   clock.o
    0x080072d4   0x080072d4   0x00000090   Code   RO         4956    i.SystemClockConfig  board.o
    0x08007364   0x08007364   0x00000068   Code   RO           13    i.SystemInit        system_stm32l0xx.o
    0x080073cc   0x080073cc   0x00000010   Code   RO        10320    i.TIM2_IRQHandler   stm32l0xx_it.o
    0x080073dc   0x080073dc   0x000000f0   Code   RO         3519    i.UART_AdvFeatureConfig  stm32l0xx_hal_uart.o
    0x080074cc   0x080074cc   0x00000074   Code   RO         3520    i.UART_CheckIdleState  stm32l0xx_hal_uart.o
    0x08007540   0x08007540   0x00000018   Code   RO         3521    i.UART_DMAAbortOnError  stm32l0xx_hal_uart.o
    0x08007558   0x08007558   0x00000022   Code   RO         3531    i.UART_EndRxTransfer  stm32l0xx_hal_uart.o
    0x0800757a   0x0800757a   0x00000020   Code   RO         3532    i.UART_EndTransmit_IT  stm32l0xx_hal_uart.o
    0x0800759a   0x0800759a   0x00000090   Code   RO         3534    i.UART_Receive_IT   stm32l0xx_hal_uart.o
    0x0800762a   0x0800762a   0x00000002   PAD
    0x0800762c   0x0800762c   0x000003f0   Code   RO         3535    i.UART_SetConfig    stm32l0xx_hal_uart.o
    0x08007a1c   0x08007a1c   0x00000072   Code   RO         3536    i.UART_Transmit_IT  stm32l0xx_hal_uart.o
    0x08007a8e   0x08007a8e   0x00000070   Code   RO         3537    i.UART_WaitOnFlagUntilTimeout  stm32l0xx_hal_uart.o
    0x08007afe   0x08007afe   0x00000002   PAD
    0x08007b00   0x08007b00   0x00000058   Code   RO        10321    i.USART1_IRQHandler  stm32l0xx_it.o
    0x08007b58   0x08007b58   0x00000058   Code   RO        10322    i.USART2_IRQHandler  stm32l0xx_it.o
    0x08007bb0   0x08007bb0   0x00000010   Code   RO        10323    i.USART4_5_IRQHandler  stm32l0xx_it.o
    0x08007bc0   0x08007bc0   0x0000001c   Code   RO         5293    i.UartReadByte      fifo_uart.o
    0x08007bdc   0x08007bdc   0x0000001c   Code   RO         5295    i.UartSendByte      fifo_uart.o
    0x08007bf8   0x08007bf8   0x00000020   Code   RO         5402    i._12VPowerOff      rs485.o
    0x08007c18   0x08007c18   0x00000020   Code   RO         5403    i._12VPowerOn       rs485.o
    0x08007c38   0x08007c38   0x00000020   Code   RO        10739    i.__0printf         mc_p.l(printfa.o)
    0x08007c58   0x08007c58   0x0000002e   Code   RO        10827    i.__ARM_clz         mf_p.l(depilogue.o)
    0x08007c86   0x08007c86   0x00000030   Code   RO         3822    i.__ARM_common_ll_muluu  stm32l0xx_hal_uart.o
    0x08007cb6   0x08007cb6   0x0000000e   Code   RO        10839    i.__scatterload_copy  mc_p.l(handlers.o)
    0x08007cc4   0x08007cc4   0x00000002   Code   RO        10840    i.__scatterload_null  mc_p.l(handlers.o)
    0x08007cc6   0x08007cc6   0x0000000e   Code   RO        10841    i.__scatterload_zeroinit  mc_p.l(handlers.o)
    0x08007cd4   0x08007cd4   0x00000006   Code   RO         5297    i.__set_PRIMASK     fifo_uart.o
    0x08007cda   0x08007cda   0x00000002   PAD
    0x08007cdc   0x08007cdc   0x00000174   Code   RO        10746    i._fp_digits        mc_p.l(printfa.o)
    0x08007e50   0x08007e50   0x000006ec   Code   RO        10747    i._printf_core      mc_p.l(printfa.o)
    0x0800853c   0x0800853c   0x00000020   Code   RO        10748    i._printf_post_padding  mc_p.l(printfa.o)
    0x0800855c   0x0800855c   0x0000002c   Code   RO        10749    i._printf_pre_padding  mc_p.l(printfa.o)
    0x08008588   0x08008588   0x00000028   Code   RO         5971    i.clock_init        clock.o
    0x080085b0   0x080085b0   0x0000000c   Code   RO         5973    i.clock_time        clock.o
    0x080085bc   0x080085bc   0x00000014   Code   RO         9300    i.etimer_pending    etimer_1.o
    0x080085d0   0x080085d0   0x00000010   Code   RO         9301    i.etimer_request_poll  etimer_1.o
    0x080085e0   0x080085e0   0x0000001c   Code   RO         4209    i.fputc             usart.o
    0x080085fc   0x080085fc   0x000000b0   Code   RO        10399    i.main              usermain.o
    0x080086ac   0x080086ac   0x00000018   Code   RO         5815    i.memcpy1           utilities.o
    0x080086c4   0x080086c4   0x00000020   Code   RO         9398    i.process_poll      process_1.o
    0x080086e4   0x080086e4   0x00000074   Code   RO         9399    i.process_post      process_1.o
    0x08008758   0x08008758   0x000000e8   Code   RO         9307    i.process_thread_etimer_process  etimer_1.o
    0x08008840   0x08008840   0x0000001c   Code   RO         9652    i.timer_expired     timer_1.o
    0x0800885c   0x0800885c   0x00000050   Code   RO         9308    i.update_time       etimer_1.o
    0x080088ac   0x080088ac   0x00000021   Data   RO           14    .constdata          system_stm32l0xx.o
    0x080088cd   0x080088cd   0x00000012   Data   RO        10324    .constdata          stm32l0xx_it.o
    0x080088df   0x080088df   0x00000001   PAD
    0x080088e0   0x080088e0   0x00000052   Data   RO         4708    .conststring        power.o
    0x08008932   0x08008932   0x00000002   PAD
    0x08008934   0x08008934   0x00000041   Data   RO         4856    .conststring        user_spi_flash.o
    0x08008975   0x08008975   0x00000003   PAD
    0x08008978   0x08008978   0x0000089f   Data   RO         5490    .conststring        sensor.o
    0x08009217   0x08009217   0x00000001   PAD
    0x08009218   0x08009218   0x000000d1   Data   RO         5609    .conststring        sx1276.o
    0x080092e9   0x080092e9   0x00000003   PAD
    0x080092ec   0x080092ec   0x0000000c   Data   RO         9309    .conststring        etimer_1.o
    0x080092f8   0x080092f8   0x00000020   Data   RO        10837    Region$$Table       anon$$obj.o


    Execution Region RW_IRAM1 (Exec base: 0x20000000, Load base: 0x08009318, Size: 0x00002288, Max: 0x00005000, ABSOLUTE, COMPRESSED[0x00000140])

    Exec Addr    Load Addr    Size         Type   Attr      Idx    E Section Name        Object

    0x20000000   COMPRESSED   0x00000004   Data   RW           15    .data               system_stm32l0xx.o
    0x20000004   COMPRESSED   0x00000004   Data   RW          249    .data               stm32l0xx_hal.o
    0x20000008   COMPRESSED   0x00000001   Data   RW         4764    .data               led.o
    0x20000009   COMPRESSED   0x00000003   PAD
    0x2000000c   COMPRESSED   0x00000744   Data   RW         5491    .data               sensor.o
    0x20000750   COMPRESSED   0x00000007   Data   RW         5610    .data               sx1276.o
    0x20000757   COMPRESSED   0x00000001   PAD
    0x20000758   COMPRESSED   0x00000010   Data   RW         5974    .data               clock.o
    0x20000768   COMPRESSED   0x00000018   Data   RW         9310    .data               etimer_1.o
    0x20000780   COMPRESSED   0x0000001d   Data   RW         9404    .data               process_1.o
    0x2000079d   COMPRESSED   0x00000003   PAD
    0x200007a0   COMPRESSED   0x00000004   Data   RW        10815    .data               mc_p.l(stdout.o)
    0x200007a4        -       0x00000664   Zero   RW         4210    .bss                usart.o
    0x20000e08        -       0x000000d8   Zero   RW         4393    .bss                spi.o
    0x20000ee0        -       0x00000024   Zero   RW         4452    .bss                rtc-board.o
    0x20000f04        -       0x00000060   Zero   RW         4662    .bss                adc.o
    0x20000f64        -       0x00000058   Zero   RW         5404    .bss                rs485.o
    0x20000fbc        -       0x00000b78   Zero   RW         5489    .bss                sensor.o
    0x20001b34        -       0x0000019c   Zero   RW         5607    .bss                sx1276.o
    0x20001cd0        -       0x00000180   Zero   RW         9403    .bss                process_1.o
    0x20001e50        -       0x00000038   Zero   RW         9542    .bss                rtimer-arch.o
    0x20001e88        -       0x00000400   Zero   RW            1    STACK               startup_stm32l073xx.o


==============================================================================

Image component sizes


      Code (inc. data)   RO Data    RW Data    ZI Data      Debug   Object Name

       296         26          0          0         96       2166   adc.o
       348         28          0          0          0       1597   board.o
       144         22          0         16          0       6687   clock.o
       348         24         12         24          0       3396   etimer_1.o
       422          0          0          0          0       5782   fifo_uart.o
       204         42          0          0          0       1817   gpio-board.o
       318         28          0          0          0       3174   gpio.o
       108         18          0          1          0       2249   led.o
       572        194         82          0          0       2428   power.o
       148         24          0         29        384       4861   process_1.o
      1004        250          0          0         88       7607   rs485.o
       208         26          0          0         36       1700   rtc-board.o
         0          0          0          0         56        204   rtimer-arch.o
      7320        524       2207       1860       2936      15768   sensor.o
       360         70          0          0        216       2528   spi.o
        28          8        192          0       1024        700   startup_stm32l073xx.o
       126         18          0          4          0       3183   stm32l0xx_hal.o
      1810         52          0          0          0       7528   stm32l0xx_hal_adc.o
       216          0          0          0          0       1342   stm32l0xx_hal_adc_ex.o
       264         30          0          0          0      11807   stm32l0xx_hal_cortex.o
       180          6          0          0          0        983   stm32l0xx_hal_dma.o
       566         38          0          0          0       3166   stm32l0xx_hal_gpio.o
        64          6          0          0          0        474   stm32l0xx_hal_msp_template.o
      2716        116          0          0          0       6364   stm32l0xx_hal_rcc.o
      1592         54          0          0          0       2793   stm32l0xx_hal_rcc_ex.o
      1452         40          0          0          0       6334   stm32l0xx_hal_rtc.o
        38          0          0          0          0       1987   stm32l0xx_hal_rtc_ex.o
      2398          0          0          0          0       5282   stm32l0xx_hal_spi.o
       390          0          0          0          0       3494   stm32l0xx_hal_tim.o
      2950         68          0          0          0      11308   stm32l0xx_hal_uart.o
         2          0          0          0          0        792   stm32l0xx_hal_uart_ex.o
       282         50         18          0          0       4729   stm32l0xx_it.o
        12          0          0          0          0        415   sx1276-board.o
      1840         84        209          7        412       7554   sx1276.o
       104         16         33          4          0     430923   system_stm32l0xx.o
        28          0          0          0          0        900   timer_1.o
       624         86          0          0       1636      10849   usart.o
       392         88         65          0          0       3651   user_spi_flash.o
       232        180          0          0          0        883   usermain.o
        24          0          0          0          0        930   utilities.o

    ----------------------------------------------------------------------
     30174       2216       2860       1952       6884     590335   Object Totals
         0          0         32          0          0          0   (incl. Generated)
        44          0         10          7          0          0   (incl. Padding)

    ----------------------------------------------------------------------

      Code (inc. data)   RO Data    RW Data    ZI Data      Debug   Library Member Name

        86          0          0          0          0          0   __dczerorl2.o
         0          0          0          0          0          0   entry.o
         0          0          0          0          0          0   entry10a.o
         0          0          0          0          0          0   entry11a.o
         8          4          0          0          0          0   entry2.o
         4          0          0          0          0          0   entry5.o
         0          0          0          0          0          0   entry7b.o
         0          0          0          0          0          0   entry8b.o
         8          4          0          0          0          0   entry9a.o
        30          0          0          0          0          0   handlers.o
        36          8          0          0          0         68   init.o
         0          0          0          0          0          0   iusefp.o
        32          0          0          0          0         68   llshl.o
        38          0          0          0          0         68   llsshr.o
        34          0          0          0          0         68   llushr.o
        36          0          0          0          0        100   memseta.o
      2252         98          0          0          0        412   printfa.o
         0          0          0          4          0          0   stdout.o
        44          0          0          0          0         72   uidiv.o
        96          0          0          0          0         84   uldiv.o
        40          2          0          0          0         68   cdrcmple.o
       356          4          0          0          0        140   dadd.o
       240          6          0          0          0         84   ddiv.o
       236          0          0          0          0        216   depilogue.o
        72         10          0          0          0         72   dfixi.o
        64         10          0          0          0         68   dfixul.o
        40          6          0          0          0         68   dflti.o
       208          6          0          0          0         88   dmul.o
        40          0          0          0          0         60   f2d.o
       178          0          0          0          0        108   fadd.o
       124          0          0          0          0         72   fdiv.o
       130          0          0          0          0        144   fepilogue.o
        50          0          0          0          0         60   ffixi.o
        14          0          0          0          0         68   ffltui.o
       122          0          0          0          0         72   fmul.o

    ----------------------------------------------------------------------
      4622        158          0          4          0       2328   Library Totals
         4          0          0          0          0          0   (incl. Padding)

    ----------------------------------------------------------------------

      Code (inc. data)   RO Data    RW Data    ZI Data      Debug   Library Name

      2704        114          0          4          0        940   mc_p.l
      1914         44          0          0          0       1388   mf_p.l

    ----------------------------------------------------------------------
      4622        158          0          4          0       2328   Library Totals

    ----------------------------------------------------------------------

==============================================================================


      Code (inc. data)   RO Data    RW Data    ZI Data      Debug   

     34796       2374       2860       1956       6884     583639   Grand Totals
     34796       2374       2860        320       6884     583639   ELF Image Totals (compressed)
     34796       2374       2860        320          0          0   ROM Totals

==============================================================================

    Total RO  Size (Code + RO Data)                37656 (  36.77kB)
    Total RW  Size (RW Data + ZI Data)              8840 (   8.63kB)
    Total ROM Size (Code + RO Data + RW Data)      37976 (  37.09kB)

==============================================================================

