Component: ARM Compiler 5.06 update 6 (build 750) Tool: armlink [4d35ed]

==============================================================================

Section Cross References

    startup_stm32l073xx.o(RESET) refers to startup_stm32l073xx.o(STACK) for __initial_sp
    startup_stm32l073xx.o(RESET) refers to startup_stm32l073xx.o(.text) for Reset_Handler
    startup_stm32l073xx.o(RESET) refers to stm32l0xx_it.o(i.NMI_Handler) for NMI_Handler
    startup_stm32l073xx.o(RESET) refers to stm32l0xx_it.o(i.HardFault_Handler) for HardFault_Handler
    startup_stm32l073xx.o(RESET) refers to stm32l0xx_it.o(i.SVC_Handler) for SVC_Handler
    startup_stm32l073xx.o(RESET) refers to stm32l0xx_it.o(i.PendSV_Handler) for PendSV_Handler
    startup_stm32l073xx.o(RESET) refers to clock.o(i.SysTick_Handler) for SysTick_Handler
    startup_stm32l073xx.o(RESET) refers to stm32l0xx_it.o(i.RTC_IRQHandler) for RTC_IRQHandler
    startup_stm32l073xx.o(RESET) refers to gpio-board.o(i.EXTI0_1_IRQHandler) for EXTI0_1_IRQHandler
    startup_stm32l073xx.o(RESET) refers to gpio-board.o(i.EXTI2_3_IRQHandler) for EXTI2_3_IRQHandler
    startup_stm32l073xx.o(RESET) refers to gpio-board.o(i.EXTI4_15_IRQHandler) for EXTI4_15_IRQHandler
    startup_stm32l073xx.o(RESET) refers to stm32l0xx_it.o(i.USART4_5_IRQHandler) for USART4_5_IRQHandler
    startup_stm32l073xx.o(RESET) refers to stm32l0xx_it.o(i.TIM2_IRQHandler) for TIM2_IRQHandler
    startup_stm32l073xx.o(RESET) refers to stm32l0xx_it.o(i.USART1_IRQHandler) for USART1_IRQHandler
    startup_stm32l073xx.o(RESET) refers to stm32l0xx_it.o(i.USART2_IRQHandler) for USART2_IRQHandler
    startup_stm32l073xx.o(.text) refers to system_stm32l0xx.o(i.SystemInit) for SystemInit
    startup_stm32l073xx.o(.text) refers to entry.o(.ARM.Collect$$$$00000000) for __main
    system_stm32l0xx.o(i.SystemCoreClockUpdate) refers to uidiv.o(.text) for __aeabi_uidivmod
    system_stm32l0xx.o(i.SystemCoreClockUpdate) refers to system_stm32l0xx.o(.data) for SystemCoreClock
    system_stm32l0xx.o(i.SystemCoreClockUpdate) refers to system_stm32l0xx.o(.constdata) for PLLMulTable
    stm32l0xx_hal.o(i.HAL_DeInit) refers to stm32l0xx_hal_msp_template.o(i.HAL_MspDeInit) for HAL_MspDeInit
    stm32l0xx_hal.o(i.HAL_Delay) refers to stm32l0xx_hal.o(i.HAL_GetTick) for HAL_GetTick
    stm32l0xx_hal.o(i.HAL_GetTick) refers to stm32l0xx_hal.o(.data) for uwTick
    stm32l0xx_hal.o(i.HAL_IncTick) refers to stm32l0xx_hal.o(.data) for uwTick
    stm32l0xx_hal.o(i.HAL_Init) refers to stm32l0xx_hal.o(i.HAL_InitTick) for HAL_InitTick
    stm32l0xx_hal.o(i.HAL_Init) refers to stm32l0xx_hal_msp_template.o(i.HAL_MspInit) for HAL_MspInit
    stm32l0xx_hal.o(i.HAL_InitTick) refers to uidiv.o(.text) for __aeabi_uidivmod
    stm32l0xx_hal.o(i.HAL_InitTick) refers to stm32l0xx_hal_cortex.o(i.HAL_SYSTICK_Config) for HAL_SYSTICK_Config
    stm32l0xx_hal.o(i.HAL_InitTick) refers to stm32l0xx_hal_cortex.o(i.HAL_NVIC_SetPriority) for HAL_NVIC_SetPriority
    stm32l0xx_hal.o(i.HAL_InitTick) refers to system_stm32l0xx.o(.data) for SystemCoreClock
    stm32l0xx_hal_adc.o(i.ADC_ConversionStop) refers to stm32l0xx_hal.o(i.HAL_GetTick) for HAL_GetTick
    stm32l0xx_hal_adc.o(i.ADC_DMAConvCplt) refers to stm32l0xx_hal_adc.o(i.HAL_ADC_ConvCpltCallback) for HAL_ADC_ConvCpltCallback
    stm32l0xx_hal_adc.o(i.ADC_DMAError) refers to stm32l0xx_hal_adc.o(i.HAL_ADC_ErrorCallback) for HAL_ADC_ErrorCallback
    stm32l0xx_hal_adc.o(i.ADC_DMAHalfConvCplt) refers to stm32l0xx_hal_adc.o(i.HAL_ADC_ConvHalfCpltCallback) for HAL_ADC_ConvHalfCpltCallback
    stm32l0xx_hal_adc.o(i.ADC_DelayMicroSecond) refers to uidiv.o(.text) for __aeabi_uidivmod
    stm32l0xx_hal_adc.o(i.ADC_DelayMicroSecond) refers to system_stm32l0xx.o(.data) for SystemCoreClock
    stm32l0xx_hal_adc.o(i.ADC_Disable) refers to stm32l0xx_hal.o(i.HAL_GetTick) for HAL_GetTick
    stm32l0xx_hal_adc.o(i.ADC_Enable) refers to stm32l0xx_hal_adc.o(i.ADC_DelayMicroSecond) for ADC_DelayMicroSecond
    stm32l0xx_hal_adc.o(i.ADC_Enable) refers to stm32l0xx_hal.o(i.HAL_GetTick) for HAL_GetTick
    stm32l0xx_hal_adc.o(i.HAL_ADC_ConfigChannel) refers to stm32l0xx_hal_adc.o(i.ADC_DelayMicroSecond) for ADC_DelayMicroSecond
    stm32l0xx_hal_adc.o(i.HAL_ADC_DeInit) refers to stm32l0xx_hal_adc.o(i.ADC_ConversionStop) for ADC_ConversionStop
    stm32l0xx_hal_adc.o(i.HAL_ADC_DeInit) refers to stm32l0xx_hal_adc.o(i.ADC_Disable) for ADC_Disable
    stm32l0xx_hal_adc.o(i.HAL_ADC_DeInit) refers to adc.o(i.HAL_ADC_MspDeInit) for HAL_ADC_MspDeInit
    stm32l0xx_hal_adc.o(i.HAL_ADC_IRQHandler) refers to stm32l0xx_hal_adc.o(i.HAL_ADC_ConvCpltCallback) for HAL_ADC_ConvCpltCallback
    stm32l0xx_hal_adc.o(i.HAL_ADC_IRQHandler) refers to stm32l0xx_hal_adc.o(i.HAL_ADC_LevelOutOfWindowCallback) for HAL_ADC_LevelOutOfWindowCallback
    stm32l0xx_hal_adc.o(i.HAL_ADC_IRQHandler) refers to stm32l0xx_hal_adc.o(i.HAL_ADC_ErrorCallback) for HAL_ADC_ErrorCallback
[...]
    second_countdown                         0x2000001c   Data           4  clock.o(.data)
    .data                                    0x20000024   Section       16  announcement.o(.data)
    announcements_list                       0x20000024   Data           4  announcement.o(.data)
    announcements                            0x20000028   Data           4  announcement.o(.data)
    listen_callback                          0x2000002c   Data           4  announcement.o(.data)
    observer_callback                        0x20000030   Data           4  announcement.o(.data)
    .data                                    0x20000034   Section        8  channel.o(.data)
    channel_list_list                        0x20000034   Data           4  channel.o(.data)
    channel_list                             0x20000038   Data           4  channel.o(.data)
    .data                                    0x2000003c   Section        8  rime.o(.data)
    sniffers_list                            0x2000003c   Data           4  rime.o(.data)
    sniffers                                 0x20000040   Data           4  rime.o(.data)
    .data                                    0x20000044   Section        2  linkaddr.o(.data)
    .data                                    0x20000048   Section       24  packetbuf.o(.data)
    buflen                                   0x20000050   Data           2  packetbuf.o(.data)
    bufptr                                   0x20000052   Data           2  packetbuf.o(.data)
    hdrptr                                   0x20000054   Data           1  packetbuf.o(.data)
    packetbuf                                0x20000058   Data           4  packetbuf.o(.data)
    packetbufptr                             0x2000005c   Data           4  packetbuf.o(.data)
    .data                                    0x20000060   Section       40  queuebuf.o(.data)
    bufmem_memb_count                        0x20000060   Data           8  queuebuf.o(.data)
    bufmem                                   0x20000068   Data          12  queuebuf.o(.data)
    buframmem_memb_count                     0x20000074   Data           8  queuebuf.o(.data)
    buframmem                                0x2000007c   Data          12  queuebuf.o(.data)
    .data                                    0x20000088   Section       28  ctimer.o(.data)
    ctimer_list_list                         0x20000088   Data           4  ctimer.o(.data)
    ctimer_list                              0x2000008c   Data           4  ctimer.o(.data)
    initialized                              0x20000090   Data           1  ctimer.o(.data)
    .data                                    0x200000a4   Section       24  etimer_1.o(.data)
    timerlist                                0x200000a4   Data           4  etimer_1.o(.data)
    next_expiration                          0x200000a8   Data           4  etimer_1.o(.data)
    .data                                    0x200000bc   Section       29  process_1.o(.data)
    lastevent                                0x200000c4   Data           1  process_1.o(.data)
    nevents                                  0x200000c5   Data           1  process_1.o(.data)
    fevent                                   0x200000c6   Data           1  process_1.o(.data)
    poll_requested                           0x200000c7   Data           1  process_1.o(.data)
    ev                                       0x200000c8   Data           1  process_1.o(.data)
    data                                     0x200000cc   Data           4  process_1.o(.data)
    receiver                                 0x200000d0   Data           4  process_1.o(.data)
    p                                        0x200000d4   Data           4  process_1.o(.data)
    snum                                     0x200000d8   Data           1  process_1.o(.data)
    .data                                    0x200000dc   Section       16  usermain.o(.data)
    .data                                    0x200000ec   Section        4  rand.o(.data)
    _rand_state                              0x200000ec   Data           4  rand.o(.data)
    .data                                    0x200000f0   Section        4  stdout.o(.data)
    .bss                                     0x200000f4   Section     1636  usart.o(.bss)
    .bss                                     0x20000758   Section      216  spi.o(.bss)
    .bss                                     0x20000830   Section       36  rtc-board.o(.bss)
    .bss                                     0x20000854   Section       96  adc.o(.bss)
    .bss                                     0x200008b4   Section      412  sx1276.o(.bss)
    RxTxBuffer                               0x200008b4   Data         256  sx1276.o(.bss)
    .bss                                     0x20000a50   Section      108  broadcast-announcement.o(.bss)
    c                                        0x20000a50   Data         108  broadcast-announcement.o(.bss)
    .bss                                     0x20000abc   Section      228  packetbuf.o(.bss)
    packetbuf_aligned                        0x20000af0   Data         176  packetbuf.o(.bss)
    .bss                                     0x20000ba0   Section     1552  queuebuf.o(.bss)
    bufmem_memb_mem                          0x20000ba0   Data          32  queuebuf.o(.bss)
    buframmem_memb_mem                       0x20000bc0   Data        1520  queuebuf.o(.bss)
    .bss                                     0x200011b0   Section      384  process_1.o(.bss)
    events                                   0x200011b0   Data         384  process_1.o(.bss)
    .bss                                     0x20001330   Section       56  rtimer-arch.o(.bss)
    .bss                                     0x20001368   Section       36  usermain.o(.bss)
    abc                                      0x20001368   Data          20  usermain.o(.bss)
    et                                       0x2000137c   Data          16  usermain.o(.bss)
    STACK                                    0x20001390   Section     1024  startup_stm32l073xx.o(STACK)

    Global Symbols

    Symbol Name                              Value     Ov Type        Size  Object(Section)

    BuildAttributes$$THM_ISAv3M$S$PE$A:L22$X:L11$S22$IEEE1$IW$USESV6$~STKCKD$USESV7$~SHL$OTIME$ROPI$IEEEJ$EBA8$MICROLIB$REQ8$PRES8$EABIv2 0x00000000   Number         0  anon$$obj.o ABSOLUTE
    __ARM_use_no_argv                        0x00000000   Number         0  usermain.o ABSOLUTE
    _printf_a                                0x00000000   Number         0  stubs.o ABSOLUTE
    _printf_c                                0x00000000   Number         0  stubs.o ABSOLUTE
    _printf_charcount                        0x00000000   Number         0  stubs.o ABSOLUTE
    _printf_d                                0x00000000   Number         0  stubs.o ABSOLUTE
    _printf_e                                0x00000000   Number         0  stubs.o ABSOLUTE
    _printf_f                                0x00000000   Number         0  stubs.o ABSOLUTE
    _printf_flags                            0x00000000   Number         0  stubs.o ABSOLUTE
    _printf_fp_dec                           0x00000000   Number         0  stubs.o ABSOLUTE
    _printf_fp_hex                           0x00000000   Number         0  stubs.o ABSOLUTE
    _printf_g                                0x00000000   Number         0  stubs.o ABSOLUTE
    _printf_i                                0x00000000   Number         0  stubs.o ABSOLUTE
    _printf_int_dec                          0x00000000   Number         0  stubs.o ABSOLUTE
    _printf_l                                0x00000000   Number         0  stubs.o ABSOLUTE
    _printf_lc                               0x00000000   Number         0  stubs.o ABSOLUTE
    _printf_ll                               0x00000000   Number         0  stubs.o ABSOLUTE
    _printf_lld                              0x00000000   Number         0  stubs.o ABSOLUTE
    _printf_lli                              0x00000000   Number         0  stubs.o ABSOLUTE
    _printf_llo                              0x00000000   Number         0  stubs.o ABSOLUTE
    _printf_llu                              0x00000000   Number         0  stubs.o ABSOLUTE
    _printf_llx                              0x00000000   Number         0  stubs.o ABSOLUTE
    _printf_longlong_dec                     0x00000000   Number         0  stubs.o ABSOLUTE
    _printf_longlong_hex                     0x00000000   Number         0  stubs.o ABSOLUTE
    _printf_longlong_oct                     0x00000000   Number         0  stubs.o ABSOLUTE
    _printf_ls                               0x00000000   Number         0  stubs.o ABSOLUTE
    _printf_mbtowc                           0x00000000   Number         0  stubs.o ABSOLUTE
    _printf_n                                0x00000000   Number         0  stubs.o ABSOLUTE
    _printf_o                                0x00000000   Number         0  stubs.o ABSOLUTE
    _printf_p                                0x00000000   Number         0  stubs.o ABSOLUTE
    _printf_percent                          0x00000000   Number         0  stubs.o ABSOLUTE
    _printf_pre_padding                      0x00000000   Number         0  stubs.o ABSOLUTE
    _printf_return_value                     0x00000000   Number         0  stubs.o ABSOLUTE
    _printf_s                                0x00000000   Number         0  stubs.o ABSOLUTE
    _printf_sizespec                         0x00000000   Number         0  stubs.o ABSOLUTE
    _printf_str                              0x00000000   Number         0  stubs.o ABSOLUTE
    _printf_truncate_signed                  0x00000000   Number         0  stubs.o ABSOLUTE
    _printf_truncate_unsigned                0x00000000   Number         0  stubs.o ABSOLUTE
    _printf_u                                0x00000000   Number         0  stubs.o ABSOLUTE
    _printf_wc                               0x00000000   Number         0  stubs.o ABSOLUTE
    _printf_wctomb                           0x00000000   Number         0  stubs.o ABSOLUTE
    _printf_widthprec                        0x00000000   Number         0  stubs.o ABSOLUTE
    _printf_x                                0x00000000   Number         0  stubs.o ABSOLUTE
    __cpp_initialize__aeabi_                  - Undefined Weak Reference
    __cxa_finalize                            - Undefined Weak Reference
    __decompress                              - Undefined Weak Reference
    _clock_init                               - Undefined Weak Reference
    _microlib_exit                            - Undefined Weak Reference
    __Vectors_Size                           0x000000c0   Number         0  startup_stm32l073xx.o ABSOLUTE
    __Vectors                                0x08000000   Data           4  startup_stm32l073xx.o(RESET)
    __Vectors_End                            0x080000c0   Data           0  startup_stm32l073xx.o(RESET)
    __main                                   0x080000c1   Thumb Code     0  entry.o(.ARM.Collect$$$$00000000)
    _main_stk                                0x080000c1   Thumb Code     0  entry2.o(.ARM.Collect$$$$00000001)
    _main_scatterload                        0x080000c5   Thumb Code     0  entry5.o(.ARM.Collect$$$$00000004)
    __main_after_scatterload                 0x080000c9   Thumb Code     0  entry5.o(.ARM.Collect$$$$00000004)
    _main_clock                              0x080000c9   Thumb Code     0  entry7b.o(.ARM.Collect$$$$00000008)
    _main_cpp_init                           0x080000c9   Thumb Code     0  entry8b.o(.ARM.Collect$$$$0000000A)
    _main_init                               0x080000c9   Thumb Code     0  entry9a.o(.ARM.Collect$$$$0000000B)
    __rt_final_cpp                           0x080000d1   Thumb Code     0  entry10a.o(.ARM.Collect$$$$0000000D)
    __rt_final_exit                          0x080000d1   Thumb Code     0  entry11a.o(.ARM.Collect$$$$0000000F)
    Reset_Handler                            0x080000d5   Thumb Code     8  startup_stm32l073xx.o(.text)
    ADC1_COMP_IRQHandler                     0x080000e7   Thumb Code     0  startup_stm32l073xx.o(.text)
    DMA1_Channel1_IRQHandler                 0x080000e7   Thumb Code     0  startup_stm32l073xx.o(.text)
    DMA1_Channel2_3_IRQHandler               0x080000e7   Thumb Code     0  startup_stm32l073xx.o(.text)
    DMA1_Channel4_5_6_7_IRQHandler           0x080000e7   Thumb Code     0  startup_stm32l073xx.o(.text)
    FLASH_IRQHandler                         0x080000e7   Thumb Code     0  startup_stm32l073xx.o(.text)
    I2C1_IRQHandler                          0x080000e7   Thumb Code     0  startup_stm32l073xx.o(.text)
    I2C2_IRQHandler                          0x080000e7   Thumb Code     0  startup_stm32l073xx.o(.text)
    I2C3_IRQHandler                          0x080000e7   Thumb Code     0  startup_stm32l073xx.o(.text)
    LCD_IRQHandler                           0x080000e7   Thumb Code     0  startup_stm32l073xx.o(.text)
    LPTIM1_IRQHandler                        0x080000e7   Thumb Code     0  startup_stm32l073xx.o(.text)
    PVD_IRQHandler                           0x080000e7   Thumb Code     0  startup_stm32l073xx.o(.text)
    RCC_CRS_IRQHandler                       0x080000e7   Thumb Code     0  startup_stm32l073xx.o(.text)
    RNG_LPUART1_IRQHandler                   0x080000e7   Thumb Code     0  startup_stm32l073xx.o(.text)
    SPI1_IRQHandler                          0x080000e7   Thumb Code     0  startup_stm32l073xx.o(.text)
    SPI2_IRQHandler                          0x080000e7   Thumb Code     0  startup_stm32l073xx.o(.text)
    TIM21_IRQHandler                         0x080000e7   Thumb Code     0  startup_stm32l073xx.o(.text)
    TIM22_IRQHandler                         0x080000e7   Thumb Code     0  startup_stm32l073xx.o(.text)
    TIM3_IRQHandler                          0x080000e7   Thumb Code     0  startup_stm32l073xx.o(.text)
    TIM6_DAC_IRQHandler                      0x080000e7   Thumb Code     0  startup_stm32l073xx.o(.text)
    TIM7_IRQHandler                          0x080000e7   Thumb Code     0  startup_stm32l073xx.o(.text)
    TSC_IRQHandler                           0x080000e7   Thumb Code     0  startup_stm32l073xx.o(.text)
    USB_IRQHandler                           0x080000e7   Thumb Code     0  startup_stm32l073xx.o(.text)
    WWDG_IRQHandler                          0x080000e7   Thumb Code     0  startup_stm32l073xx.o(.text)
    __aeabi_uidiv                            0x080000f1   Thumb Code     0  uidiv.o(.text)
    __aeabi_uidivmod                         0x080000f1   Thumb Code    44  uidiv.o(.text)
    __aeabi_idiv                             0x0800011d   Thumb Code     0  idiv.o(.text)
    __aeabi_idivmod                          0x0800011d   Thumb Code    40  idiv.o(.text)
    __aeabi_uldivmod                         0x08000145   Thumb Code    96  uldiv.o(.text)
    rand                                     0x080001a5   Thumb Code    18  rand.o(.text)
    srand                                    0x080001b7   Thumb Code     6  rand.o(.text)
    ___aeabi_memcpy4$move                    0x080001c9   Thumb Code     0  memmovea.o(.text)
    ___aeabi_memcpy8$move                    0x080001c9   Thumb Code     0  memmovea.o(.text)
    __aeabi_memcpy                           0x080001c9   Thumb Code    64  memmovea.o(.text)
    __aeabi_memmove                          0x080001c9   Thumb Code     0  memmovea.o(.text)
    __aeabi_memmove4                         0x080001c9   Thumb Code     0  memmovea.o(.text)
    __aeabi_memmove8                         0x080001c9   Thumb Code     0  memmovea.o(.text)
    __aeabi_memset                           0x08000209   Thumb Code    14  memseta.o(.text)
    __aeabi_memset4                          0x08000209   Thumb Code     0  memseta.o(.text)
    __aeabi_memset8                          0x08000209   Thumb Code     0  memseta.o(.text)
    __aeabi_memclr                           0x08000217   Thumb Code     4  memseta.o(.text)
    __aeabi_memclr4                          0x08000217   Thumb Code     0  memseta.o(.text)
    __aeabi_memclr8                          0x08000217   Thumb Code     0  memseta.o(.text)
    _memset$wrapper                          0x0800021b   Thumb Code    18  memseta.o(.text)
    memcmp                                   0x0800022d   Thumb Code    26  memcmp.o(.text)
    __aeabi_dadd                             0x08000249   Thumb Code   328  dadd.o(.text)
    __aeabi_dsub                             0x08000391   Thumb Code    12  dadd.o(.text)
    __aeabi_drsub                            0x0800039d   Thumb Code    12  dadd.o(.text)
    __aeabi_dmul                             0x080003ad   Thumb Code   202  dmul.o(.text)
    __aeabi_ddiv                             0x0800047d   Thumb Code   234  ddiv.o(.text)
    __aeabi_i2d                              0x0800056d   Thumb Code    34  dflti.o(.text)
    __aeabi_d2iz                             0x08000595   Thumb Code    62  dfixi.o(.text)
    __aeabi_cdrcmple                         0x080005dd   Thumb Code    38  cdrcmple.o(.text)
    __aeabi_llsl                             0x08000605   Thumb Code    32  llshl.o(.text)
    _ll_shift_l                              0x08000605   Thumb Code     0  llshl.o(.text)
    __aeabi_llsr                             0x08000625   Thumb Code    34  llushr.o(.text)
    _ll_ushift_r                             0x08000625   Thumb Code     0  llushr.o(.text)
    __aeabi_lasr                             0x08000647   Thumb Code    38  llsshr.o(.text)
    _ll_sshift_r                             0x08000647   Thumb Code     0  llsshr.o(.text)
    __I$use$fp                               0x0800066d   Thumb Code     0  iusefp.o(.text)
    _double_round                            0x0800066d   Thumb Code    26  depilogue.o(.text)
    _double_epilogue                         0x08000687   Thumb Code   164  depilogue.o(.text)
    __aeabi_d2ulz                            0x0800072d   Thumb Code    54  dfixul.o(.text)
    __scatterload                            0x0800076d   Thumb Code    28  init.o(.text)
    __scatterload_rt2                        0x0800076d   Thumb Code     0  init.o(.text)
    BoardInitMcu                             0x08000791   Thumb Code   174  board.o(i.BoardInitMcu)
    EXTI0_1_IRQHandler                       0x08000855   Thumb Code    10  gpio-board.o(i.EXTI0_1_IRQHandler)
    EXTI2_3_IRQHandler                       0x0800085f   Thumb Code    10  gpio-board.o(i.EXTI2_3_IRQHandler)
    EXTI4_15_IRQHandler                      0x08000869   Thumb Code    92  gpio-board.o(i.EXTI4_15_IRQHandler)
    Error_Handler                            0x080008c5   Thumb Code    12  usermain.o(i.Error_Handler)
    FIFO_UartIRQ                             0x080008fd   Thumb Code   200  fifo_uart.o(i.FIFO_UartIRQ)
    GpioWrite                                0x080009c5   Thumb Code    20  gpio.o(i.GpioWrite)
    HAL_ADC_Init                             0x080009d9   Thumb Code   554  stm32l0xx_hal_adc.o(i.HAL_ADC_Init)
    HAL_ADC_MspInit                          0x08000c0d   Thumb Code    52  adc.o(i.HAL_ADC_MspInit)
    HAL_DMA_Abort_IT                         0x08000c49   Thumb Code   174  stm32l0xx_hal_dma.o(i.HAL_DMA_Abort_IT)
    HAL_GPIO_EXTI_Callback                   0x08000cfd   Thumb Code    50  gpio-board.o(i.HAL_GPIO_EXTI_Callback)
    HAL_GPIO_EXTI_IRQHandler                 0x08000d59   Thumb Code    26  stm32l0xx_hal_gpio.o(i.HAL_GPIO_EXTI_IRQHandler)
    HAL_GPIO_Init                            0x08000d79   Thumb Code   472  stm32l0xx_hal_gpio.o(i.HAL_GPIO_Init)
    HAL_GPIO_WritePin                        0x08000f71   Thumb Code    12  stm32l0xx_hal_gpio.o(i.HAL_GPIO_WritePin)
    HAL_GetTick                              0x08000f7d   Thumb Code     6  stm32l0xx_hal.o(i.HAL_GetTick)
    HAL_IncTick                              0x08000f89   Thumb Code    12  stm32l0xx_hal.o(i.HAL_IncTick)
    HAL_Init                                 0x08000f99   Thumb Code    28  stm32l0xx_hal.o(i.HAL_Init)
    HAL_InitTick                             0x08000fb9   Thumb Code    36  stm32l0xx_hal.o(i.HAL_InitTick)
    HAL_MspInit                              0x08000fe1   Thumb Code    58  stm32l0xx_hal_msp_template.o(i.HAL_MspInit)
    HAL_NVIC_EnableIRQ                       0x08001021   Thumb Code    18  stm32l0xx_hal_cortex.o(i.HAL_NVIC_EnableIRQ)
    HAL_NVIC_SetPriority                     0x08001039   Thumb Code    18  stm32l0xx_hal_cortex.o(i.HAL_NVIC_SetPriority)
    HAL_RCCEx_GetPeriphCLKFreq               0x0800104d   Thumb Code   866  stm32l0xx_hal_rcc_ex.o(i.HAL_RCCEx_GetPeriphCLKFreq)
    HAL_RCCEx_PeriphCLKConfig                0x080013d9   Thumb Code   672  stm32l0xx_hal_rcc_ex.o(i.HAL_RCCEx_PeriphCLKConfig)
    HAL_RCC_ClockConfig                      0x08001685   Thumb Code   482  stm32l0xx_hal_rcc.o(i.HAL_RCC_ClockConfig)
    HAL_RCC_GetHCLKFreq                      0x0800187d   Thumb Code     6  stm32l0xx_hal_rcc.o(i.HAL_RCC_GetHCLKFreq)
    HAL_RCC_GetPCLK1Freq                     0x08001889   Thumb Code    26  stm32l0xx_hal_rcc.o(i.HAL_RCC_GetPCLK1Freq)
    HAL_RCC_GetPCLK2Freq                     0x080018ad   Thumb Code    26  stm32l0xx_hal_rcc.o(i.HAL_RCC_GetPCLK2Freq)
    HAL_RCC_GetSysClockFreq                  0x080018d1   Thumb Code   206  stm32l0xx_hal_rcc.o(i.HAL_RCC_GetSysClockFreq)
    HAL_RCC_OscConfig                        0x080019b5   Thumb Code  1732  stm32l0xx_hal_rcc.o(i.HAL_RCC_OscConfig)
    HAL_RTCEx_AlarmBEventCallback            0x08002089   Thumb Code     2  stm32l0xx_hal_rtc_ex.o(i.HAL_RTCEx_AlarmBEventCallback)
    HAL_RTCEx_BKUPRead                       0x0800208b   Thumb Code    18  stm32l0xx_hal_rtc_ex.o(i.HAL_RTCEx_BKUPRead)
    HAL_RTCEx_BKUPWrite                      0x0800209d   Thumb Code    18  stm32l0xx_hal_rtc_ex.o(i.HAL_RTCEx_BKUPWrite)
    HAL_RTC_AlarmAEventCallback              0x080020b1   Thumb Code    14  stm32l0xx_it.o(i.HAL_RTC_AlarmAEventCallback)
    HAL_RTC_AlarmIRQHandler                  0x080020c5   Thumb Code   124  stm32l0xx_hal_rtc.o(i.HAL_RTC_AlarmIRQHandler)
    HAL_RTC_DeactivateAlarm                  0x0800214d   Thumb Code   274  stm32l0xx_hal_rtc.o(i.HAL_RTC_DeactivateAlarm)
    HAL_RTC_Init                             0x08002261   Thumb Code   202  stm32l0xx_hal_rtc.o(i.HAL_RTC_Init)
    HAL_RTC_MspInit                          0x0800233d   Thumb Code    24  rtc-board.o(i.HAL_RTC_MspInit)
    HAL_RTC_SetDate                          0x0800235d   Thumb Code   298  stm32l0xx_hal_rtc.o(i.HAL_RTC_SetDate)
    HAL_RTC_SetTime                          0x0800248d   Thumb Code   336  stm32l0xx_hal_rtc.o(i.HAL_RTC_SetTime)
    HAL_RTC_WaitForSynchro                   0x080025e1   Thumb Code    60  stm32l0xx_hal_rtc.o(i.HAL_RTC_WaitForSynchro)
    HAL_SPI_Init                             0x0800261d   Thumb Code   142  stm32l0xx_hal_spi.o(i.HAL_SPI_Init)
    HAL_SPI_MspInit                          0x080026ad   Thumb Code    88  spi.o(i.HAL_SPI_MspInit)
    HAL_SPI_Receive                          0x0800270d   Thumb Code   608  stm32l0xx_hal_spi.o(i.HAL_SPI_Receive)
    HAL_SPI_Transmit                         0x0800296d   Thumb Code   474  stm32l0xx_hal_spi.o(i.HAL_SPI_Transmit)
    HAL_SPI_TransmitReceive                  0x08002b47   Thumb Code   894  stm32l0xx_hal_spi.o(i.HAL_SPI_TransmitReceive)
    HAL_SYSTICK_CLKSourceConfig              0x08002ec5   Thumb Code    32  stm32l0xx_hal_cortex.o(i.HAL_SYSTICK_CLKSourceConfig)
    HAL_SYSTICK_Callback                     0x08002ee9   Thumb Code     2  stm32l0xx_hal_cortex.o(i.HAL_SYSTICK_Callback)
    HAL_SYSTICK_Config                       0x08002eed   Thumb Code    46  stm32l0xx_hal_cortex.o(i.HAL_SYSTICK_Config)
    HAL_SYSTICK_IRQHandler                   0x08002f25   Thumb Code     8  stm32l0xx_hal_cortex.o(i.HAL_SYSTICK_IRQHandler)
    HAL_TIM_IC_CaptureCallback               0x08002f2d   Thumb Code     2  stm32l0xx_hal_tim.o(i.HAL_TIM_IC_CaptureCallback)
    HAL_TIM_IRQHandler                       0x08002f2f   Thumb Code   380  stm32l0xx_hal_tim.o(i.HAL_TIM_IRQHandler)
    HAL_TIM_OC_DelayElapsedCallback          0x080030ab   Thumb Code     2  stm32l0xx_hal_tim.o(i.HAL_TIM_OC_DelayElapsedCallback)
    HAL_TIM_PWM_PulseFinishedCallback        0x080030ad   Thumb Code     2  stm32l0xx_hal_tim.o(i.HAL_TIM_PWM_PulseFinishedCallback)
    HAL_TIM_PeriodElapsedCallback            0x080030af   Thumb Code     2  stm32l0xx_hal_tim.o(i.HAL_TIM_PeriodElapsedCallback)
    HAL_TIM_TriggerCallback                  0x080030b1   Thumb Code     2  stm32l0xx_hal_tim.o(i.HAL_TIM_TriggerCallback)
    HAL_UARTEx_WakeupCallback                0x080030b3   Thumb Code     2  stm32l0xx_hal_uart_ex.o(i.HAL_UARTEx_WakeupCallback)
    HAL_UART_ErrorCallback                   0x080030b5   Thumb Code     2  stm32l0xx_hal_uart.o(i.HAL_UART_ErrorCallback)
    HAL_UART_GetState                        0x080030b7   Thumb Code    20  stm32l0xx_hal_uart.o(i.HAL_UART_GetState)
    HAL_UART_IRQHandler                      0x080030cd   Thumb Code   444  stm32l0xx_hal_uart.o(i.HAL_UART_IRQHandler)
    HAL_UART_Init                            0x0800328d   Thumb Code   130  stm32l0xx_hal_uart.o(i.HAL_UART_Init)
    HAL_UART_MspInit                         0x08003311   Thumb Code   224  usart.o(i.HAL_UART_MspInit)
    HAL_UART_Receive_IT                      0x08003409   Thumb Code   230  stm32l0xx_hal_uart.o(i.HAL_UART_Receive_IT)
    HAL_UART_RxCpltCallback                  0x080034f5   Thumb Code    12  usart.o(i.HAL_UART_RxCpltCallback)
    HAL_UART_Transmit                        0x08003505   Thumb Code   240  stm32l0xx_hal_uart.o(i.HAL_UART_Transmit)
    HAL_UART_TxCpltCallback                  0x080035f5   Thumb Code     2  stm32l0xx_hal_uart.o(i.HAL_UART_TxCpltCallback)
    HardFault_Handler                        0x080035f9   Thumb Code    12  stm32l0xx_it.o(i.HardFault_Handler)
    LedInit                                  0x08003611   Thumb Code    68  led.o(i.LedInit)
    LedOff                                   0x0800365d   Thumb Code    16  led.o(i.LedOff)
    LoRaPowerOff                             0x08003671   Thumb Code    18  gpio.o(i.LoRaPowerOff)
    LoRaPowerOn                              0x08003683   Thumb Code    16  gpio.o(i.LoRaPowerOn)
    LoRaPower_Init                           0x08003695   Thumb Code    64  gpio.o(i.LoRaPower_Init)
    MX_ADC_Init                              0x080036d9   Thumb Code    88  adc.o(i.MX_ADC_Init)
    MX_USART1_UART_Init                      0x08003739   Thumb Code    84  usart.o(i.MX_USART1_UART_Init)
    MX_USART2_UART_Init                      0x08003799   Thumb Code    84  usart.o(i.MX_USART2_UART_Init)
    NMI_Handler                              0x080037f9   Thumb Code     2  stm32l0xx_it.o(i.NMI_Handler)
    PendSV_Handler                           0x08003875   Thumb Code     2  stm32l0xx_it.o(i.PendSV_Handler)
    RTC_Bcd2ToByte                           0x08003911   Thumb Code    26  stm32l0xx_hal_rtc.o(i.RTC_Bcd2ToByte)
    RTC_ByteToBcd2                           0x0800392b   Thumb Code    26  stm32l0xx_hal_rtc.o(i.RTC_ByteToBcd2)
    RTC_EnterInitMode                        0x08003945   Thumb Code    66  stm32l0xx_hal_rtc.o(i.RTC_EnterInitMode)
    RTC_IRQHandler                           0x08003989   Thumb Code    20  stm32l0xx_it.o(i.RTC_IRQHandler)
    RtcInit                                  0x080039a1   Thumb Code   158  rtc-board.o(i.RtcInit)
    SPI1_Init                                0x08003a51   Thumb Code    68  spi.o(i.SPI1_Init)
    SPI1_NSS                                 0x08003ab5   Thumb Code   100  spi.o(i.SPI1_NSS)
    SPI1_Write                               0x08003b1d   Thumb Code    34  spi.o(i.SPI1_Write)
    SVC_Handler                              0x08003c71   Thumb Code     2  stm32l0xx_it.o(i.SVC_Handler)
    SX1276EXTI_Init                          0x08003c75   Thumb Code   104  gpio.o(i.SX1276EXTI_Init)
    SX1276GPIO_Init                          0x08003ced   Thumb Code    68  gpio.o(i.SX1276GPIO_Init)
    SX1276IoInit                             0x08003d39   Thumb Code    12  sx1276-board.o(i.SX1276IoInit)
    SX1276OnDio0Irq                          0x08003d45   Thumb Code   906  sx1276.o(i.SX1276OnDio0Irq)
    SX1276OnDio1Irq                          0x08004101   Thumb Code   352  sx1276.o(i.SX1276OnDio1Irq)
    SX1276OnDio2Irq                          0x0800426d   Thumb Code   312  sx1276.o(i.SX1276OnDio2Irq)
    SX1276Read                               0x080043b1   Thumb Code    20  sx1276.o(i.SX1276Read)
    SX1276ReadBuffer                         0x080043c5   Thumb Code    56  sx1276.o(i.SX1276ReadBuffer)
    SX1276ReadFifo                           0x08004401   Thumb Code    18  sx1276.o(i.SX1276ReadFifo)
    SX1276Write                              0x08004413   Thumb Code    16  sx1276.o(i.SX1276Write)
    SX1276WriteBuffer                        0x08004425   Thumb Code    58  sx1276.o(i.SX1276WriteBuffer)
    SX1276WriteFifo                          0x08004465   Thumb Code    18  sx1276.o(i.SX1276WriteFifo)
    SetLedStates                             0x08004479   Thumb Code     6  led.o(i.SetLedStates)
    SpiFlashCsInit                           0x08004485   Thumb Code    74  user_spi_flash.o(i.SpiFlashCsInit)
    SpiFlashInit                             0x080044d5   Thumb Code    20  user_spi_flash.o(i.SpiFlashInit)
    SpiFlashPowerDown                        0x080044e9   Thumb Code    36  user_spi_flash.o(i.SpiFlashPowerDown)
    SpiFlashReadDeviceID                     0x0800450d   Thumb Code   102  user_spi_flash.o(i.SpiFlashReadDeviceID)
    SpiFlashSendByte                         0x080045bd   Thumb Code    36  user_spi_flash.o(i.SpiFlashSendByte)
    SpiFlashWAKEUP                           0x080045e9   Thumb Code    36  user_spi_flash.o(i.SpiFlashWAKEUP)
    SysTick_Handler                          0x0800460d   Thumb Code    76  clock.o(i.SysTick_Handler)
    SystemClockConfig                        0x08004669   Thumb Code   138  board.o(i.SystemClockConfig)
    SystemInit                               0x080046f9   Thumb Code    88  system_stm32l0xx.o(i.SystemInit)
    TIM2_IRQHandler                          0x08004761   Thumb Code    10  stm32l0xx_it.o(i.TIM2_IRQHandler)
    UART_AdvFeatureConfig                    0x08004771   Thumb Code   240  stm32l0xx_hal_uart.o(i.UART_AdvFeatureConfig)
    UART_CheckIdleState                      0x08004861   Thumb Code   112  stm32l0xx_hal_uart.o(i.UART_CheckIdleState)
    UART_SetConfig                           0x080049c1   Thumb Code   954  stm32l0xx_hal_uart.o(i.UART_SetConfig)
    UART_WaitOnFlagUntilTimeout              0x08004e23   Thumb Code   112  stm32l0xx_hal_uart.o(i.UART_WaitOnFlagUntilTimeout)
    USART1_IRQHandler                        0x08004e95   Thumb Code    80  stm32l0xx_it.o(i.USART1_IRQHandler)
    USART2_IRQHandler                        0x08004eed   Thumb Code    80  stm32l0xx_it.o(i.USART2_IRQHandler)
    USART4_5_IRQHandler                      0x08004f45   Thumb Code    10  stm32l0xx_it.o(i.USART4_5_IRQHandler)
    UartReadByte                             0x08004f55   Thumb Code    28  fifo_uart.o(i.UartReadByte)
    UartSendByte                             0x08004f71   Thumb Code    28  fifo_uart.o(i.UartSendByte)
    __0printf                                0x08004f8d   Thumb Code    24  printfa.o(i.__0printf)
    __1printf                                0x08004f8d   Thumb Code     0  printfa.o(i.__0printf)
    __2printf                                0x08004f8d   Thumb Code     0  printfa.o(i.__0printf)
    __c89printf                              0x08004f8d   Thumb Code     0  printfa.o(i.__0printf)
    printf                                   0x08004f8d   Thumb Code     0  printfa.o(i.__0printf)
    __ARM_clz                                0x08004fad   Thumb Code    46  depilogue.o(i.__ARM_clz)
    __ARM_common_ll_muluu                    0x08004fdb   Thumb Code    48  stm32l0xx_hal_uart.o(i.__ARM_common_ll_muluu)
    __scatterload_copy                       0x0800500b   Thumb Code    14  handlers.o(i.__scatterload_copy)
    __scatterload_null                       0x08005019   Thumb Code     2  handlers.o(i.__scatterload_null)
    __scatterload_zeroinit                   0x0800501b   Thumb Code    14  handlers.o(i.__scatterload_zeroinit)
    abc_close                                0x080058d5   Thumb Code    12  abc.o(i.abc_close)
    abc_input                                0x080058e1   Thumb Code    24  abc.o(i.abc_input)
    abc_open                                 0x080058f9   Thumb Code    28  abc.o(i.abc_open)
    abc_send                                 0x08005949   Thumb Code    12  abc.o(i.abc_send)
    abc_sent                                 0x08005955   Thumb Code    32  abc.o(i.abc_sent)
    announcement_heard                       0x08005a19   Thumb Code    60  announcement.o(i.announcement_heard)
    announcement_init                        0x08005a59   Thumb Code    12  announcement.o(i.announcement_init)
    announcement_list                        0x08005a69   Thumb Code    12  announcement.o(i.announcement_list)
    announcement_register_observer_callback  0x08005a79   Thumb Code     6  announcement.o(i.announcement_register_observer_callback)
    autostart_start                          0x08005a85   Thumb Code    42  autostart_1.o(i.autostart_start)
    broadcast_announcement_init              0x08005ae1   Thumb Code    36  broadcast-announcement.o(i.broadcast_announcement_init)
    broadcast_open                           0x08005b11   Thumb Code    30  broadcast.o(i.broadcast_open)
    broadcast_send                           0x08005b39   Thumb Code    20  broadcast.o(i.broadcast_send)
    chameleon_create                         0x08005ba1   Thumb Code    34  chameleon.o(i.chameleon_create)
    chameleon_hdrsize                        0x08005bc9   Thumb Code    14  chameleon.o(i.chameleon_hdrsize)
    chameleon_init                           0x08005bdd   Thumb Code     8  chameleon.o(i.chameleon_init)
    chameleon_parse                          0x08005be5   Thumb Code    28  chameleon.o(i.chameleon_parse)
    channel_close                            0x08005c11   Thumb Code    16  channel.o(i.channel_close)
    channel_init                             0x08005c25   Thumb Code    12  channel.o(i.channel_init)
    channel_lookup                           0x08005c35   Thumb Code    42  channel.o(i.channel_lookup)
    channel_open                             0x08005c65   Thumb Code    20  channel.o(i.channel_open)
    channel_set_attributes                   0x08005c7d   Thumb Code    30  channel.o(i.channel_set_attributes)
    clock_init                               0x08005c9b   Thumb Code    40  clock.o(i.clock_init)
    clock_time                               0x08005cc5   Thumb Code     6  clock.o(i.clock_time)
    ctimer_set                               0x08005d09   Thumb Code    70  ctimer.o(i.ctimer_set)
    etimer_expired                           0x08005e81   Thumb Code    16  etimer_1.o(i.etimer_expired)
    etimer_pending                           0x08005e91   Thumb Code    16  etimer_1.o(i.etimer_pending)
    etimer_request_poll                      0x08005ea5   Thumb Code    10  etimer_1.o(i.etimer_request_poll)
    etimer_set                               0x08005eb5   Thumb Code    22  etimer_1.o(i.etimer_set)
    fputc                                    0x08005f6d   Thumb Code    20  usart.o(i.fputc)
    framer_canonical_create_and_secure       0x08005f89   Thumb Code    36  framer.o(i.framer_canonical_create_and_secure)
    get_bits                                 0x08005fb5   Thumb Code   140  chameleon-bitopt.o(i.get_bits)
    get_bits_in_byte                         0x08006041   Thumb Code    34  chameleon-bitopt.o(i.get_bits_in_byte)
    linkaddr_cmp                             0x08006119   Thumb Code    28  linkaddr.o(i.linkaddr_cmp)
    linkaddr_copy                            0x08006135   Thumb Code     6  linkaddr.o(i.linkaddr_copy)
    list_add                                 0x0800613b   Thumb Code    38  list.o(i.list_add)
    list_head                                0x08006161   Thumb Code     6  list.o(i.list_head)
    list_init                                0x08006167   Thumb Code     6  list.o(i.list_init)
    list_item_next                           0x0800616d   Thumb Code    12  list.o(i.list_item_next)
    list_remove                              0x08006179   Thumb Code    56  list.o(i.list_remove)
    list_tail                                0x080061b1   Thumb Code    26  list.o(i.list_tail)
    mac_call_sent_callback                   0x080061cb   Thumb Code    48  mac.o(i.mac_call_sent_callback)
    main                                     0x080061fd   Thumb Code    60  usermain.o(i.main)
    memb_init                                0x080062c5   Thumb Code    28  memb.o(i.memb_init)
    memb_inmemb                              0x080062e1   Thumb Code    30  memb.o(i.memb_inmemb)
    packetbuf_addr                           0x080064e5   Thumb Code    14  packetbuf.o(i.packetbuf_addr)
    packetbuf_attr                           0x080064f9   Thumb Code    10  packetbuf.o(i.packetbuf_attr)
    packetbuf_attr_clear                     0x08006509   Thumb Code    44  packetbuf.o(i.packetbuf_attr_clear)
    packetbuf_attr_copyfrom                  0x08006541   Thumb Code    28  packetbuf.o(i.packetbuf_attr_copyfrom)
    packetbuf_clear                          0x08006565   Thumb Code    34  packetbuf.o(i.packetbuf_clear)
    packetbuf_compact                        0x0800659d   Thumb Code    54  packetbuf.o(i.packetbuf_compact)
    packetbuf_copyfrom                       0x080065dd   Thumb Code    42  packetbuf.o(i.packetbuf_copyfrom)
    packetbuf_datalen                        0x08006611   Thumb Code     6  packetbuf.o(i.packetbuf_datalen)
    packetbuf_dataptr                        0x0800661d   Thumb Code    14  packetbuf.o(i.packetbuf_dataptr)
    packetbuf_hdralloc                       0x08006635   Thumb Code    40  packetbuf.o(i.packetbuf_hdralloc)
    packetbuf_hdrlen                         0x08006661   Thumb Code    24  packetbuf.o(i.packetbuf_hdrlen)
    packetbuf_hdrptr                         0x08006681   Thumb Code    12  packetbuf.o(i.packetbuf_hdrptr)
    packetbuf_hdrreduce                      0x08006695   Thumb Code    38  packetbuf.o(i.packetbuf_hdrreduce)
    packetbuf_holds_broadcast                0x080066c5   Thumb Code    12  packetbuf.o(i.packetbuf_holds_broadcast)
    packetbuf_set_addr                       0x080066d9   Thumb Code    26  packetbuf.o(i.packetbuf_set_addr)
    packetbuf_set_attr                       0x080066f9   Thumb Code    12  packetbuf.o(i.packetbuf_set_attr)
    packetbuf_set_datalen                    0x08006709   Thumb Code     6  packetbuf.o(i.packetbuf_set_datalen)
    packetbuf_totlen                         0x08006715   Thumb Code    18  packetbuf.o(i.packetbuf_totlen)
    process_init                             0x0800675d   Thumb Code    26  process_1.o(i.process_init)
    process_is_running                       0x0800678d   Thumb Code    16  process_1.o(i.process_is_running)
    process_poll                             0x0800679d   Thumb Code    26  process_1.o(i.process_poll)
    process_post                             0x080067bd   Thumb Code    98  process_1.o(i.process_post)
    process_post_synch                       0x08006831   Thumb Code    28  process_1.o(i.process_post_synch)
    process_run                              0x08006851   Thumb Code    30  process_1.o(i.process_run)
    process_start                            0x08006879   Thumb Code    60  process_1.o(i.process_start)
    queuebuf_init                            0x08006b35   Thumb Code    16  queuebuf.o(i.queuebuf_init)
    queuebuf_to_packetbuf                    0x08006b55   Thumb Code    50  queuebuf.o(i.queuebuf_to_packetbuf)
    random_rand                              0x08006b93   Thumb Code    10  random.o(i.random_rand)
    rime_output                              0x08006bcd   Thumb Code    36  rime.o(i.rime_output)
    set_bits                                 0x08006da9   Thumb Code   166  chameleon-bitopt.o(i.set_bits)
    set_bits_in_byte                         0x08006e4f   Thumb Code    34  chameleon-bitopt.o(i.set_bits_in_byte)
    timer_expired                            0x08006ebb   Thumb Code    28  timer_1.o(i.timer_expired)
    timer_set                                0x08006ed7   Thumb Code    16  timer_1.o(i.timer_set)
    AHBPrescTable                            0x08007004   Data          16  system_stm32l0xx.o(.constdata)
    APBPrescTable                            0x08007014   Data           8  system_stm32l0xx.o(.constdata)
    PLLMulTable                              0x0800701c   Data           9  system_stm32l0xx.o(.constdata)
    chameleon_bitopt                         0x08007048   Data          12  chameleon-bitopt.o(.constdata)
    rime_driver                              0x08007054   Data          12  rime.o(.constdata)
    linkaddr_null                            0x08007060   Data           2  linkaddr.o(.constdata)
    nullsec_driver                           0x08007064   Data          24  nullsec.o(.constdata)
    framer_nullmac                           0x0800707c   Data          16  framer-nullmac.o(.constdata)
    nullmac_driver                           0x0800708c   Data          28  nullmac.o(.constdata)
    nullrdc_driver                           0x080070a8   Data          32  nullrdc.o(.constdata)
    nullradio_driver                         0x080070c8   Data          56  nullradio.o(.constdata)
    autostart_processes                      0x08007114   Data          12  usermain.o(.constdata)
    Region$$Table$$Base                      0x08007288   Number         0  anon$$obj.o(Region$$Table)
    Region$$Table$$Limit                     0x080072a8   Number         0  anon$$obj.o(Region$$Table)
    SystemCoreClock                          0x20000000   Data           4  system_stm32l0xx.o(.data)
    uwTick                                   0x20000004   Data           4  stm32l0xx_hal.o(.data)
    LedStates                                0x20000008   Data           1  led.o(.data)
    RadioEvents                              0x2000000c   Data           4  sx1276.o(.data)
    Set_air_time                             0x20000010   Data           1  sx1276.o(.data)
    readfifo                                 0x20000011   Data           1  sx1276.o(.data)
    TimerOverTime                            0x20000020   Data           4  clock.o(.data)
    linkaddr_node_addr                       0x20000044   Data           2  linkaddr.o(.data)
    packetbuf_addrs                          0x20000048   Data           8  packetbuf.o(.data)
    ctimer_process                           0x20000094   Data          16  ctimer.o(.data)
    etimer_process                           0x200000ac   Data          16  etimer_1.o(.data)
    process_list                             0x200000bc   Data           4  process_1.o(.data)
    process_current                          0x200000c0   Data           4  process_1.o(.data)
    example_abc_process                      0x200000dc   Data          16  usermain.o(.data)
    __stdout                                 0x200000f0   Data           4  stdout.o(.data)
    huart1                                   0x200000f4   Data         112  usart.o(.bss)
    huart2                                   0x20000164   Data         112  usart.o(.bss)
    huart5                                   0x200001d4   Data         112  usart.o(.bss)
    usart_rs485                              0x20000244   Data          44  usart.o(.bss)
    UART_RX_DATA1                            0x20000270   Data         528  usart.o(.bss)
    UART_RX_DATA2                            0x20000480   Data         528  usart.o(.bss)
    rx_rs485_buff                            0x20000690   Data         100  usart.o(.bss)
    tx_rs485_buff                            0x200006f4   Data         100  usart.o(.bss)
    hspi1                                    0x20000758   Data          88  spi.o(.bss)
    hdma_spi1_tx                             0x200007b0   Data          64  spi.o(.bss)
    hdma_spi1_rx                             0x200007f0   Data          64  spi.o(.bss)
    RtcHandle                                0x20000830   Data          36  rtc-board.o(.bss)
    hadc                                     0x20000854   Data          96  adc.o(.bss)
    SX1276                                   0x200009b4   Data          96  sx1276.o(.bss)
    TxTimeoutTimer                           0x20000a14   Data          20  sx1276.o(.bss)
    RxTimeoutTimer                           0x20000a28   Data          20  sx1276.o(.bss)
    RxTimeoutSyncWord                        0x20000a3c   Data          20  sx1276.o(.bss)
    packetbuf_attrs                          0x20000abc   Data          52  packetbuf.o(.bss)
    htim2                                    0x20001330   Data          56  rtimer-arch.o(.bss)
    __initial_sp                             0x20001790   Data           0  startup_stm32l073xx.o(STACK)



==============================================================================

Memory Map of the image

  Image Entry point : 0x080000c1

  Load Region LR_IROM1 (Base: 0x08000000, Size: 0x0000739c, Max: 0x00020000, ABSOLUTE)

    Execution Region ER_IROM1 (Exec base: 0x08000000, Load base: 0x08000000, Size: 0x000072a8, Max: 0x00020000, ABSOLUTE)

    Exec Addr    Load Addr    Size         Type   Attr      Idx    E Section Name        Object

    0x08000000   0x08000000   0x000000c0   Data   RO            3    RESET               startup_stm32l073xx.o
    0x080000c0   0x080000c0   0x00000000   Code   RO        10516  * .ARM.Collect$$$$00000000  mc_p.l(entry.o)
    0x080000c0   0x080000c0   0x00000004   Code   RO        10839    .ARM.Collect$$$$00000001  mc_p.l(entry2.o)
    0x080000c4   0x080000c4   0x00000004   Code   RO        10842    .ARM.Collect$$$$00000004  mc_p.l(entry5.o)
    0x080000c8   0x080000c8   0x00000000   Code   RO        10844    .ARM.Collect$$$$00000008  mc_p.l(entry7b.o)
    0x080000c8   0x080000c8   0x00000000   Code   RO        10846    .ARM.Collect$$$$0000000A  mc_p.l(entry8b.o)
    0x080000c8   0x080000c8   0x00000008   Code   RO        10847    .ARM.Collect$$$$0000000B  mc_p.l(entry9a.o)
    0x080000d0   0x080000d0   0x00000000   Code   RO        10849    .ARM.Collect$$$$0000000D  mc_p.l(entry10a.o)
    0x080000d0   0x080000d0   0x00000000   Code   RO        10851    .ARM.Collect$$$$0000000F  mc_p.l(entry11a.o)
    0x080000d0   0x080000d0   0x00000004   Code   RO        10840    .ARM.Collect$$$$00002712  mc_p.l(entry2.o)
    0x080000d4   0x080000d4   0x0000001c   Code   RO            4    .text               startup_stm32l073xx.o
    0x080000f0   0x080000f0   0x0000002c   Code   RO        10519    .text               mc_p.l(uidiv.o)
    0x0800011c   0x0800011c   0x00000028   Code   RO        10521    .text               mc_p.l(idiv.o)
    0x08000144   0x08000144   0x00000060   Code   RO        10523    .text               mc_p.l(uldiv.o)
    0x080001a4   0x080001a4   0x00000024   Code   RO        10525    .text               mc_p.l(rand.o)
    0x080001c8   0x080001c8   0x00000040   Code   RO        10530    .text               mc_p.l(memmovea.o)
    0x08000208   0x08000208   0x00000024   Code   RO        10532    .text               mc_p.l(memseta.o)
    0x0800022c   0x0800022c   0x0000001a   Code   RO        10538    .text               mc_p.l(memcmp.o)
    0x08000246   0x08000246   0x00000002   PAD
    0x08000248   0x08000248   0x00000164   Code   RO        10815    .text               mf_p.l(dadd.o)
    0x080003ac   0x080003ac   0x000000d0   Code   RO        10817    .text               mf_p.l(dmul.o)
    0x0800047c   0x0800047c   0x000000f0   Code   RO        10819    .text               mf_p.l(ddiv.o)
    0x0800056c   0x0800056c   0x00000028   Code   RO        10823    .text               mf_p.l(dflti.o)
    0x08000594   0x08000594   0x00000048   Code   RO        10831    .text               mf_p.l(dfixi.o)
    0x080005dc   0x080005dc   0x00000028   Code   RO        10837    .text               mf_p.l(cdrcmple.o)
    0x08000604   0x08000604   0x00000020   Code   RO        10854    .text               mc_p.l(llshl.o)
    0x08000624   0x08000624   0x00000022   Code   RO        10856    .text               mc_p.l(llushr.o)
    0x08000646   0x08000646   0x00000026   Code   RO        10858    .text               mc_p.l(llsshr.o)
    0x0800066c   0x0800066c   0x00000000   Code   RO        10860    .text               mc_p.l(iusefp.o)
    0x0800066c   0x0800066c   0x000000be   Code   RO        10863    .text               mf_p.l(depilogue.o)
    0x0800072a   0x0800072a   0x00000002   PAD
    0x0800072c   0x0800072c   0x00000040   Code   RO        10869    .text               mf_p.l(dfixul.o)
    0x0800076c   0x0800076c   0x00000024   Code   RO        10873    .text               mc_p.l(init.o)
    0x08000790   0x08000790   0x000000c4   Code   RO         4954    i.BoardInitMcu      board.o
    0x08000854   0x08000854   0x0000000a   Code   RO         4620    i.EXTI0_1_IRQHandler  gpio-board.o
    0x0800085e   0x0800085e   0x0000000a   Code   RO         4621    i.EXTI2_3_IRQHandler  gpio-board.o
    0x08000868   0x08000868   0x0000005c   Code   RO         4622    i.EXTI4_15_IRQHandler  gpio-board.o
    0x080008c4   0x080008c4   0x00000038   Code   RO        10398    i.Error_Handler     usermain.o
    0x080008fc   0x080008fc   0x000000c8   Code   RO         5283    i.FIFO_UartIRQ      fifo_uart.o
    0x080009c4   0x080009c4   0x00000014   Code   RO         5022    i.GpioWrite         gpio.o
    0x080009d8   0x080009d8   0x00000234   Code   RO          412    i.HAL_ADC_Init      stm32l0xx_hal_adc.o
    0x08000c0c   0x08000c0c   0x0000003c   Code   RO         4660    i.HAL_ADC_MspInit   adc.o
    0x08000c48   0x08000c48   0x000000b4   Code   RO          832    i.HAL_DMA_Abort_IT  stm32l0xx_hal_dma.o
    0x08000cfc   0x08000cfc   0x0000005c   Code   RO         4623    i.HAL_GPIO_EXTI_Callback  gpio-board.o
    0x08000d58   0x08000d58   0x00000020   Code   RO         1231    i.HAL_GPIO_EXTI_IRQHandler  stm32l0xx_hal_gpio.o
    0x08000d78   0x08000d78   0x000001f8   Code   RO         1232    i.HAL_GPIO_Init     stm32l0xx_hal_gpio.o
    0x08000f70   0x08000f70   0x0000000c   Code   RO         1236    i.HAL_GPIO_WritePin  stm32l0xx_hal_gpio.o
    0x08000f7c   0x08000f7c   0x0000000c   Code   RO          237    i.HAL_GetTick       stm32l0xx_hal.o
    0x08000f88   0x08000f88   0x00000010   Code   RO          238    i.HAL_IncTick       stm32l0xx_hal.o
    0x08000f98   0x08000f98   0x00000020   Code   RO          239    i.HAL_Init          stm32l0xx_hal.o
    0x08000fb8   0x08000fb8   0x00000028   Code   RO          240    i.HAL_InitTick      stm32l0xx_hal.o
    0x08000fe0   0x08000fe0   0x00000040   Code   RO         1792    i.HAL_MspInit       stm32l0xx_hal_msp_template.o
    0x08001020   0x08001020   0x00000018   Code   RO          635    i.HAL_NVIC_EnableIRQ  stm32l0xx_hal_cortex.o
    0x08001038   0x08001038   0x00000012   Code   RO          639    i.HAL_NVIC_SetPriority  stm32l0xx_hal_cortex.o
    0x0800104a   0x0800104a   0x00000002   PAD
    0x0800104c   0x0800104c   0x0000038c   Code   RO         2113    i.HAL_RCCEx_GetPeriphCLKFreq  stm32l0xx_hal_rcc_ex.o
    0x080013d8   0x080013d8   0x000002ac   Code   RO         2116    i.HAL_RCCEx_PeriphCLKConfig  stm32l0xx_hal_rcc_ex.o
    0x08001684   0x08001684   0x000001f8   Code   RO         2002    i.HAL_RCC_ClockConfig  stm32l0xx_hal_rcc.o
    0x0800187c   0x0800187c   0x0000000c   Code   RO         2006    i.HAL_RCC_GetHCLKFreq  stm32l0xx_hal_rcc.o
    0x08001888   0x08001888   0x00000024   Code   RO         2008    i.HAL_RCC_GetPCLK1Freq  stm32l0xx_hal_rcc.o
    0x080018ac   0x080018ac   0x00000024   Code   RO         2009    i.HAL_RCC_GetPCLK2Freq  stm32l0xx_hal_rcc.o
    0x080018d0   0x080018d0   0x000000e4   Code   RO         2010    i.HAL_RCC_GetSysClockFreq  stm32l0xx_hal_rcc.o
    0x080019b4   0x080019b4   0x000006d4   Code   RO         2013    i.HAL_RCC_OscConfig  stm32l0xx_hal_rcc.o
    0x08002088   0x08002088   0x00000002   Code   RO         2360    i.HAL_RTCEx_AlarmBEventCallback  stm32l0xx_hal_rtc_ex.o
    0x0800208a   0x0800208a   0x00000012   Code   RO         2361    i.HAL_RTCEx_BKUPRead  stm32l0xx_hal_rtc_ex.o
    0x0800209c   0x0800209c   0x00000012   Code   RO         2362    i.HAL_RTCEx_BKUPWrite  stm32l0xx_hal_rtc_ex.o
    0x080020ae   0x080020ae   0x00000002   PAD
    0x080020b0   0x080020b0   0x00000014   Code   RO        10314    i.HAL_RTC_AlarmAEventCallback  stm32l0xx_it.o
    0x080020c4   0x080020c4   0x00000088   Code   RO         2227    i.HAL_RTC_AlarmIRQHandler  stm32l0xx_hal_rtc.o
    0x0800214c   0x0800214c   0x00000112   Code   RO         2229    i.HAL_RTC_DeactivateAlarm  stm32l0xx_hal_rtc.o
    0x0800225e   0x0800225e   0x00000002   PAD
    0x08002260   0x08002260   0x000000dc   Code   RO         2234    i.HAL_RTC_Init      stm32l0xx_hal_rtc.o
    0x0800233c   0x0800233c   0x00000020   Code   RO         4448    i.HAL_RTC_MspInit   rtc-board.o
    0x0800235c   0x0800235c   0x00000130   Code   RO         2240    i.HAL_RTC_SetDate   stm32l0xx_hal_rtc.o
    0x0800248c   0x0800248c   0x00000154   Code   RO         2241    i.HAL_RTC_SetTime   stm32l0xx_hal_rtc.o
    0x080025e0   0x080025e0   0x0000003c   Code   RO         2242    i.HAL_RTC_WaitForSynchro  stm32l0xx_hal_rtc.o
    0x0800261c   0x0800261c   0x0000008e   Code   RO         2592    i.HAL_SPI_Init      stm32l0xx_hal_spi.o
    0x080026aa   0x080026aa   0x00000002   PAD
    0x080026ac   0x080026ac   0x00000060   Code   RO         4388    i.HAL_SPI_MspInit   spi.o
    0x0800270c   0x0800270c   0x00000260   Code   RO         2595    i.HAL_SPI_Receive   stm32l0xx_hal_spi.o
    0x0800296c   0x0800296c   0x000001da   Code   RO         2600    i.HAL_SPI_Transmit  stm32l0xx_hal_spi.o
    0x08002b46   0x08002b46   0x0000037e   Code   RO         2601    i.HAL_SPI_TransmitReceive  stm32l0xx_hal_spi.o
    0x08002ec4   0x08002ec4   0x00000024   Code   RO          641    i.HAL_SYSTICK_CLKSourceConfig  stm32l0xx_hal_cortex.o
    0x08002ee8   0x08002ee8   0x00000002   Code   RO          642    i.HAL_SYSTICK_Callback  stm32l0xx_hal_cortex.o
    0x08002eea   0x08002eea   0x00000002   PAD
    0x08002eec   0x08002eec   0x00000038   Code   RO          643    i.HAL_SYSTICK_Config  stm32l0xx_hal_cortex.o
    0x08002f24   0x08002f24   0x00000008   Code   RO          644    i.HAL_SYSTICK_IRQHandler  stm32l0xx_hal_cortex.o
    0x08002f2c   0x08002f2c   0x00000002   Code   RO         2850    i.HAL_TIM_IC_CaptureCallback  stm32l0xx_hal_tim.o
    0x08002f2e   0x08002f2e   0x0000017c   Code   RO         2863    i.HAL_TIM_IRQHandler  stm32l0xx_hal_tim.o
    0x080030aa   0x080030aa   0x00000002   Code   RO         2866    i.HAL_TIM_OC_DelayElapsedCallback  stm32l0xx_hal_tim.o
    0x080030ac   0x080030ac   0x00000002   Code   RO         2893    i.HAL_TIM_PWM_PulseFinishedCallback  stm32l0xx_hal_tim.o
    0x080030ae   0x080030ae   0x00000002   Code   RO         2900    i.HAL_TIM_PeriodElapsedCallback  stm32l0xx_hal_tim.o
    0x080030b0   0x080030b0   0x00000002   Code   RO         2904    i.HAL_TIM_TriggerCallback  stm32l0xx_hal_tim.o
    0x080030b2   0x080030b2   0x00000002   Code   RO         3836    i.HAL_UARTEx_WakeupCallback  stm32l0xx_hal_uart_ex.o
    0x080030b4   0x080030b4   0x00000002   Code   RO         3502    i.HAL_UART_ErrorCallback  stm32l0xx_hal_uart.o
    0x080030b6   0x080030b6   0x00000014   Code   RO         3504    i.HAL_UART_GetState  stm32l0xx_hal_uart.o
    0x080030ca   0x080030ca   0x00000002   PAD
    0x080030cc   0x080030cc   0x000001c0   Code   RO         3505    i.HAL_UART_IRQHandler  stm32l0xx_hal_uart.o
    0x0800328c   0x0800328c   0x00000082   Code   RO         3506    i.HAL_UART_Init     stm32l0xx_hal_uart.o
    0x0800330e   0x0800330e   0x00000002   PAD
    0x08003310   0x08003310   0x000000f8   Code   RO         4203    i.HAL_UART_MspInit  usart.o
    0x08003408   0x08003408   0x000000ec   Code   RO         3511    i.HAL_UART_Receive_IT  stm32l0xx_hal_uart.o
    0x080034f4   0x080034f4   0x00000010   Code   RO         4204    i.HAL_UART_RxCpltCallback  usart.o
    0x08003504   0x08003504   0x000000f0   Code   RO         3514    i.HAL_UART_Transmit  stm32l0xx_hal_uart.o
    0x080035f4   0x080035f4   0x00000002   Code   RO         3517    i.HAL_UART_TxCpltCallback  stm32l0xx_hal_uart.o
    0x080035f6   0x080035f6   0x00000002   PAD
    0x080035f8   0x080035f8   0x00000018   Code   RO        10315    i.HardFault_Handler  stm32l0xx_it.o
    0x08003610   0x08003610   0x0000004c   Code   RO         4755    i.LedInit           led.o
    0x0800365c   0x0800365c   0x00000014   Code   RO         4756    i.LedOff            led.o
    0x08003670   0x08003670   0x00000012   Code   RO         5023    i.LoRaPowerOff      gpio.o
    0x08003682   0x08003682   0x00000010   Code   RO         5024    i.LoRaPowerOn       gpio.o
    0x08003692   0x08003692   0x00000002   PAD
    0x08003694   0x08003694   0x00000044   Code   RO         5025    i.LoRaPower_Init    gpio.o
    0x080036d8   0x080036d8   0x00000060   Code   RO         4661    i.MX_ADC_Init       adc.o
    0x08003738   0x08003738   0x00000060   Code   RO         4206    i.MX_USART1_UART_Init  usart.o
    0x08003798   0x08003798   0x00000060   Code   RO         4207    i.MX_USART2_UART_Init  usart.o
    0x080037f8   0x080037f8   0x00000002   Code   RO        10316    i.NMI_Handler       stm32l0xx_it.o
    0x080037fa   0x080037fa   0x00000002   PAD
    0x080037fc   0x080037fc   0x00000078   Code   RO          645    i.NVIC_SetPriority  stm32l0xx_hal_cortex.o
    0x08003874   0x08003874   0x00000002   Code   RO        10317    i.PendSV_Handler    stm32l0xx_it.o
    0x08003876   0x08003876   0x00000002   PAD
    0x08003878   0x08003878   0x00000098   Code   RO         2014    i.RCC_SetFlashLatencyFromMSIRange  stm32l0xx_hal_rcc.o
    0x08003910   0x08003910   0x0000001a   Code   RO         2243    i.RTC_Bcd2ToByte    stm32l0xx_hal_rtc.o
    0x0800392a   0x0800392a   0x0000001a   Code   RO         2244    i.RTC_ByteToBcd2    stm32l0xx_hal_rtc.o
    0x08003944   0x08003944   0x00000042   Code   RO         2245    i.RTC_EnterInitMode  stm32l0xx_hal_rtc.o
    0x08003986   0x08003986   0x00000002   PAD
    0x08003988   0x08003988   0x00000018   Code   RO        10318    i.RTC_IRQHandler    stm32l0xx_it.o
    0x080039a0   0x080039a0   0x000000b0   Code   RO         4449    i.RtcInit           rtc-board.o
    0x08003a50   0x08003a50   0x00000064   Code   RO         4389    i.SPI1_Init         spi.o
    0x08003ab4   0x08003ab4   0x00000068   Code   RO         4390    i.SPI1_NSS          spi.o
    0x08003b1c   0x08003b1c   0x0000003c   Code   RO         4392    i.SPI1_Write        spi.o
    0x08003b58   0x08003b58   0x00000118   Code   RO         2622    i.SPI_WaitOnFlagUntilTimeout  stm32l0xx_hal_spi.o
    0x08003c70   0x08003c70   0x00000002   Code   RO        10319    i.SVC_Handler       stm32l0xx_it.o
    0x08003c72   0x08003c72   0x00000002   PAD
    0x08003c74   0x08003c74   0x00000078   Code   RO         5026    i.SX1276EXTI_Init   gpio.o
    0x08003cec   0x08003cec   0x0000004c   Code   RO         5027    i.SX1276GPIO_Init   gpio.o
    0x08003d38   0x08003d38   0x0000000c   Code   RO         4554    i.SX1276IoInit      sx1276-board.o
    0x08003d44   0x08003d44   0x000003bc   Code   RO         5578    i.SX1276OnDio0Irq   sx1276.o
    0x08004100   0x08004100   0x0000016c   Code   RO         5579    i.SX1276OnDio1Irq   sx1276.o
    0x0800426c   0x0800426c   0x00000144   Code   RO         5580    i.SX1276OnDio2Irq   sx1276.o
    0x080043b0   0x080043b0   0x00000014   Code   RO         5586    i.SX1276Read        sx1276.o
    0x080043c4   0x080043c4   0x0000003c   Code   RO         5587    i.SX1276ReadBuffer  sx1276.o
    0x08004400   0x08004400   0x00000012   Code   RO         5588    i.SX1276ReadFifo    sx1276.o
    0x08004412   0x08004412   0x00000010   Code   RO         5604    i.SX1276Write       sx1276.o
    0x08004422   0x08004422   0x00000002   PAD
    0x08004424   0x08004424   0x00000040   Code   RO         5605    i.SX1276WriteBuffer  sx1276.o
    0x08004464   0x08004464   0x00000012   Code   RO         5606    i.SX1276WriteFifo   sx1276.o
    0x08004476   0x08004476   0x00000002   PAD
    0x08004478   0x08004478   0x0000000c   Code   RO         4763    i.SetLedStates      led.o
    0x08004484   0x08004484   0x00000050   Code   RO         4843    i.SpiFlashCsInit    user_spi_flash.o
    0x080044d4   0x080044d4   0x00000014   Code   RO         4844    i.SpiFlashInit      user_spi_flash.o
    0x080044e8   0x080044e8   0x00000024   Code   RO         4846    i.SpiFlashPowerDown  user_spi_flash.o
    0x0800450c   0x0800450c   0x000000b0   Code   RO         4848    i.SpiFlashReadDeviceID  user_spi_flash.o
    0x080045bc   0x080045bc   0x0000002c   Code   RO         4850    i.SpiFlashSendByte  user_spi_flash.o
    0x080045e8   0x080045e8   0x00000024   Code   RO         4853    i.SpiFlashWAKEUP    user_spi_flash.o
    0x0800460c   0x0800460c   0x0000005c   Code   RO         5969    i.SysTick_Handler   clock.o
    0x08004668   0x08004668   0x00000090   Code   RO         4956    i.SystemClockConfig  board.o
    0x080046f8   0x080046f8   0x00000068   Code   RO           13    i.SystemInit        system_stm32l0xx.o
    0x08004760   0x08004760   0x00000010   Code   RO        10320    i.TIM2_IRQHandler   stm32l0xx_it.o
    0x08004770   0x08004770   0x000000f0   Code   RO         3519    i.UART_AdvFeatureConfig  stm32l0xx_hal_uart.o
    0x08004860   0x08004860   0x00000074   Code   RO         3520    i.UART_CheckIdleState  stm32l0xx_hal_uart.o
    0x080048d4   0x080048d4   0x00000018   Code   RO         3521    i.UART_DMAAbortOnError  stm32l0xx_hal_uart.o
    0x080048ec   0x080048ec   0x00000022   Code   RO         3531    i.UART_EndRxTransfer  stm32l0xx_hal_uart.o
    0x0800490e   0x0800490e   0x00000020   Code   RO         3532    i.UART_EndTransmit_IT  stm32l0xx_hal_uart.o
    0x0800492e   0x0800492e   0x00000090   Code   RO         3534    i.UART_Receive_IT   stm32l0xx_hal_uart.o
    0x080049be   0x080049be   0x00000002   PAD
    0x080049c0   0x080049c0   0x000003f0   Code   RO         3535    i.UART_SetConfig    stm32l0xx_hal_uart.o
    0x08004db0   0x08004db0   0x00000072   Code   RO         3536    i.UART_Transmit_IT  stm32l0xx_hal_uart.o
    0x08004e22   0x08004e22   0x00000070   Code   RO         3537    i.UART_WaitOnFlagUntilTimeout  stm32l0xx_hal_uart.o
    0x08004e92   0x08004e92   0x00000002   PAD
    0x08004e94   0x08004e94   0x00000058   Code   RO        10321    i.USART1_IRQHandler  stm32l0xx_it.o
    0x08004eec   0x08004eec   0x00000058   Code   RO        10322    i.USART2_IRQHandler  stm32l0xx_it.o
    0x08004f44   0x08004f44   0x00000010   Code   RO        10323    i.USART4_5_IRQHandler  stm32l0xx_it.o
    0x08004f54   0x08004f54   0x0000001c   Code   RO         5293    i.UartReadByte      fifo_uart.o
    0x08004f70   0x08004f70   0x0000001c   Code   RO         5295    i.UartSendByte      fifo_uart.o
    0x08004f8c   0x08004f8c   0x00000020   Code   RO        10777    i.__0printf         mc_p.l(printfa.o)
    0x08004fac   0x08004fac   0x0000002e   Code   RO        10865    i.__ARM_clz         mf_p.l(depilogue.o)
    0x08004fda   0x08004fda   0x00000030   Code   RO         3822    i.__ARM_common_ll_muluu  stm32l0xx_hal_uart.o
    0x0800500a   0x0800500a   0x0000000e   Code   RO        10877    i.__scatterload_copy  mc_p.l(handlers.o)
    0x08005018   0x08005018   0x00000002   Code   RO        10878    i.__scatterload_null  mc_p.l(handlers.o)
    0x0800501a   0x0800501a   0x0000000e   Code   RO        10879    i.__scatterload_zeroinit  mc_p.l(handlers.o)
    0x08005028   0x08005028   0x00000174   Code   RO        10784    i._fp_digits        mc_p.l(printfa.o)
    0x0800519c   0x0800519c   0x000006ec   Code   RO        10785    i._printf_core      mc_p.l(printfa.o)
    0x08005888   0x08005888   0x00000020   Code   RO        10786    i._printf_post_padding  mc_p.l(printfa.o)
    0x080058a8   0x080058a8   0x0000002c   Code   RO        10787    i._printf_pre_padding  mc_p.l(printfa.o)
    0x080058d4   0x080058d4   0x0000000c   Code   RO         6065    i.abc_close         abc.o
    0x080058e0   0x080058e0   0x00000018   Code   RO         6066    i.abc_input         abc.o
    0x080058f8   0x080058f8   0x00000020   Code   RO         6067    i.abc_open          abc.o
    0x08005918   0x08005918   0x00000030   Code   RO        10399    i.abc_recv          usermain.o
    0x08005948   0x08005948   0x0000000c   Code   RO         6068    i.abc_send          abc.o
    0x08005954   0x08005954   0x00000020   Code   RO         6069    i.abc_sent          abc.o
    0x08005974   0x08005974   0x0000004c   Code   RO         9295    i.add_timer         etimer_1.o
    0x080059c0   0x080059c0   0x00000054   Code   RO         6400    i.adv_packet_received  broadcast-announcement.o
    0x08005a14   0x08005a14   0x00000002   Code   RO         6401    i.adv_packet_sent   broadcast-announcement.o
    0x08005a16   0x08005a16   0x00000002   PAD
    0x08005a18   0x08005a18   0x00000040   Code   RO         6291    i.announcement_heard  announcement.o
    0x08005a58   0x08005a58   0x00000010   Code   RO         6292    i.announcement_init  announcement.o
    0x08005a68   0x08005a68   0x00000010   Code   RO         6293    i.announcement_list  announcement.o
    0x08005a78   0x08005a78   0x0000000c   Code   RO         6297    i.announcement_register_observer_callback  announcement.o
    0x08005a84   0x08005a84   0x00000054   Code   RO         9149    i.autostart_start   autostart_1.o
    0x08005ad8   0x08005ad8   0x00000008   Code   RO         9745    i.bootstrap         nullsec.o
    0x08005ae0   0x08005ae0   0x00000030   Code   RO         6403    i.broadcast_announcement_init  broadcast-announcement.o
    0x08005b10   0x08005b10   0x00000028   Code   RO         6365    i.broadcast_open    broadcast.o
    0x08005b38   0x08005b38   0x00000018   Code   RO         6366    i.broadcast_send    broadcast.o
    0x08005b50   0x08005b50   0x00000050   Code   RO         9389    i.call_process      process_1.o
    0x08005ba0   0x08005ba0   0x00000028   Code   RO         6469    i.chameleon_create  chameleon.o
    0x08005bc8   0x08005bc8   0x00000014   Code   RO         6470    i.chameleon_hdrsize  chameleon.o
    0x08005bdc   0x08005bdc   0x00000008   Code   RO         6471    i.chameleon_init    chameleon.o
    0x08005be4   0x08005be4   0x00000020   Code   RO         6472    i.chameleon_parse   chameleon.o
    0x08005c04   0x08005c04   0x00000004   Code   RO        10011    i.channel_check_interval  nullmac.o
    0x08005c08   0x08005c08   0x00000004   Code   RO        10058    i.channel_check_interval  nullrdc.o
    0x08005c0c   0x08005c0c   0x00000004   Code   RO        10198    i.channel_clear     nullradio.o
    0x08005c10   0x08005c10   0x00000014   Code   RO         6575    i.channel_close     channel.o
    0x08005c24   0x08005c24   0x00000010   Code   RO         6576    i.channel_init      channel.o
    0x08005c34   0x08005c34   0x00000030   Code   RO         6577    i.channel_lookup    channel.o
    0x08005c64   0x08005c64   0x00000018   Code   RO         6578    i.channel_open      channel.o
    0x08005c7c   0x08005c7c   0x0000001e   Code   RO         6579    i.channel_set_attributes  channel.o
    0x08005c9a   0x08005c9a   0x00000028   Code   RO         5971    i.clock_init        clock.o
    0x08005cc2   0x08005cc2   0x00000002   PAD
    0x08005cc4   0x08005cc4   0x0000000c   Code   RO         5973    i.clock_time        clock.o
    0x08005cd0   0x08005cd0   0x00000038   Code   RO         9949    i.create            framer-nullmac.o
    0x08005d08   0x08005d08   0x00000058   Code   RO         9218    i.ctimer_set        ctimer.o
    0x08005d60   0x08005d60   0x000000e8   Code   RO         9390    i.do_event          process_1.o
    0x08005e48   0x08005e48   0x00000038   Code   RO         9391    i.do_poll           process_1.o
    0x08005e80   0x08005e80   0x00000010   Code   RO         9298    i.etimer_expired    etimer_1.o
    0x08005e90   0x08005e90   0x00000014   Code   RO         9300    i.etimer_pending    etimer_1.o
    0x08005ea4   0x08005ea4   0x00000010   Code   RO         9301    i.etimer_request_poll  etimer_1.o
    0x08005eb4   0x08005eb4   0x00000016   Code   RO         9304    i.etimer_set        etimer_1.o
    0x08005eca   0x08005eca   0x00000002   PAD
    0x08005ecc   0x08005ecc   0x000000a0   Code   RO         9392    i.exit_process      process_1.o
    0x08005f6c   0x08005f6c   0x0000001c   Code   RO         4209    i.fputc             usart.o
    0x08005f88   0x08005f88   0x0000002c   Code   RO         9895    i.framer_canonical_create_and_secure  framer.o
    0x08005fb4   0x08005fb4   0x0000008c   Code   RO         6503    i.get_bits          chameleon-bitopt.o
    0x08006040   0x08006040   0x00000028   Code   RO         6504    i.get_bits_in_byte  chameleon-bitopt.o
    0x08006068   0x08006068   0x00000006   Code   RO        10199    i.get_object        nullradio.o
    0x0800606e   0x0800606e   0x00000004   Code   RO         9746    i.get_overhead      nullsec.o
    0x08006072   0x08006072   0x00000006   Code   RO        10200    i.get_value         nullradio.o
    0x08006078   0x08006078   0x00000004   Code   RO         9950    i.hdr_length        framer-nullmac.o
    0x0800607c   0x0800607c   0x00000014   Code   RO         6505    i.header_size       chameleon-bitopt.o
    0x08006090   0x08006090   0x0000002c   Code   RO         7413    i.init              rime.o
    0x080060bc   0x080060bc   0x00000002   Code   RO        10012    i.init              nullmac.o
    0x080060be   0x080060be   0x00000008   Code   RO        10059    i.init              nullrdc.o
    0x080060c6   0x080060c6   0x00000004   Code   RO        10201    i.init              nullradio.o
    0x080060ca   0x080060ca   0x00000002   PAD
    0x080060cc   0x080060cc   0x0000003c   Code   RO         7414    i.input             rime.o
    0x08006108   0x08006108   0x00000010   Code   RO         9747    i.input             nullsec.o
    0x08006118   0x08006118   0x0000001c   Code   RO         8677    i.linkaddr_cmp      linkaddr.o
    0x08006134   0x08006134   0x00000006   Code   RO         8678    i.linkaddr_copy     linkaddr.o
    0x0800613a   0x0800613a   0x00000026   Code   RO         8316    i.list_add          list.o
    0x08006160   0x08006160   0x00000006   Code   RO         8319    i.list_head         list.o
    0x08006166   0x08006166   0x00000006   Code   RO         8320    i.list_init         list.o
    0x0800616c   0x0800616c   0x0000000c   Code   RO         8322    i.list_item_next    list.o
    0x08006178   0x08006178   0x00000038   Code   RO         8326    i.list_remove       list.o
    0x080061b0   0x080061b0   0x0000001a   Code   RO         8327    i.list_tail         list.o
    0x080061ca   0x080061ca   0x00000030   Code   RO         9976    i.mac_call_sent_callback  mac.o
    0x080061fa   0x080061fa   0x00000002   PAD
    0x080061fc   0x080061fc   0x000000c8   Code   RO        10400    i.main              usermain.o
    0x080062c4   0x080062c4   0x0000001c   Code   RO         8437    i.memb_init         memb.o
    0x080062e0   0x080062e0   0x0000001e   Code   RO         8438    i.memb_inmemb       memb.o
    0x080062fe   0x080062fe   0x00000002   PAD
    0x08006300   0x08006300   0x00000020   Code   RO         6405    i.new_announcement  broadcast-announcement.o
    0x08006320   0x08006320   0x00000014   Code   RO        10013    i.off               nullmac.o
    0x08006334   0x08006334   0x0000001c   Code   RO        10060    i.off               nullrdc.o
    0x08006350   0x08006350   0x00000004   Code   RO        10202    i.off               nullradio.o
    0x08006354   0x08006354   0x00000010   Code   RO        10014    i.on                nullmac.o
    0x08006364   0x08006364   0x00000010   Code   RO        10061    i.on                nullrdc.o
    0x08006374   0x08006374   0x00000004   Code   RO        10203    i.on                nullradio.o
    0x08006378   0x08006378   0x00000004   Code   RO         9748    i.on_frame_created  nullsec.o
    0x0800637c   0x0800637c   0x000000ba   Code   RO         6506    i.pack_header       chameleon-bitopt.o
    0x08006436   0x08006436   0x00000002   PAD
    0x08006438   0x08006438   0x00000010   Code   RO        10015    i.packet_input      nullmac.o
    0x08006448   0x08006448   0x00000044   Code   RO        10062    i.packet_input      nullrdc.o
    0x0800648c   0x0800648c   0x00000058   Code   RO         7415    i.packet_sent       rime.o
    0x080064e4   0x080064e4   0x00000014   Code   RO         8836    i.packetbuf_addr    packetbuf.o
    0x080064f8   0x080064f8   0x00000010   Code   RO         8837    i.packetbuf_attr    packetbuf.o
    0x08006508   0x08006508   0x00000038   Code   RO         8838    i.packetbuf_attr_clear  packetbuf.o
    0x08006540   0x08006540   0x00000024   Code   RO         8839    i.packetbuf_attr_copyfrom  packetbuf.o
    0x08006564   0x08006564   0x00000038   Code   RO         8841    i.packetbuf_clear   packetbuf.o
    0x0800659c   0x0800659c   0x00000040   Code   RO         8843    i.packetbuf_compact  packetbuf.o
    0x080065dc   0x080065dc   0x00000034   Code   RO         8844    i.packetbuf_copyfrom  packetbuf.o
    0x08006610   0x08006610   0x0000000c   Code   RO         8847    i.packetbuf_datalen  packetbuf.o
    0x0800661c   0x0800661c   0x00000018   Code   RO         8848    i.packetbuf_dataptr  packetbuf.o
    0x08006634   0x08006634   0x0000002c   Code   RO         8850    i.packetbuf_hdralloc  packetbuf.o
    0x08006660   0x08006660   0x00000020   Code   RO         8851    i.packetbuf_hdrlen  packetbuf.o
    0x08006680   0x08006680   0x00000014   Code   RO         8852    i.packetbuf_hdrptr  packetbuf.o
    0x08006694   0x08006694   0x00000030   Code   RO         8853    i.packetbuf_hdrreduce  packetbuf.o
    0x080066c4   0x080066c4   0x00000014   Code   RO         8854    i.packetbuf_holds_broadcast  packetbuf.o
    0x080066d8   0x080066d8   0x00000020   Code   RO         8855    i.packetbuf_set_addr  packetbuf.o
    0x080066f8   0x080066f8   0x00000010   Code   RO         8856    i.packetbuf_set_attr  packetbuf.o
    0x08006708   0x08006708   0x0000000c   Code   RO         8857    i.packetbuf_set_datalen  packetbuf.o
    0x08006714   0x08006714   0x00000012   Code   RO         8858    i.packetbuf_totlen  packetbuf.o
    0x08006726   0x08006726   0x0000002c   Code   RO         9951    i.parse             framer-nullmac.o
    0x08006752   0x08006752   0x00000004   Code   RO        10204    i.pending_packet    nullradio.o
    0x08006756   0x08006756   0x00000006   Code   RO        10205    i.prepare           nullradio.o
    0x0800675c   0x0800675c   0x00000030   Code   RO         9395    i.process_init      process_1.o
    0x0800678c   0x0800678c   0x00000010   Code   RO         9396    i.process_is_running  process_1.o
    0x0800679c   0x0800679c   0x00000020   Code   RO         9398    i.process_poll      process_1.o
    0x080067bc   0x080067bc   0x00000074   Code   RO         9399    i.process_post      process_1.o
    0x08006830   0x08006830   0x00000020   Code   RO         9400    i.process_post_synch  process_1.o
    0x08006850   0x08006850   0x00000028   Code   RO         9401    i.process_run       process_1.o
    0x08006878   0x08006878   0x00000040   Code   RO         9402    i.process_start     process_1.o
    0x080068b8   0x080068b8   0x000000b4   Code   RO         9220    i.process_thread_ctimer_process  ctimer.o
    0x0800696c   0x0800696c   0x000000e8   Code   RO         9307    i.process_thread_etimer_process  etimer_1.o
    0x08006a54   0x08006a54   0x000000e0   Code   RO        10401    i.process_thread_example_abc_process  usermain.o
    0x08006b34   0x08006b34   0x00000018   Code   RO         8990    i.queuebuf_init     queuebuf.o
    0x08006b4c   0x08006b4c   0x00000006   Code   RO         8991    i.queuebuf_load_to_ram  queuebuf.o
    0x08006b52   0x08006b52   0x00000002   PAD
    0x08006b54   0x08006b54   0x00000038   Code   RO         8994    i.queuebuf_to_packetbuf  queuebuf.o
    0x08006b8c   0x08006b8c   0x00000006   Code   RO        10206    i.radio_read        nullradio.o
    0x08006b92   0x08006b92   0x0000000a   Code   RO         8539    i.random_rand       random.o
    0x08006b9c   0x08006b9c   0x00000004   Code   RO        10207    i.receiving_packet  nullradio.o
    0x08006ba0   0x08006ba0   0x0000002a   Code   RO         6367    i.recv_from_abc     broadcast.o
    0x08006bca   0x08006bca   0x00000002   PAD
    0x08006bcc   0x08006bcc   0x0000002c   Code   RO         7416    i.rime_output       rime.o
    0x08006bf8   0x08006bf8   0x00000020   Code   RO         9749    i.send              nullsec.o
    0x08006c18   0x08006c18   0x00000016   Code   RO        10208    i.send              nullradio.o
    0x08006c2e   0x08006c2e   0x00000002   PAD
    0x08006c30   0x08006c30   0x00000068   Code   RO         6406    i.send_adv          broadcast-announcement.o
    0x08006c98   0x08006c98   0x0000002c   Code   RO        10063    i.send_list         nullrdc.o
    0x08006cc4   0x08006cc4   0x00000078   Code   RO        10064    i.send_one_packet   nullrdc.o
    0x08006d3c   0x08006d3c   0x00000018   Code   RO        10016    i.send_packet       nullmac.o
    0x08006d54   0x08006d54   0x00000010   Code   RO        10065    i.send_packet       nullrdc.o
    0x08006d64   0x08006d64   0x00000024   Code   RO         6407    i.send_timer        broadcast-announcement.o
    0x08006d88   0x08006d88   0x00000020   Code   RO         6368    i.sent_by_abc       broadcast.o
    0x08006da8   0x08006da8   0x000000a6   Code   RO         6507    i.set_bits          chameleon-bitopt.o
    0x08006e4e   0x08006e4e   0x00000022   Code   RO         6508    i.set_bits_in_byte  chameleon-bitopt.o
    0x08006e70   0x08006e70   0x00000006   Code   RO        10209    i.set_object        nullradio.o
    0x08006e76   0x08006e76   0x00000002   PAD
    0x08006e78   0x08006e78   0x0000003c   Code   RO         6408    i.set_timers        broadcast-announcement.o
    0x08006eb4   0x08006eb4   0x00000006   Code   RO        10210    i.set_value         nullradio.o
    0x08006eba   0x08006eba   0x0000001c   Code   RO         9652    i.timer_expired     timer_1.o
    0x08006ed6   0x08006ed6   0x00000010   Code   RO         9656    i.timer_set         timer_1.o
    0x08006ee6   0x08006ee6   0x00000006   Code   RO        10211    i.transmit          nullradio.o
    0x08006eec   0x08006eec   0x000000c8   Code   RO         6509    i.unpack_header     chameleon-bitopt.o
    0x08006fb4   0x08006fb4   0x00000050   Code   RO         9308    i.update_time       etimer_1.o
    0x08007004   0x08007004   0x00000021   Data   RO           14    .constdata          system_stm32l0xx.o
    0x08007025   0x08007025   0x00000002   Data   RO         6070    .constdata          abc.o
    0x08007027   0x08007027   0x00000001   PAD
    0x08007028   0x08007028   0x0000000c   Data   RO         6369    .constdata          broadcast.o
    0x08007034   0x08007034   0x00000008   Data   RO         6410    .constdata          broadcast-announcement.o
    0x0800703c   0x0800703c   0x00000018   Data   RO         6510    .constdata          chameleon-bitopt.o
    0x08007054   0x08007054   0x0000000c   Data   RO         7419    .constdata          rime.o
    0x08007060   0x08007060   0x00000002   Data   RO         8680    .constdata          linkaddr.o
    0x08007062   0x08007062   0x00000002   PAD
    0x08007064   0x08007064   0x00000018   Data   RO         9750    .constdata          nullsec.o
    0x0800707c   0x0800707c   0x00000010   Data   RO         9952    .constdata          framer-nullmac.o
    0x0800708c   0x0800708c   0x0000001c   Data   RO        10017    .constdata          nullmac.o
    0x080070a8   0x080070a8   0x00000020   Data   RO        10066    .constdata          nullrdc.o
    0x080070c8   0x080070c8   0x00000038   Data   RO        10212    .constdata          nullradio.o
    0x08007100   0x08007100   0x00000012   Data   RO        10324    .constdata          stm32l0xx_it.o
    0x08007112   0x08007112   0x00000002   PAD
    0x08007114   0x08007114   0x00000014   Data   RO        10403    .constdata          usermain.o
    0x08007128   0x08007128   0x00000041   Data   RO         4856    .conststring        user_spi_flash.o
    0x08007169   0x08007169   0x00000003   PAD
    0x0800716c   0x0800716c   0x000000d1   Data   RO         5609    .conststring        sx1276.o
    0x0800723d   0x0800723d   0x00000003   PAD
    0x08007240   0x08007240   0x00000005   Data   RO         7420    .conststring        rime.o
    0x08007245   0x08007245   0x00000003   PAD
    0x08007248   0x08007248   0x0000000f   Data   RO         9221    .conststring        ctimer.o
    0x08007257   0x08007257   0x00000001   PAD
    0x08007258   0x08007258   0x0000000c   Data   RO         9309    .conststring        etimer_1.o
    0x08007264   0x08007264   0x00000008   Data   RO         9751    .conststring        nullsec.o
    0x0800726c   0x0800726c   0x00000008   Data   RO        10018    .conststring        nullmac.o
    0x08007274   0x08007274   0x00000008   Data   RO        10067    .conststring        nullrdc.o
    0x0800727c   0x0800727c   0x0000000c   Data   RO        10404    .conststring        usermain.o
    0x08007288   0x08007288   0x00000020   Data   RO        10875    Region$$Table       anon$$obj.o


    Execution Region RW_IRAM1 (Exec base: 0x20000000, Load base: 0x080072a8, Size: 0x00001790, Max: 0x00005000, ABSOLUTE)

    Exec Addr    Load Addr    Size         Type   Attr      Idx    E Section Name        Object

    0x20000000   0x080072a8   0x00000004   Data   RW           15    .data               system_stm32l0xx.o
    0x20000004   0x080072ac   0x00000004   Data   RW          249    .data               stm32l0xx_hal.o
    0x20000008   0x080072b0   0x00000001   Data   RW         4764    .data               led.o
    0x20000009   0x080072b1   0x00000003   PAD
    0x2000000c   0x080072b4   0x00000007   Data   RW         5610    .data               sx1276.o
    0x20000013   0x080072bb   0x00000001   PAD
    0x20000014   0x080072bc   0x00000010   Data   RW         5974    .data               clock.o
    0x20000024   0x080072cc   0x00000010   Data   RW         6301    .data               announcement.o
    0x20000034   0x080072dc   0x00000008   Data   RW         6580    .data               channel.o
    0x2000003c   0x080072e4   0x00000008   Data   RW         7421    .data               rime.o
    0x20000044   0x080072ec   0x00000002   Data   RW         8681    .data               linkaddr.o
    0x20000046   0x080072ee   0x00000002   PAD
    0x20000048   0x080072f0   0x00000018   Data   RW         8860    .data               packetbuf.o
    0x20000060   0x08007308   0x00000028   Data   RW         8998    .data               queuebuf.o
    0x20000088   0x08007330   0x0000001c   Data   RW         9222    .data               ctimer.o
    0x200000a4   0x0800734c   0x00000018   Data   RW         9310    .data               etimer_1.o
    0x200000bc   0x08007364   0x0000001d   Data   RW         9404    .data               process_1.o
    0x200000d9   0x08007381   0x00000003   PAD
    0x200000dc   0x08007384   0x00000010   Data   RW        10405    .data               usermain.o
    0x200000ec   0x08007394   0x00000004   Data   RW        10526    .data               mc_p.l(rand.o)
    0x200000f0   0x08007398   0x00000004   Data   RW        10853    .data               mc_p.l(stdout.o)
    0x200000f4        -       0x00000664   Zero   RW         4210    .bss                usart.o
    0x20000758        -       0x000000d8   Zero   RW         4393    .bss                spi.o
    0x20000830        -       0x00000024   Zero   RW         4452    .bss                rtc-board.o
    0x20000854        -       0x00000060   Zero   RW         4662    .bss                adc.o
    0x200008b4        -       0x0000019c   Zero   RW         5607    .bss                sx1276.o
    0x20000a50        -       0x0000006c   Zero   RW         6409    .bss                broadcast-announcement.o
    0x20000abc        -       0x000000e4   Zero   RW         8859    .bss                packetbuf.o
    0x20000ba0        -       0x00000610   Zero   RW         8997    .bss                queuebuf.o
    0x200011b0        -       0x00000180   Zero   RW         9403    .bss                process_1.o
    0x20001330        -       0x00000038   Zero   RW         9542    .bss                rtimer-arch.o
    0x20001368        -       0x00000024   Zero   RW        10402    .bss                usermain.o
    0x2000138c   0x0800739c   0x00000004   PAD
    0x20001390        -       0x00000400   Zero   RW            1    STACK               startup_stm32l073xx.o


==============================================================================

Image component sizes


      Code (inc. data)   RO Data    RW Data    ZI Data      Debug   Object Name

       112          4          2          0          0      11016   abc.o
       156         16          0          0         96       1435   adc.o
       108         18          0         16          0       2799   announcement.o
        84         42          0          0          0        862   autostart_1.o
       340         28          0          0          0       1585   board.o
       366         38          8          0        108       5342   broadcast-announcement.o
       138         14         12          0          0       2870   broadcast.o
       786          6         24          0          0       6311   chameleon-bitopt.o
       100         16          0          0          0       3085   chameleon.o
       138         18          0          8          0       3248   channel.o
       144         22          0         16          0       7460   clock.o
         0          0          0          0          0       3960   collect.o
       268         32         15         28          0       2254   ctimer.o
       462         34         12         24          0       4978   etimer_1.o
       256          0          0          0          0       2009   fifo_uart.o
       104          4         16          0          0       2129   framer-nullmac.o
        44          8          0          0          0        585   framer.o
       204         42          0          0          0       1817   gpio-board.o
       318         28          0          0          0       3174   gpio.o
       108         18          0          1          0       2249   led.o
        34          0          2          2          0       2130   linkaddr.o
       144          0          0          0          0       3482   list.o
        48          0          0          0          0        677   mac.o
        58          0          0          0          0       1402   memb.o
        82         24         36          0          0       3229   nullmac.o
        88          0         56          0          0       6967   nullradio.o
       304         38         40          0          0       4957   nullrdc.o
        64         12         32          0          0       2789   nullsec.o
       578        144          0         24        228      10054   packetbuf.o
       876        126          0         29        384       9344   process_1.o
        86         14          0         40       1552       2384   queuebuf.o
        10          0          0          0          0        462   random.o
       236         30         17          8          0       4143   rime.o
       208         26          0          0         36       1700   rtc-board.o
         0          0          0          0         56        204   rtimer-arch.o
       360         70          0          0        216       2528   spi.o
        28          8        192          0       1024        700   startup_stm32l073xx.o
       100         18          0          4          0       2707   stm32l0xx_hal.o
       564         10          0          0          0       1223   stm32l0xx_hal_adc.o
       264         30          0          0          0      11807   stm32l0xx_hal_cortex.o
       180          6          0          0          0        983   stm32l0xx_hal_dma.o
       548         38          0          0          0       2595   stm32l0xx_hal_gpio.o
        64          6          0          0          0        474   stm32l0xx_hal_msp_template.o
      2716        116          0          0          0       6364   stm32l0xx_hal_rcc.o
      1592         54          0          0          0       2793   stm32l0xx_hal_rcc_ex.o
      1452         40          0          0          0       6334   stm32l0xx_hal_rtc.o
        38          0          0          0          0       1987   stm32l0xx_hal_rtc_ex.o
      2398          0          0          0          0       5282   stm32l0xx_hal_spi.o
       390          0          0          0          0       3494   stm32l0xx_hal_tim.o
      2950         68          0          0          0      11308   stm32l0xx_hal_uart.o
         2          0          0          0          0        792   stm32l0xx_hal_uart_ex.o
       282         50         18          0          0       4729   stm32l0xx_it.o
        12          0          0          0          0        415   sx1276-board.o
      1840         84        209          7        412       7554   sx1276.o
       104         16         33          4          0     430923   system_stm32l0xx.o
        44          0          0          0          0       1420   timer_1.o
       484         60          0          0       1636      10288   usart.o
       392         88         65          0          0       3651   user_spi_flash.o
       528        292         32         16         36       3414   usermain.o

    ----------------------------------------------------------------------
     24440       1856        868        236       5788     646857   Object Totals
         0          0         32          0          0          0   (incl. Generated)
        56          0         15          9          4          0   (incl. Padding)

    ----------------------------------------------------------------------

      Code (inc. data)   RO Data    RW Data    ZI Data      Debug   Library Member Name

         0          0          0          0          0          0   entry.o
         0          0          0          0          0          0   entry10a.o
         0          0          0          0          0          0   entry11a.o
         8          4          0          0          0          0   entry2.o
         4          0          0          0          0          0   entry5.o
         0          0          0          0          0          0   entry7b.o
         0          0          0          0          0          0   entry8b.o
         8          4          0          0          0          0   entry9a.o
        30          0          0          0          0          0   handlers.o
        40          0          0          0          0         72   idiv.o
        36          8          0          0          0         68   init.o
         0          0          0          0          0          0   iusefp.o
        32          0          0          0          0         68   llshl.o
        38          0          0          0          0         68   llsshr.o
        34          0          0          0          0         68   llushr.o
        26          0          0          0          0         72   memcmp.o
        64          0          0          0          0         68   memmovea.o
        36          0          0          0          0        100   memseta.o
      2252         98          0          0          0        412   printfa.o
        36         12          0          4          0        120   rand.o
         0          0          0          4          0          0   stdout.o
        44          0          0          0          0         72   uidiv.o
        96          0          0          0          0         84   uldiv.o
        40          2          0          0          0         68   cdrcmple.o
       356          4          0          0          0        140   dadd.o
       240          6          0          0          0         84   ddiv.o
       236          0          0          0          0        216   depilogue.o
        72         10          0          0          0         72   dfixi.o
        64         10          0          0          0         68   dfixul.o
        40          6          0          0          0         68   dflti.o
       208          6          0          0          0         88   dmul.o

    ----------------------------------------------------------------------
      4044        170          0          8          0       2076   Library Totals
         4          0          0          0          0          0   (incl. Padding)

    ----------------------------------------------------------------------

      Code (inc. data)   RO Data    RW Data    ZI Data      Debug   Library Name

      2784        126          0          8          0       1272   mc_p.l
      1256         44          0          0          0        804   mf_p.l

    ----------------------------------------------------------------------
      4044        170          0          8          0       2076   Library Totals

    ----------------------------------------------------------------------

==============================================================================


      Code (inc. data)   RO Data    RW Data    ZI Data      Debug   

     28484       2026        868        244       5788     636625   Grand Totals
     28484       2026        868        244       5788     636625   ELF Image Totals
     28484       2026        868        244          0          0   ROM Totals

==============================================================================

    Total RO  Size (Code + RO Data)                29352 (  28.66kB)
    Total RW  Size (RW Data + ZI Data)              6032 (   5.89kB)
    Total ROM Size (Code + RO Data + RW Data)      29596 (  28.90kB)

==============================================================================

